Component: ARM Compiler 5.05 update 1 (build 106) Tool: armlink [4d0efa]

==============================================================================

Section Cross References

    system_stm32f1xx.o(i.SystemCoreClockUpdate) refers to system_stm32f1xx.o(.data) for SystemCoreClock
    stm32f1xx_hal_pwr.o(i.HAL_PWR_EnterSTOPMode) refers to stm32f1xx_hal_pwr.o(i.PWR_OverloadWfe) for PWR_OverloadWfe
    stm32f1xx_hal_pwr.o(i.HAL_PWR_PVD_IRQHandler) refers to stm32f1xx_hal_pwr.o(i.HAL_PWR_PVDCallback) for HAL_PWR_PVDCallback
    stm32f1xx_hal_gpio.o(i.HAL_GPIO_EXTI_IRQHandler) refers to stm32f1xx_hal_gpio.o(i.HAL_GPIO_EXTI_Callback) for HAL_GPIO_EXTI_Callback
    stm32f1xx_hal_spi_ex.o(i.HAL_SPI_Init) refers to stm32f1xx_hal_msp.o(i.HAL_SPI_MspInit) for HAL_SPI_MspInit
    stm32f1xx_hal_spi_ex.o(i.HAL_SPI_Init) refers to stm32f1xx_hal_spi_ex.o(.data) for uCRCErrorWorkaroundCheck
    stm32f1xx_hal_flash_ex.o(i.FLASH_MassErase) refers to stm32f1xx_hal_flash.o(.bss) for pFlash
    stm32f1xx_hal_flash_ex.o(i.FLASH_OB_DisableWRP) refers to stm32f1xx_hal_flash.o(i.FLASH_WaitForLastOperation) for FLASH_WaitForLastOperation
    stm32f1xx_hal_flash_ex.o(i.FLASH_OB_DisableWRP) refers to stm32f1xx_hal_flash.o(.bss) for pFlash
    stm32f1xx_hal_flash_ex.o(i.FLASH_OB_EnableWRP) refers to stm32f1xx_hal_flash.o(i.FLASH_WaitForLastOperation) for FLASH_WaitForLastOperation
    stm32f1xx_hal_flash_ex.o(i.FLASH_OB_EnableWRP) refers to stm32f1xx_hal_flash.o(.bss) for pFlash
    stm32f1xx_hal_flash_ex.o(i.FLASH_OB_ProgramData) refers to stm32f1xx_hal_flash.o(i.FLASH_WaitForLastOperation) for FLASH_WaitForLastOperation
    stm32f1xx_hal_flash_ex.o(i.FLASH_OB_ProgramData) refers to stm32f1xx_hal_flash.o(.bss) for pFlash
    stm32f1xx_hal_flash_ex.o(i.FLASH_OB_RDP_LevelConfig) refers to stm32f1xx_hal_flash.o(i.FLASH_WaitForLastOperation) for FLASH_WaitForLastOperation
    stm32f1xx_hal_flash_ex.o(i.FLASH_OB_RDP_LevelConfig) refers to stm32f1xx_hal_flash.o(.bss) for pFlash
    stm32f1xx_hal_flash_ex.o(i.FLASH_OB_UserConfig) refers to stm32f1xx_hal_flash.o(i.FLASH_WaitForLastOperation) for FLASH_WaitForLastOperation
    stm32f1xx_hal_flash_ex.o(i.FLASH_OB_UserConfig) refers to stm32f1xx_hal_flash.o(.bss) for pFlash
    stm32f1xx_hal_flash_ex.o(i.FLASH_PageErase) refers to stm32f1xx_hal_flash.o(.bss) for pFlash
    stm32f1xx_hal_flash_ex.o(i.FLASH_Program_HalfWord) refers to stm32f1xx_hal_flash.o(.bss) for pFlash
    stm32f1xx_hal_flash_ex.o(i.FLASH_SetErrorCode) refers to stm32f1xx_hal_flash.o(.bss) for pFlash
    stm32f1xx_hal_flash_ex.o(i.HAL_FLASHEx_Erase) refers to stm32f1xx_hal_flash.o(i.FLASH_WaitForLastOperation) for FLASH_WaitForLastOperation
    stm32f1xx_hal_flash_ex.o(i.HAL_FLASHEx_Erase) refers to stm32f1xx_hal_flash_ex.o(i.FLASH_MassErase) for FLASH_MassErase
    stm32f1xx_hal_flash_ex.o(i.HAL_FLASHEx_Erase) refers to stm32f1xx_hal_flash_ex.o(i.FLASH_PageErase) for FLASH_PageErase
    stm32f1xx_hal_flash_ex.o(i.HAL_FLASHEx_Erase) refers to stm32f1xx_hal_flash.o(.bss) for pFlash
    stm32f1xx_hal_flash_ex.o(i.HAL_FLASHEx_Erase_IT) refers to stm32f1xx_hal_flash_ex.o(i.FLASH_MassErase) for FLASH_MassErase
    stm32f1xx_hal_flash_ex.o(i.HAL_FLASHEx_Erase_IT) refers to stm32f1xx_hal_flash_ex.o(i.FLASH_PageErase) for FLASH_PageErase
    stm32f1xx_hal_flash_ex.o(i.HAL_FLASHEx_Erase_IT) refers to stm32f1xx_hal_flash.o(.bss) for pFlash
    stm32f1xx_hal_flash_ex.o(i.HAL_FLASHEx_OBErase) refers to stm32f1xx_hal_flash_ex.o(i.FLASH_OB_GetRDP) for FLASH_OB_GetRDP
    stm32f1xx_hal_flash_ex.o(i.HAL_FLASHEx_OBErase) refers to stm32f1xx_hal_flash.o(i.FLASH_WaitForLastOperation) for FLASH_WaitForLastOperation
    stm32f1xx_hal_flash_ex.o(i.HAL_FLASHEx_OBErase) refers to stm32f1xx_hal_flash_ex.o(i.FLASH_OB_RDP_LevelConfig) for FLASH_OB_RDP_LevelConfig
    stm32f1xx_hal_flash_ex.o(i.HAL_FLASHEx_OBErase) refers to stm32f1xx_hal_flash.o(.bss) for pFlash
    stm32f1xx_hal_flash_ex.o(i.HAL_FLASHEx_OBGetConfig) refers to stm32f1xx_hal_flash_ex.o(i.FLASH_OB_GetWRP) for FLASH_OB_GetWRP
    stm32f1xx_hal_flash_ex.o(i.HAL_FLASHEx_OBGetConfig) refers to stm32f1xx_hal_flash_ex.o(i.FLASH_OB_GetRDP) for FLASH_OB_GetRDP
    stm32f1xx_hal_flash_ex.o(i.HAL_FLASHEx_OBGetConfig) refers to stm32f1xx_hal_flash_ex.o(i.FLASH_OB_GetUser) for FLASH_OB_GetUser
    stm32f1xx_hal_flash_ex.o(i.HAL_FLASHEx_OBProgram) refers to stm32f1xx_hal_flash_ex.o(i.FLASH_OB_EnableWRP) for FLASH_OB_EnableWRP
    stm32f1xx_hal_flash_ex.o(i.HAL_FLASHEx_OBProgram) refers to stm32f1xx_hal_flash_ex.o(i.FLASH_OB_DisableWRP) for FLASH_OB_DisableWRP
    stm32f1xx_hal_flash_ex.o(i.HAL_FLASHEx_OBProgram) refers to stm32f1xx_hal_flash_ex.o(i.FLASH_OB_RDP_LevelConfig) for FLASH_OB_RDP_LevelConfig
    stm32f1xx_hal_flash_ex.o(i.HAL_FLASHEx_OBProgram) refers to stm32f1xx_hal_flash_ex.o(i.FLASH_OB_UserConfig) for FLASH_OB_UserConfig
    stm32f1xx_hal_flash_ex.o(i.HAL_FLASHEx_OBProgram) refers to stm32f1xx_hal_flash_ex.o(i.FLASH_OB_ProgramData) for FLASH_OB_ProgramData
[...]
    Removing stm32f1xx_hal_tim.o(i.HAL_TIM_PWM_GetState), (8 bytes).
    Removing stm32f1xx_hal_tim.o(i.HAL_TIM_PWM_MspDeInit), (2 bytes).
    Removing stm32f1xx_hal_tim.o(i.HAL_TIM_PWM_MspInit), (2 bytes).
    Removing stm32f1xx_hal_tim.o(i.HAL_TIM_PWM_Start_DMA), (300 bytes).
    Removing stm32f1xx_hal_tim.o(i.HAL_TIM_PWM_Start_IT), (140 bytes).
    Removing stm32f1xx_hal_tim.o(i.HAL_TIM_PWM_Stop), (124 bytes).
    Removing stm32f1xx_hal_tim.o(i.HAL_TIM_PWM_Stop_DMA), (200 bytes).
    Removing stm32f1xx_hal_tim.o(i.HAL_TIM_PWM_Stop_IT), (192 bytes).
    Removing stm32f1xx_hal_tim.o(i.HAL_TIM_ReadCapturedValue), (84 bytes).
    Removing stm32f1xx_hal_tim.o(i.HAL_TIM_SlaveConfigSynchronization), (86 bytes).
    Removing stm32f1xx_hal_tim.o(i.HAL_TIM_SlaveConfigSynchronization_IT), (86 bytes).
    Removing stm32f1xx_hal_tim.o(i.TIM_DMACaptureCplt), (70 bytes).
    Removing stm32f1xx_hal_tim.o(i.TIM_DMADelayPulseCplt), (70 bytes).
    Removing stm32f1xx_hal_tim.o(i.TIM_DMAError), (20 bytes).
    Removing stm32f1xx_hal_tim.o(i.TIM_DMAPeriodElapsedCplt), (20 bytes).
    Removing stm32f1xx_hal_tim.o(i.TIM_DMATriggerCplt), (20 bytes).
    Removing stm32f1xx_hal_tim.o(i.TIM_SlaveTimer_SetConfig), (164 bytes).
    Removing stm32f1xx_hal_tim.o(i.TIM_TI1_SetConfig), (108 bytes).
    Removing stm32f1xx_hal_tim.o(i.TIM_TI2_SetConfig), (62 bytes).
    Removing stm32f1xx_hal_tim.o(i.TIM_TI3_SetConfig), (60 bytes).
    Removing stm32f1xx_hal_tim.o(i.TIM_TI4_SetConfig), (64 bytes).
    Removing stm32f1xx_hal_tim_ex.o(.rev16_text), (4 bytes).
    Removing stm32f1xx_hal_tim_ex.o(.revsh_text), (4 bytes).
    Removing stm32f1xx_hal_tim_ex.o(.rrx_text), (6 bytes).
    Removing stm32f1xx_hal_tim_ex.o(i.HAL_TIMEx_ConfigBreakDeadTime), (80 bytes).
    Removing stm32f1xx_hal_tim_ex.o(i.HAL_TIMEx_ConfigCommutationEvent), (110 bytes).
    Removing stm32f1xx_hal_tim_ex.o(i.HAL_TIMEx_ConfigCommutationEvent_DMA), (144 bytes).
    Removing stm32f1xx_hal_tim_ex.o(i.HAL_TIMEx_ConfigCommutationEvent_IT), (122 bytes).
    Removing stm32f1xx_hal_tim_ex.o(i.HAL_TIMEx_HallSensor_DeInit), (70 bytes).
    Removing stm32f1xx_hal_tim_ex.o(i.HAL_TIMEx_HallSensor_GetState), (8 bytes).
    Removing stm32f1xx_hal_tim_ex.o(i.HAL_TIMEx_HallSensor_Init), (208 bytes).
    Removing stm32f1xx_hal_tim_ex.o(i.HAL_TIMEx_HallSensor_MspDeInit), (2 bytes).
    Removing stm32f1xx_hal_tim_ex.o(i.HAL_TIMEx_HallSensor_MspInit), (2 bytes).
    Removing stm32f1xx_hal_tim_ex.o(i.HAL_TIMEx_HallSensor_Start), (30 bytes).
    Removing stm32f1xx_hal_tim_ex.o(i.HAL_TIMEx_HallSensor_Start_DMA), (116 bytes).
    Removing stm32f1xx_hal_tim_ex.o(i.HAL_TIMEx_HallSensor_Start_IT), (42 bytes).
    Removing stm32f1xx_hal_tim_ex.o(i.HAL_TIMEx_HallSensor_Stop), (56 bytes).
    Removing stm32f1xx_hal_tim_ex.o(i.HAL_TIMEx_HallSensor_Stop_DMA), (68 bytes).
    Removing stm32f1xx_hal_tim_ex.o(i.HAL_TIMEx_HallSensor_Stop_IT), (68 bytes).
    Removing stm32f1xx_hal_tim_ex.o(i.HAL_TIMEx_OCN_Start), (44 bytes).
    Removing stm32f1xx_hal_tim_ex.o(i.HAL_TIMEx_OCN_Start_DMA), (280 bytes).
    Removing stm32f1xx_hal_tim_ex.o(i.HAL_TIMEx_OCN_Start_IT), (132 bytes).
    Removing stm32f1xx_hal_tim_ex.o(i.HAL_TIMEx_OCN_Stop), (96 bytes).
    Removing stm32f1xx_hal_tim_ex.o(i.HAL_TIMEx_OCN_Stop_DMA), (178 bytes).
    Removing stm32f1xx_hal_tim_ex.o(i.HAL_TIMEx_OCN_Stop_IT), (198 bytes).
    Removing stm32f1xx_hal_tim_ex.o(i.HAL_TIMEx_OnePulseN_Start), (32 bytes).
    Removing stm32f1xx_hal_tim_ex.o(i.HAL_TIMEx_OnePulseN_Start_IT), (56 bytes).
    Removing stm32f1xx_hal_tim_ex.o(i.HAL_TIMEx_OnePulseN_Stop), (96 bytes).
    Removing stm32f1xx_hal_tim_ex.o(i.HAL_TIMEx_OnePulseN_Stop_IT), (120 bytes).
    Removing stm32f1xx_hal_tim_ex.o(i.HAL_TIMEx_PWMN_Start), (44 bytes).
    Removing stm32f1xx_hal_tim_ex.o(i.HAL_TIMEx_PWMN_Start_DMA), (280 bytes).
    Removing stm32f1xx_hal_tim_ex.o(i.HAL_TIMEx_PWMN_Start_IT), (132 bytes).
    Removing stm32f1xx_hal_tim_ex.o(i.HAL_TIMEx_PWMN_Stop), (96 bytes).
    Removing stm32f1xx_hal_tim_ex.o(i.HAL_TIMEx_PWMN_Stop_DMA), (178 bytes).
    Removing stm32f1xx_hal_tim_ex.o(i.HAL_TIMEx_PWMN_Stop_IT), (198 bytes).
    Removing stm32f1xx_hal_tim_ex.o(i.TIMEx_DMACommutationCplt), (20 bytes).
    Removing stm32f1xx_hal_tim_ex.o(i.TIM_CCxNChannelCmd), (28 bytes).
    Removing stm32f1xx_hal_msp.o(.rev16_text), (4 bytes).
    Removing stm32f1xx_hal_msp.o(.revsh_text), (4 bytes).
    Removing stm32f1xx_hal_msp.o(.rrx_text), (6 bytes).
    Removing stm32f1xx_hal_msp.o(i.HAL_RTC_MspDeInit), (40 bytes).
    Removing stm32f1xx_hal_msp.o(i.HAL_SPI_MspDeInit), (48 bytes).
    Removing stm32f1xx_hal_msp.o(i.HAL_TIM_Base_MspDeInit), (52 bytes).
    Removing stm32f1xx_hal_msp.o(i.HAL_TIM_PWM_MspDeInit), (52 bytes).
    Removing main.o(.rev16_text), (4 bytes).
    Removing main.o(.revsh_text), (4 bytes).
    Removing main.o(.rrx_text), (6 bytes).
    Removing main.o(i.LightIsOn), (28 bytes).
    Removing main.o(i.deinit), (52 bytes).
    Removing main.o(i.getPostKey), (20 bytes).
    Removing main.o(i.isAccidient), (24 bytes).
    Removing main.o(i.setPostKey), (20 bytes).
    Removing main.o(i.xprintf), (2 bytes).
    Removing stm32f1xx_it.o(.rev16_text), (4 bytes).
    Removing stm32f1xx_it.o(.revsh_text), (4 bytes).
    Removing stm32f1xx_it.o(.rrx_text), (6 bytes).
    Removing startup_stm32f103xb.o(HEAP), (512 bytes).
    Removing aes_dec.o(i.aes_invshiftrow), (62 bytes).
    Removing aes_keyschedule.o(i.aes192_init), (18 bytes).
    Removing aes_keyschedule.o(i.aes256_init), (20 bytes).
    Removing aes192_dec.o(i.aes192_dec), (18 bytes).
    Removing aes192_enc.o(i.aes192_enc), (18 bytes).
    Removing aes256_dec.o(i.aes256_dec), (18 bytes).
    Removing aes256_enc.o(i.aes256_enc), (18 bytes).
    Removing nrf24.o(.rev16_text), (4 bytes).
    Removing nrf24.o(.revsh_text), (4 bytes).
    Removing nrf24.o(.rrx_text), (6 bytes).
    Removing nrf24.o(i.min), (14 bytes).
    Removing nrf24.o(i.nrf24_lastMessageStatus), (32 bytes).
    Removing nrf24.o(i.nrf24_payload_length), (12 bytes).
    Removing nrf24.o(i.nrf24_powerDown), (28 bytes).
    Removing nrf24.o(i.nrf24_retransmissionCount), (28 bytes).
    Removing nrf24.o(i.nrf24_writeAckPayload), (96 bytes).
    Removing dadd.o(.text), (334 bytes).
    Removing dmul.o(.text), (228 bytes).
    Removing ddiv.o(.text), (222 bytes).
    Removing dfixul.o(.text), (48 bytes).
    Removing cdrcmple.o(.text), (48 bytes).
    Removing depilogue.o(.text), (186 bytes).

385 unused section(s) (total 28408 bytes) removed from the image.

==============================================================================

Image Symbol Table

    Local Symbols

    Symbol Name                              Value     Ov Type        Size  Object(Section)

    ../clib/../cmprslib/zerorunl2.c          0x00000000   Number         0  __dczerorl2.o ABSOLUTE
    ../clib/microlib/ctype/ctype.c           0x00000000   Number         0  isalnum_o.o ABSOLUTE
    ../clib/microlib/ctype/ctype.c           0x00000000   Number         0  isspace_o.o ABSOLUTE
    ../clib/microlib/ctype/ctype.c           0x00000000   Number         0  ispunct_o.o ABSOLUTE
    ../clib/microlib/ctype/ctype.c           0x00000000   Number         0  isprint_o.o ABSOLUTE
    ../clib/microlib/ctype/ctype.c           0x00000000   Number         0  islower_o.o ABSOLUTE
    ../clib/microlib/ctype/ctype.c           0x00000000   Number         0  isgraph_o.o ABSOLUTE
    ../clib/microlib/ctype/ctype.c           0x00000000   Number         0  ctype_o.o ABSOLUTE
    ../clib/microlib/ctype/ctype.c           0x00000000   Number         0  isxdigit_o.o ABSOLUTE
    ../clib/microlib/ctype/ctype.c           0x00000000   Number         0  isdigit_o.o ABSOLUTE
    ../clib/microlib/ctype/ctype.c           0x00000000   Number         0  iscntrl_o.o ABSOLUTE
    ../clib/microlib/ctype/ctype.c           0x00000000   Number         0  isblank_o.o ABSOLUTE
    ../clib/microlib/ctype/ctype.c           0x00000000   Number         0  isalpha_o.o ABSOLUTE
    ../clib/microlib/ctype/ctype.c           0x00000000   Number         0  isupper_o.o ABSOLUTE
    ../clib/microlib/division.c              0x00000000   Number         0  uidiv.o ABSOLUTE
    ../clib/microlib/division.c              0x00000000   Number         0  uldiv.o ABSOLUTE
    ../clib/microlib/errno.c                 0x00000000   Number         0  errno.o ABSOLUTE
    ../clib/microlib/init/entry.s            0x00000000   Number         0  entry9b.o ABSOLUTE
    ../clib/microlib/init/entry.s            0x00000000   Number         0  entry10a.o ABSOLUTE
    ../clib/microlib/init/entry.s            0x00000000   Number         0  entry8a.o ABSOLUTE
    ../clib/microlib/init/entry.s            0x00000000   Number         0  entry2.o ABSOLUTE
    ../clib/microlib/init/entry.s            0x00000000   Number         0  entry11b.o ABSOLUTE
    ../clib/microlib/init/entry.s            0x00000000   Number         0  entry5.o ABSOLUTE
    ../clib/microlib/init/entry.s            0x00000000   Number         0  entry7a.o ABSOLUTE
    ../clib/microlib/init/entry.s            0x00000000   Number         0  entry8b.o ABSOLUTE
    ../clib/microlib/init/entry.s            0x00000000   Number         0  entry9a.o ABSOLUTE
    ../clib/microlib/init/entry.s            0x00000000   Number         0  entry7b.o ABSOLUTE
    ../clib/microlib/init/entry.s            0x00000000   Number         0  entry10b.o ABSOLUTE
    ../clib/microlib/init/entry.s            0x00000000   Number         0  entry.o ABSOLUTE
    ../clib/microlib/init/entry.s            0x00000000   Number         0  entry11a.o ABSOLUTE
    ../clib/microlib/longlong.c              0x00000000   Number         0  llushr.o ABSOLUTE
    ../clib/microlib/longlong.c              0x00000000   Number         0  llsshr.o ABSOLUTE
    ../clib/microlib/longlong.c              0x00000000   Number         0  llshl.o ABSOLUTE
    ../clib/microlib/printf/printf.c         0x00000000   Number         0  printf8.o ABSOLUTE
    ../clib/microlib/printf/printf.c         0x00000000   Number         0  printfa.o ABSOLUTE
    ../clib/microlib/printf/printf.c         0x00000000   Number         0  printfb.o ABSOLUTE
    ../clib/microlib/printf/printf.c         0x00000000   Number         0  printf0.o ABSOLUTE
    ../clib/microlib/printf/printf.c         0x00000000   Number         0  printf1.o ABSOLUTE
    ../clib/microlib/printf/printf.c         0x00000000   Number         0  printf6.o ABSOLUTE
    ../clib/microlib/printf/printf.c         0x00000000   Number         0  printf3.o ABSOLUTE
    ../clib/microlib/printf/printf.c         0x00000000   Number         0  printf4.o ABSOLUTE
    ../clib/microlib/printf/printf.c         0x00000000   Number         0  printf5.o ABSOLUTE
    ../clib/microlib/printf/printf.c         0x00000000   Number         0  printf7.o ABSOLUTE
    ../clib/microlib/printf/printf.c         0x00000000   Number         0  printf2.o ABSOLUTE
    ../clib/microlib/printf/stubs.s          0x00000000   Number         0  stubs.o ABSOLUTE
    ../clib/microlib/stdio/fputc.c           0x00000000   Number         0  fputc.o ABSOLUTE
    ../clib/microlib/stdio/semi.s            0x00000000   Number         0  semi.o ABSOLUTE
    ../clib/microlib/stdio/streams.c         0x00000000   Number         0  stdout.o ABSOLUTE
    ../clib/microlib/string/memcpy.c         0x00000000   Number         0  memcpya.o ABSOLUTE
    ../clib/microlib/string/memcpy.c         0x00000000   Number         0  memcpyb.o ABSOLUTE
    ../clib/microlib/string/strcmp.c         0x00000000   Number         0  strcmp.o ABSOLUTE
    ../clib/microlib/string/strcpy.c         0x00000000   Number         0  strcpy.o ABSOLUTE
    ../clib/microlib/string/strlen.c         0x00000000   Number         0  strlen.o ABSOLUTE
    ../clib/microlib/stubs.s                 0x00000000   Number         0  iusesemip.o ABSOLUTE
    ../clib/microlib/stubs.s                 0x00000000   Number         0  iusefp.o ABSOLUTE
    ../clib/scanf.c                          0x00000000   Number         0  strtol.o ABSOLUTE
    ../clib/scanf.c                          0x00000000   Number         0  _chval.o ABSOLUTE
    ../clib/scanf.c                          0x00000000   Number         0  atoi.o ABSOLUTE
    ../clib/scanf.c                          0x00000000   Number         0  _strtoul.o ABSOLUTE
    ../fplib/microlib/fpadd.c                0x00000000   Number         0  dadd.o ABSOLUTE
    ../fplib/microlib/fpdiv.c                0x00000000   Number         0  ddiv.o ABSOLUTE
    ../fplib/microlib/fpepilogue.c           0x00000000   Number         0  depilogue.o ABSOLUTE
    ../fplib/microlib/fpfix.c                0x00000000   Number         0  dfixul.o ABSOLUTE
    ../fplib/microlib/fpmul.c                0x00000000   Number         0  dmul.o ABSOLUTE
    ..\..\shared-libs\aes\aes128_dec.c       0x00000000   Number         0  aes128_dec.o ABSOLUTE
    ..\..\shared-libs\aes\aes128_enc.c       0x00000000   Number         0  aes128_enc.o ABSOLUTE
    ..\..\shared-libs\aes\aes192_dec.c       0x00000000   Number         0  aes192_dec.o ABSOLUTE
    ..\..\shared-libs\aes\aes192_enc.c       0x00000000   Number         0  aes192_enc.o ABSOLUTE
    ..\..\shared-libs\aes\aes256_dec.c       0x00000000   Number         0  aes256_dec.o ABSOLUTE
    ..\..\shared-libs\aes\aes256_enc.c       0x00000000   Number         0  aes256_enc.o ABSOLUTE
    ..\..\shared-libs\aes\aes_dec.c          0x00000000   Number         0  aes_dec.o ABSOLUTE
    ..\..\shared-libs\aes\aes_enc.c          0x00000000   Number         0  aes_enc.o ABSOLUTE
    ..\..\shared-libs\aes\aes_invsbox.c      0x00000000   Number         0  aes_invsbox.o ABSOLUTE
    ..\..\shared-libs\aes\aes_keyschedule.c  0x00000000   Number         0  aes_keyschedule.o ABSOLUTE
    ..\..\shared-libs\aes\aes_sbox.c         0x00000000   Number         0  aes_sbox.o ABSOLUTE
    ..\..\shared-libs\aes\gf256mul.c         0x00000000   Number         0  gf256mul.o ABSOLUTE
    ..\..\shared-libs\nrf24\nrf24.c          0x00000000   Number         0  nrf24.o ABSOLUTE
    ..\Drivers\CMSIS\Device\ST\STM32F1xx\Source\Templates\arm\startup_stm32f103xb.s 0x00000000   Number         0  startup_stm32f103xb.o ABSOLUTE
    ..\Drivers\CMSIS\Device\ST\STM32F1xx\Source\Templates\system_stm32f1xx.c 0x00000000   Number         0  system_stm32f1xx.o ABSOLUTE
    ..\Drivers\STM32F1xx_HAL_Driver\Src\stm32f1xx_hal.c 0x00000000   Number         0  stm32f1xx_hal.o ABSOLUTE
    ..\Drivers\STM32F1xx_HAL_Driver\Src\stm32f1xx_hal_adc.c 0x00000000   Number         0  stm32f1xx_hal_adc.o ABSOLUTE
    ..\Drivers\STM32F1xx_HAL_Driver\Src\stm32f1xx_hal_adc_ex.c 0x00000000   Number         0  stm32f1xx_hal_adc_ex.o ABSOLUTE
    ..\Drivers\STM32F1xx_HAL_Driver\Src\stm32f1xx_hal_cortex.c 0x00000000   Number         0  stm32f1xx_hal_cortex.o ABSOLUTE
    ..\Drivers\STM32F1xx_HAL_Driver\Src\stm32f1xx_hal_dma.c 0x00000000   Number         0  stm32f1xx_hal_dma.o ABSOLUTE
    ..\Drivers\STM32F1xx_HAL_Driver\Src\stm32f1xx_hal_flash.c 0x00000000   Number         0  stm32f1xx_hal_flash.o ABSOLUTE
    ..\Drivers\STM32F1xx_HAL_Driver\Src\stm32f1xx_hal_flash_ex.c 0x00000000   Number         0  stm32f1xx_hal_flash_ex.o ABSOLUTE
    ..\Drivers\STM32F1xx_HAL_Driver\Src\stm32f1xx_hal_gpio.c 0x00000000   Number         0  stm32f1xx_hal_gpio.o ABSOLUTE
    ..\Drivers\STM32F1xx_HAL_Driver\Src\stm32f1xx_hal_gpio_ex.c 0x00000000   Number         0  stm32f1xx_hal_gpio_ex.o ABSOLUTE
    ..\Drivers\STM32F1xx_HAL_Driver\Src\stm32f1xx_hal_pwr.c 0x00000000   Number         0  stm32f1xx_hal_pwr.o ABSOLUTE
    ..\Drivers\STM32F1xx_HAL_Driver\Src\stm32f1xx_hal_rcc.c 0x00000000   Number         0  stm32f1xx_hal_rcc.o ABSOLUTE
    ..\Drivers\STM32F1xx_HAL_Driver\Src\stm32f1xx_hal_rcc_ex.c 0x00000000   Number         0  stm32f1xx_hal_rcc_ex.o ABSOLUTE
    ..\Drivers\STM32F1xx_HAL_Driver\Src\stm32f1xx_hal_rtc.c 0x00000000   Number         0  stm32f1xx_hal_rtc.o ABSOLUTE
    ..\Drivers\STM32F1xx_HAL_Driver\Src\stm32f1xx_hal_rtc_ex.c 0x00000000   Number         0  stm32f1xx_hal_rtc_ex.o ABSOLUTE
    ..\Drivers\STM32F1xx_HAL_Driver\Src\stm32f1xx_hal_spi.c 0x00000000   Number         0  stm32f1xx_hal_spi.o ABSOLUTE
    ..\Drivers\STM32F1xx_HAL_Driver\Src\stm32f1xx_hal_spi_ex.c 0x00000000   Number         0  stm32f1xx_hal_spi_ex.o ABSOLUTE
    ..\Drivers\STM32F1xx_HAL_Driver\Src\stm32f1xx_hal_tim.c 0x00000000   Number         0  stm32f1xx_hal_tim.o ABSOLUTE
    ..\Drivers\STM32F1xx_HAL_Driver\Src\stm32f1xx_hal_tim_ex.c 0x00000000   Number         0  stm32f1xx_hal_tim_ex.o ABSOLUTE
    ..\Src\main.c                            0x00000000   Number         0  main.o ABSOLUTE
    ..\Src\stm32f1xx_hal_msp.c               0x00000000   Number         0  stm32f1xx_hal_msp.o ABSOLUTE
    ..\Src\stm32f1xx_it.c                    0x00000000   Number         0  stm32f1xx_it.o ABSOLUTE
    ..\\..\\shared-libs\\nrf24\\nrf24.c      0x00000000   Number         0  nrf24.o ABSOLUTE
    ..\\Drivers\\CMSIS\\Device\\ST\\STM32F1xx\\Source\\Templates\\system_stm32f1xx.c 0x00000000   Number         0  system_stm32f1xx.o ABSOLUTE
    ..\\Drivers\\STM32F1xx_HAL_Driver\\Src\\stm32f1xx_hal.c 0x00000000   Number         0  stm32f1xx_hal.o ABSOLUTE
    ..\\Drivers\\STM32F1xx_HAL_Driver\\Src\\stm32f1xx_hal_adc.c 0x00000000   Number         0  stm32f1xx_hal_adc.o ABSOLUTE
    ..\\Drivers\\STM32F1xx_HAL_Driver\\Src\\stm32f1xx_hal_adc_ex.c 0x00000000   Number         0  stm32f1xx_hal_adc_ex.o ABSOLUTE
    ..\\Drivers\\STM32F1xx_HAL_Driver\\Src\\stm32f1xx_hal_cortex.c 0x00000000   Number         0  stm32f1xx_hal_cortex.o ABSOLUTE
    ..\\Drivers\\STM32F1xx_HAL_Driver\\Src\\stm32f1xx_hal_dma.c 0x00000000   Number         0  stm32f1xx_hal_dma.o ABSOLUTE
    ..\\Drivers\\STM32F1xx_HAL_Driver\\Src\\stm32f1xx_hal_flash.c 0x00000000   Number         0  stm32f1xx_hal_flash.o ABSOLUTE
    ..\\Drivers\\STM32F1xx_HAL_Driver\\Src\\stm32f1xx_hal_flash_ex.c 0x00000000   Number         0  stm32f1xx_hal_flash_ex.o ABSOLUTE
    ..\\Drivers\\STM32F1xx_HAL_Driver\\Src\\stm32f1xx_hal_gpio.c 0x00000000   Number         0  stm32f1xx_hal_gpio.o ABSOLUTE
    ..\\Drivers\\STM32F1xx_HAL_Driver\\Src\\stm32f1xx_hal_gpio_ex.c 0x00000000   Number         0  stm32f1xx_hal_gpio_ex.o ABSOLUTE
    ..\\Drivers\\STM32F1xx_HAL_Driver\\Src\\stm32f1xx_hal_pwr.c 0x00000000   Number         0  stm32f1xx_hal_pwr.o ABSOLUTE
    ..\\Drivers\\STM32F1xx_HAL_Driver\\Src\\stm32f1xx_hal_rcc.c 0x00000000   Number         0  stm32f1xx_hal_rcc.o ABSOLUTE
    ..\\Drivers\\STM32F1xx_HAL_Driver\\Src\\stm32f1xx_hal_rcc_ex.c 0x00000000   Number         0  stm32f1xx_hal_rcc_ex.o ABSOLUTE
    ..\\Drivers\\STM32F1xx_HAL_Driver\\Src\\stm32f1xx_hal_rtc.c 0x00000000   Number         0  stm32f1xx_hal_rtc.o ABSOLUTE
    ..\\Drivers\\STM32F1xx_HAL_Driver\\Src\\stm32f1xx_hal_rtc_ex.c 0x00000000   Number         0  stm32f1xx_hal_rtc_ex.o ABSOLUTE
    ..\\Drivers\\STM32F1xx_HAL_Driver\\Src\\stm32f1xx_hal_spi.c 0x00000000   Number         0  stm32f1xx_hal_spi.o ABSOLUTE
    ..\\Drivers\\STM32F1xx_HAL_Driver\\Src\\stm32f1xx_hal_spi_ex.c 0x00000000   Number         0  stm32f1xx_hal_spi_ex.o ABSOLUTE
    ..\\Drivers\\STM32F1xx_HAL_Driver\\Src\\stm32f1xx_hal_tim.c 0x00000000   Number         0  stm32f1xx_hal_tim.o ABSOLUTE
    ..\\Drivers\\STM32F1xx_HAL_Driver\\Src\\stm32f1xx_hal_tim_ex.c 0x00000000   Number         0  stm32f1xx_hal_tim_ex.o ABSOLUTE
    ..\\Src\\main.c                          0x00000000   Number         0  main.o ABSOLUTE
    ..\\Src\\stm32f1xx_hal_msp.c             0x00000000   Number         0  stm32f1xx_hal_msp.o ABSOLUTE
    ..\\Src\\stm32f1xx_it.c                  0x00000000   Number         0  stm32f1xx_it.o ABSOLUTE
    cdrcmple.s                               0x00000000   Number         0  cdrcmple.o ABSOLUTE
    dc.s                                     0x00000000   Number         0  dc.o ABSOLUTE
    handlers.s                               0x00000000   Number         0  handlers.o ABSOLUTE
    init.s                                   0x00000000   Number         0  init.o ABSOLUTE
    RESET                                    0x08000000   Section      236  startup_stm32f103xb.o(RESET)
    .ARM.Collect$$$$00000000                 0x080000ec   Section        0  entry.o(.ARM.Collect$$$$00000000)
    .ARM.Collect$$$$00000001                 0x080000ec   Section        4  entry2.o(.ARM.Collect$$$$00000001)
    .ARM.Collect$$$$00000004                 0x080000f0   Section        4  entry5.o(.ARM.Collect$$$$00000004)
    .ARM.Collect$$$$00000008                 0x080000f4   Section        0  entry7b.o(.ARM.Collect$$$$00000008)
    .ARM.Collect$$$$0000000A                 0x080000f4   Section        0  entry8b.o(.ARM.Collect$$$$0000000A)
    .ARM.Collect$$$$0000000B                 0x080000f4   Section        8  entry9a.o(.ARM.Collect$$$$0000000B)
    .ARM.Collect$$$$0000000D                 0x080000fc   Section        0  entry10a.o(.ARM.Collect$$$$0000000D)
    .ARM.Collect$$$$0000000F                 0x080000fc   Section        0  entry11a.o(.ARM.Collect$$$$0000000F)
    .ARM.Collect$$$$00002712                 0x080000fc   Section        4  entry2.o(.ARM.Collect$$$$00002712)
    __lit__00000000                          0x080000fc   Data           4  entry2.o(.ARM.Collect$$$$00002712)
    .text                                    0x08000100   Section       36  startup_stm32f103xb.o(.text)
    .text                                    0x08000124   Section        0  uldiv.o(.text)
    .text                                    0x08000186   Section        0  llushr.o(.text)
    .text                                    0x080001a6   Section        0  memcpya.o(.text)
    .text                                    0x080001ca   Section        0  strlen.o(.text)
    .text                                    0x080001d8   Section        0  strcmp.o(.text)
    .text                                    0x080001f4   Section        0  strcpy.o(.text)
    .text                                    0x08000206   Section        0  atoi.o(.text)
    .text                                    0x08000220   Section        0  uidiv.o(.text)
    .text                                    0x0800024c   Section        0  llshl.o(.text)
    .text                                    0x0800026a   Section        0  strtol.o(.text)
    .text                                    0x080002dc   Section       36  init.o(.text)
    .text                                    0x08000300   Section        0  ctype_o.o(.text)
    .text                                    0x08000308   Section        0  _strtoul.o(.text)
    .text                                    0x080003a6   Section        0  _chval.o(.text)
    .text                                    0x080003c2   Section        0  __dczerorl2.o(.text)
    i.HAL_Delay                              0x08000418   Section        0  stm32f1xx_hal.o(i.HAL_Delay)
    i.HAL_GPIO_Init                          0x08000434   Section        0  stm32f1xx_hal_gpio.o(i.HAL_GPIO_Init)
    i.HAL_GPIO_ReadPin                       0x08000750   Section        0  stm32f1xx_hal_gpio.o(i.HAL_GPIO_ReadPin)
    i.HAL_GPIO_WritePin                      0x08000760   Section        0  stm32f1xx_hal_gpio.o(i.HAL_GPIO_WritePin)
    i.HAL_GetTick                            0x0800076c   Section        0  stm32f1xx_hal.o(i.HAL_GetTick)
    i.HAL_IncTick                            0x08000778   Section        0  stm32f1xx_hal.o(i.HAL_IncTick)
    i.HAL_Init                               0x08000788   Section        0  stm32f1xx_hal.o(i.HAL_Init)
    i.HAL_InitTick                           0x080007b0   Section        0  stm32f1xx_hal.o(i.HAL_InitTick)
    i.HAL_MspInit                            0x080007d4   Section        0  stm32f1xx_hal_msp.o(i.HAL_MspInit)
    i.HAL_NVIC_EnableIRQ                     0x0800082c   Section        0  stm32f1xx_hal_cortex.o(i.HAL_NVIC_EnableIRQ)
    i.HAL_NVIC_SetPriority                   0x08000846   Section        0  stm32f1xx_hal_cortex.o(i.HAL_NVIC_SetPriority)
    i.HAL_NVIC_SetPriorityGrouping           0x080008c4   Section        0  stm32f1xx_hal_cortex.o(i.HAL_NVIC_SetPriorityGrouping)
    i.HAL_PWR_EnableBkUpAccess               0x080008ec   Section        0  stm32f1xx_hal_pwr.o(i.HAL_PWR_EnableBkUpAccess)
    i.HAL_RCCEx_GetPeriphCLKFreq             0x08000904   Section        0  stm32f1xx_hal_rcc_ex.o(i.HAL_RCCEx_GetPeriphCLKFreq)
    i.HAL_RCCEx_PeriphCLKConfig              0x08000a4c   Section        0  stm32f1xx_hal_rcc_ex.o(i.HAL_RCCEx_PeriphCLKConfig)
    i.HAL_RCC_ClockConfig                    0x08000bc4   Section        0  stm32f1xx_hal_rcc_ex.o(i.HAL_RCC_ClockConfig)
    i.HAL_RCC_GetHCLKFreq                    0x08000ff8   Section        0  stm32f1xx_hal_rcc.o(i.HAL_RCC_GetHCLKFreq)
    i.HAL_RCC_GetPCLK2Freq                   0x08001030   Section        0  stm32f1xx_hal_rcc.o(i.HAL_RCC_GetPCLK2Freq)
    i.HAL_RCC_GetSysClockFreq                0x0800105c   Section        0  stm32f1xx_hal_rcc.o(i.HAL_RCC_GetSysClockFreq)
    i.HAL_RCC_OscConfig                      0x08001110   Section        0  stm32f1xx_hal_rcc.o(i.HAL_RCC_OscConfig)
    i.HAL_RTC_Init                           0x08001ac0   Section        0  stm32f1xx_hal_rtc.o(i.HAL_RTC_Init)
    i.HAL_RTC_MspInit                        0x08001b90   Section        0  stm32f1xx_hal_msp.o(i.HAL_RTC_MspInit)
    i.HAL_RTC_SetDate                        0x08001be0   Section        0  stm32f1xx_hal_rtc.o(i.HAL_RTC_SetDate)
    i.HAL_RTC_SetTime                        0x08001cd8   Section        0  stm32f1xx_hal_rtc.o(i.HAL_RTC_SetTime)
    i.HAL_RTC_WaitForSynchro                 0x08001db4   Section        0  stm32f1xx_hal_rtc.o(i.HAL_RTC_WaitForSynchro)
    i.HAL_SPI_Init                           0x08001df4   Section        0  stm32f1xx_hal_spi_ex.o(i.HAL_SPI_Init)
    i.HAL_SPI_MspInit                        0x08001e80   Section        0  stm32f1xx_hal_msp.o(i.HAL_SPI_MspInit)
    i.HAL_SPI_Transmit                       0x08001ee4   Section        0  stm32f1xx_hal_spi.o(i.HAL_SPI_Transmit)
    i.HAL_SPI_TransmitReceive                0x080020a4   Section        0  stm32f1xx_hal_spi.o(i.HAL_SPI_TransmitReceive)
    i.HAL_SYSTICK_Callback                   0x080023e8   Section        0  stm32f1xx_hal_cortex.o(i.HAL_SYSTICK_Callback)
    i.HAL_SYSTICK_Config                     0x080023ea   Section        0  stm32f1xx_hal_cortex.o(i.HAL_SYSTICK_Config)
    i.HAL_SYSTICK_IRQHandler                 0x0800241e   Section        0  stm32f1xx_hal_cortex.o(i.HAL_SYSTICK_IRQHandler)
    i.HAL_TIMEx_BreakCallback                0x08002426   Section        0  stm32f1xx_hal_tim_ex.o(i.HAL_TIMEx_BreakCallback)
    i.HAL_TIMEx_CommutationCallback          0x08002428   Section        0  stm32f1xx_hal_tim_ex.o(i.HAL_TIMEx_CommutationCallback)
    i.HAL_TIMEx_MasterConfigSynchronization  0x0800242a   Section        0  stm32f1xx_hal_tim_ex.o(i.HAL_TIMEx_MasterConfigSynchronization)
    i.HAL_TIM_Base_Init                      0x0800248c   Section        0  stm32f1xx_hal_tim.o(i.HAL_TIM_Base_Init)
    i.HAL_TIM_Base_MspInit                   0x080024c0   Section        0  stm32f1xx_hal_msp.o(i.HAL_TIM_Base_MspInit)
    i.HAL_TIM_Base_Start                     0x08002520   Section        0  stm32f1xx_hal_tim.o(i.HAL_TIM_Base_Start)
    i.HAL_TIM_ConfigClockSource              0x0800253e   Section        0  stm32f1xx_hal_tim.o(i.HAL_TIM_ConfigClockSource)
    i.HAL_TIM_IC_CaptureCallback             0x08002670   Section        0  stm32f1xx_hal_tim.o(i.HAL_TIM_IC_CaptureCallback)
    i.HAL_TIM_IRQHandler                     0x08002672   Section        0  stm32f1xx_hal_tim.o(i.HAL_TIM_IRQHandler)
    i.HAL_TIM_OC_DelayElapsedCallback        0x08002808   Section        0  stm32f1xx_hal_tim.o(i.HAL_TIM_OC_DelayElapsedCallback)
    i.HAL_TIM_PWM_ConfigChannel              0x0800280a   Section        0  stm32f1xx_hal_tim.o(i.HAL_TIM_PWM_ConfigChannel)
    i.HAL_TIM_PWM_Init                       0x08002912   Section        0  stm32f1xx_hal_tim.o(i.HAL_TIM_PWM_Init)
    i.HAL_TIM_PWM_MspInit                    0x08002948   Section        0  stm32f1xx_hal_msp.o(i.HAL_TIM_PWM_MspInit)
    i.HAL_TIM_PWM_PulseFinishedCallback      0x080029a8   Section        0  stm32f1xx_hal_tim.o(i.HAL_TIM_PWM_PulseFinishedCallback)
    i.HAL_TIM_PWM_Start                      0x080029ac   Section        0  stm32f1xx_hal_tim.o(i.HAL_TIM_PWM_Start)
    i.HAL_TIM_PeriodElapsedCallback          0x080029ec   Section        0  stm32f1xx_hal_tim.o(i.HAL_TIM_PeriodElapsedCallback)
    i.HAL_TIM_TriggerCallback                0x080029ee   Section        0  stm32f1xx_hal_tim.o(i.HAL_TIM_TriggerCallback)
    i.MX_GPIO_Init                           0x080029f0   Section        0  main.o(i.MX_GPIO_Init)
    MX_GPIO_Init                             0x080029f1   Thumb Code   294  main.o(i.MX_GPIO_Init)
    i.MX_RTC_Init                            0x08002b28   Section        0  main.o(i.MX_RTC_Init)
    MX_RTC_Init                              0x08002b29   Thumb Code    78  main.o(i.MX_RTC_Init)
    i.MX_SPI2_Init                           0x08002b80   Section        0  main.o(i.MX_SPI2_Init)
    MX_SPI2_Init                             0x08002b81   Thumb Code    48  main.o(i.MX_SPI2_Init)
    i.MX_TIM3_Init                           0x08002bb8   Section        0  main.o(i.MX_TIM3_Init)
    MX_TIM3_Init                             0x08002bb9   Thumb Code    94  main.o(i.MX_TIM3_Init)
    i.NVIC_GetPriorityGrouping               0x08002c20   Section        0  stm32f1xx_hal_cortex.o(i.NVIC_GetPriorityGrouping)
    NVIC_GetPriorityGrouping                 0x08002c21   Thumb Code    10  stm32f1xx_hal_cortex.o(i.NVIC_GetPriorityGrouping)
    i.NVIC_SetPriority                       0x08002c30   Section        0  stm32f1xx_hal_cortex.o(i.NVIC_SetPriority)
    NVIC_SetPriority                         0x08002c31   Thumb Code    32  stm32f1xx_hal_cortex.o(i.NVIC_SetPriority)
    i.QMTT_Get                               0x08002c58   Section        0  main.o(i.QMTT_Get)
    i.QMTT_SendInTopic                       0x08002c80   Section        0  nrf24.o(i.QMTT_SendInTopic)
    i.QMTT_SendOutTopic                      0x08002cbc   Section        0  nrf24.o(i.QMTT_SendOutTopic)
    i.QMTT_SendTextMessage                   0x08002cf8   Section        0  nrf24.o(i.QMTT_SendTextMessage)
    i.RCC_IRQHandler                         0x08002d60   Section        0  stm32f1xx_it.o(i.RCC_IRQHandler)
    i.RTC_Bcd2ToByte                         0x08002d62   Section        0  stm32f1xx_hal_rtc.o(i.RTC_Bcd2ToByte)
    RTC_Bcd2ToByte                           0x08002d63   Thumb Code    22  stm32f1xx_hal_rtc.o(i.RTC_Bcd2ToByte)
    i.RTC_EnterInitMode                      0x08002d78   Section        0  stm32f1xx_hal_rtc.o(i.RTC_EnterInitMode)
    RTC_EnterInitMode                        0x08002d79   Thumb Code    58  stm32f1xx_hal_rtc.o(i.RTC_EnterInitMode)
    i.RTC_ExitInitMode                       0x08002db2   Section        0  stm32f1xx_hal_rtc.o(i.RTC_ExitInitMode)
    RTC_ExitInitMode                         0x08002db3   Thumb Code    58  stm32f1xx_hal_rtc.o(i.RTC_ExitInitMode)
    i.RTC_ReadAlarmCounter                   0x08002dec   Section        0  stm32f1xx_hal_rtc.o(i.RTC_ReadAlarmCounter)
    RTC_ReadAlarmCounter                     0x08002ded   Thumb Code    24  stm32f1xx_hal_rtc.o(i.RTC_ReadAlarmCounter)
    i.RTC_ReadTimeCounter                    0x08002e04   Section        0  stm32f1xx_hal_rtc.o(i.RTC_ReadTimeCounter)
    RTC_ReadTimeCounter                      0x08002e05   Thumb Code    52  stm32f1xx_hal_rtc.o(i.RTC_ReadTimeCounter)
    i.RTC_WeekDayNum                         0x08002e38   Section        0  stm32f1xx_hal_rtc.o(i.RTC_WeekDayNum)
    RTC_WeekDayNum                           0x08002e39   Thumb Code   132  stm32f1xx_hal_rtc.o(i.RTC_WeekDayNum)
    i.RTC_WriteAlarmCounter                  0x08002ebc   Section        0  stm32f1xx_hal_rtc.o(i.RTC_WriteAlarmCounter)
    RTC_WriteAlarmCounter                    0x08002ebd   Thumb Code    46  stm32f1xx_hal_rtc.o(i.RTC_WriteAlarmCounter)
    i.RTC_WriteTimeCounter                   0x08002eea   Section        0  stm32f1xx_hal_rtc.o(i.RTC_WriteTimeCounter)
    RTC_WriteTimeCounter                     0x08002eeb   Thumb Code    46  stm32f1xx_hal_rtc.o(i.RTC_WriteTimeCounter)
    i.SPI_WaitOnFlagUntilTimeout             0x08002f18   Section        0  stm32f1xx_hal_spi.o(i.SPI_WaitOnFlagUntilTimeout)
    SPI_WaitOnFlagUntilTimeout               0x08002f19   Thumb Code   276  stm32f1xx_hal_spi.o(i.SPI_WaitOnFlagUntilTimeout)
    i.SysTick_Handler                        0x0800302c   Section        0  stm32f1xx_it.o(i.SysTick_Handler)
    i.SystemClock_Config                     0x08003038   Section        0  main.o(i.SystemClock_Config)
    i.SystemInit                             0x0800308c   Section        0  system_stm32f1xx.o(i.SystemInit)
    i.TIM3_IRQHandler                        0x080030e4   Section        0  stm32f1xx_it.o(i.TIM3_IRQHandler)
    i.TIM_Base_SetConfig                     0x080030f4   Section        0  stm32f1xx_hal_tim.o(i.TIM_Base_SetConfig)
    i.TIM_CCxChannelCmd                      0x08003160   Section        0  stm32f1xx_hal_tim.o(i.TIM_CCxChannelCmd)
    i.TIM_ETR_SetConfig                      0x0800317c   Section        0  stm32f1xx_hal_tim.o(i.TIM_ETR_SetConfig)
    TIM_ETR_SetConfig                        0x0800317d   Thumb Code    24  stm32f1xx_hal_tim.o(i.TIM_ETR_SetConfig)
    i.TIM_ITRx_SetConfig                     0x08003194   Section        0  stm32f1xx_hal_tim.o(i.TIM_ITRx_SetConfig)
    TIM_ITRx_SetConfig                       0x08003195   Thumb Code    20  stm32f1xx_hal_tim.o(i.TIM_ITRx_SetConfig)
    i.TIM_OC1_SetConfig                      0x080031a8   Section        0  stm32f1xx_hal_tim.o(i.TIM_OC1_SetConfig)
    TIM_OC1_SetConfig                        0x080031a9   Thumb Code    96  stm32f1xx_hal_tim.o(i.TIM_OC1_SetConfig)
    i.TIM_OC2_SetConfig                      0x0800320c   Section        0  stm32f1xx_hal_tim.o(i.TIM_OC2_SetConfig)
    i.TIM_OC3_SetConfig                      0x0800327c   Section        0  stm32f1xx_hal_tim.o(i.TIM_OC3_SetConfig)
    TIM_OC3_SetConfig                        0x0800327d   Thumb Code   104  stm32f1xx_hal_tim.o(i.TIM_OC3_SetConfig)
    i.TIM_OC4_SetConfig                      0x080032e8   Section        0  stm32f1xx_hal_tim.o(i.TIM_OC4_SetConfig)
    TIM_OC4_SetConfig                        0x080032e9   Thumb Code    74  stm32f1xx_hal_tim.o(i.TIM_OC4_SetConfig)
    i.TIM_TI1_ConfigInputStage               0x08003338   Section        0  stm32f1xx_hal_tim.o(i.TIM_TI1_ConfigInputStage)
    TIM_TI1_ConfigInputStage                 0x08003339   Thumb Code    42  stm32f1xx_hal_tim.o(i.TIM_TI1_ConfigInputStage)
    i.TIM_TI2_ConfigInputStage               0x08003362   Section        0  stm32f1xx_hal_tim.o(i.TIM_TI2_ConfigInputStage)
    TIM_TI2_ConfigInputStage                 0x08003363   Thumb Code    44  stm32f1xx_hal_tim.o(i.TIM_TI2_ConfigInputStage)
    i.__0sprintf$3                           0x08003390   Section        0  printf3.o(i.__0sprintf$3)
    i.__aeabi_errno_addr                     0x080033b8   Section        0  errno.o(i.__aeabi_errno_addr)
    i.__scatterload_copy                     0x080033c0   Section       14  handlers.o(i.__scatterload_copy)
    i.__scatterload_null                     0x080033ce   Section        2  handlers.o(i.__scatterload_null)
    i.__scatterload_zeroinit                 0x080033d0   Section       14  handlers.o(i.__scatterload_zeroinit)
    i._printf_core                           0x080033e0   Section        0  printf3.o(i._printf_core)
    _printf_core                             0x080033e1   Thumb Code   436  printf3.o(i._printf_core)
    i._sputc                                 0x08003598   Section        0  printf3.o(i._sputc)
    _sputc                                   0x08003599   Thumb Code    10  printf3.o(i._sputc)
    i.aes128_dec                             0x080035a2   Section        0  aes128_dec.o(i.aes128_dec)
    i.aes128_enc                             0x080035b4   Section        0  aes128_enc.o(i.aes128_enc)
    i.aes128_init                            0x080035c6   Section        0  aes_keyschedule.o(i.aes128_init)
    i.aes_dec_firstround                     0x080035d8   Section        0  aes_dec.o(i.aes_dec_firstround)
    aes_dec_firstround                       0x080035d9   Thumb Code    72  aes_dec.o(i.aes_dec_firstround)
    i.aes_dec_round                          0x08003624   Section        0  aes_dec.o(i.aes_dec_round)
    aes_dec_round                            0x08003625   Thumb Code   346  aes_dec.o(i.aes_dec_round)
    i.aes_decrypt_core                       0x08003784   Section        0  aes_dec.o(i.aes_decrypt_core)
    i.aes_enc_lastround                      0x080037cc   Section        0  aes_enc.o(i.aes_enc_lastround)
    aes_enc_lastround                        0x080037cd   Thumb Code    72  aes_enc.o(i.aes_enc_lastround)
    i.aes_enc_round                          0x08003818   Section        0  aes_enc.o(i.aes_enc_round)
    aes_enc_round                            0x08003819   Thumb Code   306  aes_enc.o(i.aes_enc_round)
    i.aes_encrypt_core                       0x08003950   Section        0  aes_enc.o(i.aes_encrypt_core)
    i.aes_init                               0x08003998   Section        0  aes_keyschedule.o(i.aes_init)
    i.aes_invshiftcol                        0x08003a8c   Section        0  aes_dec.o(i.aes_invshiftcol)
    i.aes_rotword                            0x08003ade   Section        0  aes_keyschedule.o(i.aes_rotword)
    aes_rotword                              0x08003adf   Thumb Code    18  aes_keyschedule.o(i.aes_rotword)
    i.aes_shiftcol                           0x08003af0   Section        0  aes_enc.o(i.aes_shiftcol)
    i.getXPow                                0x08003b3a   Section        0  main.o(i.getXPow)
    i.gf256mul                               0x08003b8e   Section        0  gf256mul.o(i.gf256mul)
    i.interpretateQMTTMessage                0x08003bb8   Section        0  main.o(i.interpretateQMTTMessage)
    i.main                                   0x08003ccc   Section        0  main.o(i.main)
    i.nrf24_config                           0x08003e68   Section        0  nrf24.o(i.nrf24_config)
    i.nrf24_configRegister                   0x08003ee8   Section        0  nrf24.o(i.nrf24_configRegister)
    i.nrf24_dataReady                        0x08003f1c   Section        0  nrf24.o(i.nrf24_dataReady)
    i.nrf24_dataReadyPipeNo                  0x08003f3c   Section        0  nrf24.o(i.nrf24_dataReadyPipeNo)
    i.nrf24_getData                          0x08003f48   Section        0  nrf24.o(i.nrf24_getData)
    i.nrf24_getStatus                        0x08003f88   Section        0  nrf24.o(i.nrf24_getStatus)
    i.nrf24_init                             0x08003fb0   Section        0  nrf24.o(i.nrf24_init)
    i.nrf24_isSending                        0x08003fd8   Section        0  nrf24.o(i.nrf24_isSending)
    i.nrf24_powerUpRx                        0x08003ff0   Section        0  nrf24.o(i.nrf24_powerUpRx)
    i.nrf24_powerUpTx                        0x0800403c   Section        0  nrf24.o(i.nrf24_powerUpTx)
    i.nrf24_readRegister                     0x08004050   Section        0  nrf24.o(i.nrf24_readRegister)
    i.nrf24_rxFifoEmpty                      0x08004088   Section        0  nrf24.o(i.nrf24_rxFifoEmpty)
    i.nrf24_rx_address                       0x080040a0   Section        0  nrf24.o(i.nrf24_rx_address)
    i.nrf24_send                             0x080040dc   Section        0  nrf24.o(i.nrf24_send)
    i.nrf24_sendDL                           0x080040f0   Section        0  nrf24.o(i.nrf24_sendDL)
    i.nrf24_transferSync                     0x08004158   Section        0  nrf24.o(i.nrf24_transferSync)
    i.nrf24_transmitSync                     0x0800417c   Section        0  nrf24.o(i.nrf24_transmitSync)
    i.nrf24_tx_address                       0x08004198   Section        0  nrf24.o(i.nrf24_tx_address)
    i.nrf24_writeRegister                    0x080041b4   Section        0  nrf24.o(i.nrf24_writeRegister)
    i.refreshHardwareState                   0x080041ec   Section        0  main.o(i.refreshHardwareState)
    i.sendDimerStateToQMTTServer             0x08004250   Section        0  main.o(i.sendDimerStateToQMTTServer)
    i.sendFullStatesToQMTTServer             0x08004298   Section        0  main.o(i.sendFullStatesToQMTTServer)
    i.sendNRF                                0x08004338   Section        0  nrf24.o(i.sendNRF)
    i.sendSwitchStateToQMTTServer            0x08004354   Section        0  main.o(i.sendSwitchStateToQMTTServer)
    i.spi_transfer                           0x080043a8   Section        0  nrf24.o(i.spi_transfer)
    .constdata                               0x080043c8   Section       16  stm32f1xx_hal_rcc.o(.constdata)
    .constdata                               0x080043d8   Section      256  aes_invsbox.o(.constdata)
    .constdata                               0x080044d8   Section       10  aes_keyschedule.o(.constdata)
    .constdata                               0x080044e2   Section      256  aes_sbox.o(.constdata)
    .constdata                               0x080045e2   Section      129  ctype_o.o(.constdata)
    .constdata                               0x08004664   Section        4  ctype_o.o(.constdata)
    table                                    0x08004664   Data           4  ctype_o.o(.constdata)
    .data                                    0x20000000   Section       20  system_stm32f1xx.o(.data)
    .data                                    0x20000014   Section        1  stm32f1xx_hal_spi_ex.o(.data)
    .data                                    0x20000018   Section        4  stm32f1xx_hal.o(.data)
    uwTick                                   0x20000018   Data           4  stm32f1xx_hal.o(.data)
    .data                                    0x2000001c   Section      364  main.o(.data)
    UD1_address                              0x20000059   Data           5  main.o(.data)
    switches_states                          0x20000060   Data           4  main.o(.data)
    switches_count                           0x20000064   Data           4  main.o(.data)
    dimmer_values                            0x20000068   Data           2  main.o(.data)
    dimmers_count                            0x2000006c   Data           4  main.o(.data)
    sun_mode                                 0x20000070   Data           1  main.o(.data)
    in_topic                                 0x20000071   Data          11  main.o(.data)
    out_topic                                0x2000007c   Data          12  main.o(.data)
    switchesMap                              0x20000088   Data         256  main.o(.data)
    .data                                    0x20000188   Section        5  nrf24.o(.data)
    nrf24_hspi                               0x20000188   Data           4  nrf24.o(.data)
    .data                                    0x20000190   Section        4  errno.o(.data)
    _errno                                   0x20000190   Data           4  errno.o(.data)
    .bss                                     0x20000194   Section      360  main.o(.bss)
    STACK                                    0x20000300   Section     1024  startup_stm32f103xb.o(STACK)

    Global Symbols

    Symbol Name                              Value     Ov Type        Size  Object(Section)

    BuildAttributes$$THM_ISAv4$P$D$K$B$S$PE$A:L22UL41UL21$X:L11$S22US41US21$IEEE1$IW$USESV6$~STKCKD$USESV7$~SHL$OSPACE$ROPI$EBA8$MICROLIB$REQ8$PRES8$EABIv2 0x00000000   Number         0  anon$$obj.o ABSOLUTE
    __ARM_use_no_argv                        0x00000000   Number         0  main.o ABSOLUTE
    _printf_a                                0x00000000   Number         0  stubs.o ABSOLUTE
    _printf_c                                0x00000000   Number         0  stubs.o ABSOLUTE
    _printf_charcount                        0x00000000   Number         0  stubs.o ABSOLUTE
    _printf_d                                0x00000000   Number         0  stubs.o ABSOLUTE
    _printf_e                                0x00000000   Number         0  stubs.o ABSOLUTE
    _printf_f                                0x00000000   Number         0  stubs.o ABSOLUTE
    _printf_flags                            0x00000000   Number         0  stubs.o ABSOLUTE
    _printf_fp_dec                           0x00000000   Number         0  stubs.o ABSOLUTE
    _printf_fp_hex                           0x00000000   Number         0  stubs.o ABSOLUTE
    _printf_g                                0x00000000   Number         0  stubs.o ABSOLUTE
    _printf_i                                0x00000000   Number         0  stubs.o ABSOLUTE
    _printf_int_dec                          0x00000000   Number         0  stubs.o ABSOLUTE
    _printf_l                                0x00000000   Number         0  stubs.o ABSOLUTE
    _printf_lc                               0x00000000   Number         0  stubs.o ABSOLUTE
    _printf_ll                               0x00000000   Number         0  stubs.o ABSOLUTE
    _printf_lld                              0x00000000   Number         0  stubs.o ABSOLUTE
    _printf_lli                              0x00000000   Number         0  stubs.o ABSOLUTE
    _printf_llo                              0x00000000   Number         0  stubs.o ABSOLUTE
    _printf_llu                              0x00000000   Number         0  stubs.o ABSOLUTE
    _printf_llx                              0x00000000   Number         0  stubs.o ABSOLUTE
    _printf_longlong_dec                     0x00000000   Number         0  stubs.o ABSOLUTE
    _printf_longlong_hex                     0x00000000   Number         0  stubs.o ABSOLUTE
    _printf_longlong_oct                     0x00000000   Number         0  stubs.o ABSOLUTE
    _printf_ls                               0x00000000   Number         0  stubs.o ABSOLUTE
    _printf_mbtowc                           0x00000000   Number         0  stubs.o ABSOLUTE
    _printf_n                                0x00000000   Number         0  stubs.o ABSOLUTE
    _printf_o                                0x00000000   Number         0  stubs.o ABSOLUTE
    _printf_p                                0x00000000   Number         0  stubs.o ABSOLUTE
    _printf_percent                          0x00000000   Number         0  stubs.o ABSOLUTE
    _printf_pre_padding                      0x00000000   Number         0  stubs.o ABSOLUTE
    _printf_return_value                     0x00000000   Number         0  stubs.o ABSOLUTE
    _printf_s                                0x00000000   Number         0  stubs.o ABSOLUTE
    _printf_sizespec                         0x00000000   Number         0  stubs.o ABSOLUTE
    _printf_str                              0x00000000   Number         0  stubs.o ABSOLUTE
    _printf_truncate_signed                  0x00000000   Number         0  stubs.o ABSOLUTE
    _printf_truncate_unsigned                0x00000000   Number         0  stubs.o ABSOLUTE
    _printf_u                                0x00000000   Number         0  stubs.o ABSOLUTE
    _printf_wc                               0x00000000   Number         0  stubs.o ABSOLUTE
    _printf_wctomb                           0x00000000   Number         0  stubs.o ABSOLUTE
    _printf_widthprec                        0x00000000   Number         0  stubs.o ABSOLUTE
    _printf_x                                0x00000000   Number         0  stubs.o ABSOLUTE
    __cpp_initialize__aeabi_                  - Undefined Weak Reference
    __cxa_finalize                            - Undefined Weak Reference
    _clock_init                               - Undefined Weak Reference
    _microlib_exit                            - Undefined Weak Reference
    __Vectors_Size                           0x000000ec   Number         0  startup_stm32f103xb.o ABSOLUTE
    __Vectors                                0x08000000   Data           4  startup_stm32f103xb.o(RESET)
    __Vectors_End                            0x080000ec   Data           0  startup_stm32f103xb.o(RESET)
    __main                                   0x080000ed   Thumb Code     0  entry.o(.ARM.Collect$$$$00000000)
    _main_stk                                0x080000ed   Thumb Code     0  entry2.o(.ARM.Collect$$$$00000001)
    _main_scatterload                        0x080000f1   Thumb Code     0  entry5.o(.ARM.Collect$$$$00000004)
    __main_after_scatterload                 0x080000f5   Thumb Code     0  entry5.o(.ARM.Collect$$$$00000004)
    _main_clock                              0x080000f5   Thumb Code     0  entry7b.o(.ARM.Collect$$$$00000008)
    _main_cpp_init                           0x080000f5   Thumb Code     0  entry8b.o(.ARM.Collect$$$$0000000A)
    _main_init                               0x080000f5   Thumb Code     0  entry9a.o(.ARM.Collect$$$$0000000B)
    __rt_final_cpp                           0x080000fd   Thumb Code     0  entry10a.o(.ARM.Collect$$$$0000000D)
    __rt_final_exit                          0x080000fd   Thumb Code     0  entry11a.o(.ARM.Collect$$$$0000000F)
    Reset_Handler                            0x08000101   Thumb Code     8  startup_stm32f103xb.o(.text)
    NMI_Handler                              0x08000109   Thumb Code     2  startup_stm32f103xb.o(.text)
    HardFault_Handler                        0x0800010b   Thumb Code     2  startup_stm32f103xb.o(.text)
    MemManage_Handler                        0x0800010d   Thumb Code     2  startup_stm32f103xb.o(.text)
    BusFault_Handler                         0x0800010f   Thumb Code     2  startup_stm32f103xb.o(.text)
    UsageFault_Handler                       0x08000111   Thumb Code     2  startup_stm32f103xb.o(.text)
    SVC_Handler                              0x08000113   Thumb Code     2  startup_stm32f103xb.o(.text)
    DebugMon_Handler                         0x08000115   Thumb Code     2  startup_stm32f103xb.o(.text)
    PendSV_Handler                           0x08000117   Thumb Code     2  startup_stm32f103xb.o(.text)
    ADC1_2_IRQHandler                        0x0800011b   Thumb Code     0  startup_stm32f103xb.o(.text)
    CAN1_RX1_IRQHandler                      0x0800011b   Thumb Code     0  startup_stm32f103xb.o(.text)
    CAN1_SCE_IRQHandler                      0x0800011b   Thumb Code     0  startup_stm32f103xb.o(.text)
    DMA1_Channel1_IRQHandler                 0x0800011b   Thumb Code     0  startup_stm32f103xb.o(.text)
    DMA1_Channel2_IRQHandler                 0x0800011b   Thumb Code     0  startup_stm32f103xb.o(.text)
    DMA1_Channel3_IRQHandler                 0x0800011b   Thumb Code     0  startup_stm32f103xb.o(.text)
    DMA1_Channel4_IRQHandler                 0x0800011b   Thumb Code     0  startup_stm32f103xb.o(.text)
    DMA1_Channel5_IRQHandler                 0x0800011b   Thumb Code     0  startup_stm32f103xb.o(.text)
    DMA1_Channel6_IRQHandler                 0x0800011b   Thumb Code     0  startup_stm32f103xb.o(.text)
    DMA1_Channel7_IRQHandler                 0x0800011b   Thumb Code     0  startup_stm32f103xb.o(.text)
    EXTI0_IRQHandler                         0x0800011b   Thumb Code     0  startup_stm32f103xb.o(.text)
    EXTI15_10_IRQHandler                     0x0800011b   Thumb Code     0  startup_stm32f103xb.o(.text)
    EXTI1_IRQHandler                         0x0800011b   Thumb Code     0  startup_stm32f103xb.o(.text)
    EXTI2_IRQHandler                         0x0800011b   Thumb Code     0  startup_stm32f103xb.o(.text)
    EXTI3_IRQHandler                         0x0800011b   Thumb Code     0  startup_stm32f103xb.o(.text)
    EXTI4_IRQHandler                         0x0800011b   Thumb Code     0  startup_stm32f103xb.o(.text)
    EXTI9_5_IRQHandler                       0x0800011b   Thumb Code     0  startup_stm32f103xb.o(.text)
    FLASH_IRQHandler                         0x0800011b   Thumb Code     0  startup_stm32f103xb.o(.text)
    I2C1_ER_IRQHandler                       0x0800011b   Thumb Code     0  startup_stm32f103xb.o(.text)
    I2C1_EV_IRQHandler                       0x0800011b   Thumb Code     0  startup_stm32f103xb.o(.text)
    I2C2_ER_IRQHandler                       0x0800011b   Thumb Code     0  startup_stm32f103xb.o(.text)
    I2C2_EV_IRQHandler                       0x0800011b   Thumb Code     0  startup_stm32f103xb.o(.text)
    PVD_IRQHandler                           0x0800011b   Thumb Code     0  startup_stm32f103xb.o(.text)
    RTC_Alarm_IRQHandler                     0x0800011b   Thumb Code     0  startup_stm32f103xb.o(.text)
    RTC_IRQHandler                           0x0800011b   Thumb Code     0  startup_stm32f103xb.o(.text)
    SPI1_IRQHandler                          0x0800011b   Thumb Code     0  startup_stm32f103xb.o(.text)
    SPI2_IRQHandler                          0x0800011b   Thumb Code     0  startup_stm32f103xb.o(.text)
    TAMPER_IRQHandler                        0x0800011b   Thumb Code     0  startup_stm32f103xb.o(.text)
    TIM1_BRK_IRQHandler                      0x0800011b   Thumb Code     0  startup_stm32f103xb.o(.text)
    TIM1_CC_IRQHandler                       0x0800011b   Thumb Code     0  startup_stm32f103xb.o(.text)
    TIM1_TRG_COM_IRQHandler                  0x0800011b   Thumb Code     0  startup_stm32f103xb.o(.text)
    TIM1_UP_IRQHandler                       0x0800011b   Thumb Code     0  startup_stm32f103xb.o(.text)
    TIM2_IRQHandler                          0x0800011b   Thumb Code     0  startup_stm32f103xb.o(.text)
    TIM4_IRQHandler                          0x0800011b   Thumb Code     0  startup_stm32f103xb.o(.text)
    USART1_IRQHandler                        0x0800011b   Thumb Code     0  startup_stm32f103xb.o(.text)
    USART2_IRQHandler                        0x0800011b   Thumb Code     0  startup_stm32f103xb.o(.text)
    USART3_IRQHandler                        0x0800011b   Thumb Code     0  startup_stm32f103xb.o(.text)
    USBWakeUp_IRQHandler                     0x0800011b   Thumb Code     0  startup_stm32f103xb.o(.text)
    USB_HP_CAN1_TX_IRQHandler                0x0800011b   Thumb Code     0  startup_stm32f103xb.o(.text)
    USB_LP_CAN1_RX0_IRQHandler               0x0800011b   Thumb Code     0  startup_stm32f103xb.o(.text)
    WWDG_IRQHandler                          0x0800011b   Thumb Code     0  startup_stm32f103xb.o(.text)
    __aeabi_uldivmod                         0x08000125   Thumb Code    98  uldiv.o(.text)
    __aeabi_llsr                             0x08000187   Thumb Code    32  llushr.o(.text)
    _ll_ushift_r                             0x08000187   Thumb Code     0  llushr.o(.text)
    __aeabi_memcpy                           0x080001a7   Thumb Code    36  memcpya.o(.text)
    __aeabi_memcpy4                          0x080001a7   Thumb Code     0  memcpya.o(.text)
    __aeabi_memcpy8                          0x080001a7   Thumb Code     0  memcpya.o(.text)
    strlen                                   0x080001cb   Thumb Code    14  strlen.o(.text)
    strcmp                                   0x080001d9   Thumb Code    28  strcmp.o(.text)
    strcpy                                   0x080001f5   Thumb Code    18  strcpy.o(.text)
    atoi                                     0x08000207   Thumb Code    26  atoi.o(.text)
    __aeabi_uidiv                            0x08000221   Thumb Code     0  uidiv.o(.text)
    __aeabi_uidivmod                         0x08000221   Thumb Code    44  uidiv.o(.text)
    __aeabi_llsl                             0x0800024d   Thumb Code    30  llshl.o(.text)
    _ll_shift_l                              0x0800024d   Thumb Code     0  llshl.o(.text)
    strtol                                   0x0800026b   Thumb Code   112  strtol.o(.text)
    __scatterload                            0x080002dd   Thumb Code    28  init.o(.text)
    __scatterload_rt2                        0x080002dd   Thumb Code     0  init.o(.text)
    __rt_ctype_table                         0x08000301   Thumb Code     4  ctype_o.o(.text)
    _strtoul                                 0x08000309   Thumb Code   158  _strtoul.o(.text)
    _chval                                   0x080003a7   Thumb Code    28  _chval.o(.text)
    __decompress                             0x080003c3   Thumb Code     0  __dczerorl2.o(.text)
    __decompress1                            0x080003c3   Thumb Code    86  __dczerorl2.o(.text)
    HAL_Delay                                0x08000419   Thumb Code    26  stm32f1xx_hal.o(i.HAL_Delay)
    HAL_GPIO_Init                            0x08000435   Thumb Code   764  stm32f1xx_hal_gpio.o(i.HAL_GPIO_Init)
    HAL_GPIO_ReadPin                         0x08000751   Thumb Code    16  stm32f1xx_hal_gpio.o(i.HAL_GPIO_ReadPin)
    HAL_GPIO_WritePin                        0x08000761   Thumb Code    12  stm32f1xx_hal_gpio.o(i.HAL_GPIO_WritePin)
    HAL_GetTick                              0x0800076d   Thumb Code     6  stm32f1xx_hal.o(i.HAL_GetTick)
    HAL_IncTick                              0x08000779   Thumb Code    12  stm32f1xx_hal.o(i.HAL_IncTick)
    HAL_Init                                 0x08000789   Thumb Code    34  stm32f1xx_hal.o(i.HAL_Init)
    HAL_InitTick                             0x080007b1   Thumb Code    36  stm32f1xx_hal.o(i.HAL_InitTick)
    HAL_MspInit                              0x080007d5   Thumb Code    80  stm32f1xx_hal_msp.o(i.HAL_MspInit)
    HAL_NVIC_EnableIRQ                       0x0800082d   Thumb Code    26  stm32f1xx_hal_cortex.o(i.HAL_NVIC_EnableIRQ)
    HAL_NVIC_SetPriority                     0x08000847   Thumb Code   124  stm32f1xx_hal_cortex.o(i.HAL_NVIC_SetPriority)
    HAL_NVIC_SetPriorityGrouping             0x080008c5   Thumb Code    32  stm32f1xx_hal_cortex.o(i.HAL_NVIC_SetPriorityGrouping)
    HAL_PWR_EnableBkUpAccess                 0x080008ed   Thumb Code    20  stm32f1xx_hal_pwr.o(i.HAL_PWR_EnableBkUpAccess)
    HAL_RCCEx_GetPeriphCLKFreq               0x08000905   Thumb Code   296  stm32f1xx_hal_rcc_ex.o(i.HAL_RCCEx_GetPeriphCLKFreq)
    HAL_RCCEx_PeriphCLKConfig                0x08000a4d   Thumb Code   362  stm32f1xx_hal_rcc_ex.o(i.HAL_RCCEx_PeriphCLKConfig)
    HAL_RCC_ClockConfig                      0x08000bc5   Thumb Code  1072  stm32f1xx_hal_rcc_ex.o(i.HAL_RCC_ClockConfig)
    HAL_RCC_GetHCLKFreq                      0x08000ff9   Thumb Code    42  stm32f1xx_hal_rcc.o(i.HAL_RCC_GetHCLKFreq)
    HAL_RCC_GetPCLK2Freq                     0x08001031   Thumb Code    36  stm32f1xx_hal_rcc.o(i.HAL_RCC_GetPCLK2Freq)
    HAL_RCC_GetSysClockFreq                  0x0800105d   Thumb Code   146  stm32f1xx_hal_rcc.o(i.HAL_RCC_GetSysClockFreq)
    HAL_RCC_OscConfig                        0x08001111   Thumb Code  2470  stm32f1xx_hal_rcc.o(i.HAL_RCC_OscConfig)
    HAL_RTC_Init                             0x08001ac1   Thumb Code   202  stm32f1xx_hal_rtc.o(i.HAL_RTC_Init)
    HAL_RTC_MspInit                          0x08001b91   Thumb Code    68  stm32f1xx_hal_msp.o(i.HAL_RTC_MspInit)
    HAL_RTC_SetDate                          0x08001be1   Thumb Code   242  stm32f1xx_hal_rtc.o(i.HAL_RTC_SetDate)
    HAL_RTC_SetTime                          0x08001cd9   Thumb Code   214  stm32f1xx_hal_rtc.o(i.HAL_RTC_SetTime)
    HAL_RTC_WaitForSynchro                   0x08001db5   Thumb Code    64  stm32f1xx_hal_rtc.o(i.HAL_RTC_WaitForSynchro)
    HAL_SPI_Init                             0x08001df5   Thumb Code   134  stm32f1xx_hal_spi_ex.o(i.HAL_SPI_Init)
    HAL_SPI_MspInit                          0x08001e81   Thumb Code    86  stm32f1xx_hal_msp.o(i.HAL_SPI_MspInit)
    HAL_SPI_Transmit                         0x08001ee5   Thumb Code   448  stm32f1xx_hal_spi.o(i.HAL_SPI_Transmit)
    HAL_SPI_TransmitReceive                  0x080020a5   Thumb Code   836  stm32f1xx_hal_spi.o(i.HAL_SPI_TransmitReceive)
    HAL_SYSTICK_Callback                     0x080023e9   Thumb Code     2  stm32f1xx_hal_cortex.o(i.HAL_SYSTICK_Callback)
    HAL_SYSTICK_Config                       0x080023eb   Thumb Code    52  stm32f1xx_hal_cortex.o(i.HAL_SYSTICK_Config)
    HAL_SYSTICK_IRQHandler                   0x0800241f   Thumb Code     8  stm32f1xx_hal_cortex.o(i.HAL_SYSTICK_IRQHandler)
    HAL_TIMEx_BreakCallback                  0x08002427   Thumb Code     2  stm32f1xx_hal_tim_ex.o(i.HAL_TIMEx_BreakCallback)
    HAL_TIMEx_CommutationCallback            0x08002429   Thumb Code     2  stm32f1xx_hal_tim_ex.o(i.HAL_TIMEx_CommutationCallback)
    HAL_TIMEx_MasterConfigSynchronization    0x0800242b   Thumb Code    98  stm32f1xx_hal_tim_ex.o(i.HAL_TIMEx_MasterConfigSynchronization)
    HAL_TIM_Base_Init                        0x0800248d   Thumb Code    52  stm32f1xx_hal_tim.o(i.HAL_TIM_Base_Init)
    HAL_TIM_Base_MspInit                     0x080024c1   Thumb Code    82  stm32f1xx_hal_msp.o(i.HAL_TIM_Base_MspInit)
    HAL_TIM_Base_Start                       0x08002521   Thumb Code    30  stm32f1xx_hal_tim.o(i.HAL_TIM_Base_Start)
    HAL_TIM_ConfigClockSource                0x0800253f   Thumb Code   306  stm32f1xx_hal_tim.o(i.HAL_TIM_ConfigClockSource)
    HAL_TIM_IC_CaptureCallback               0x08002671   Thumb Code     2  stm32f1xx_hal_tim.o(i.HAL_TIM_IC_CaptureCallback)
    HAL_TIM_IRQHandler                       0x08002673   Thumb Code   406  stm32f1xx_hal_tim.o(i.HAL_TIM_IRQHandler)
    HAL_TIM_OC_DelayElapsedCallback          0x08002809   Thumb Code     2  stm32f1xx_hal_tim.o(i.HAL_TIM_OC_DelayElapsedCallback)
    HAL_TIM_PWM_ConfigChannel                0x0800280b   Thumb Code   264  stm32f1xx_hal_tim.o(i.HAL_TIM_PWM_ConfigChannel)
    HAL_TIM_PWM_Init                         0x08002913   Thumb Code    52  stm32f1xx_hal_tim.o(i.HAL_TIM_PWM_Init)
    HAL_TIM_PWM_MspInit                      0x08002949   Thumb Code    82  stm32f1xx_hal_msp.o(i.HAL_TIM_PWM_MspInit)
    HAL_TIM_PWM_PulseFinishedCallback        0x080029a9   Thumb Code     2  stm32f1xx_hal_tim.o(i.HAL_TIM_PWM_PulseFinishedCallback)
    HAL_TIM_PWM_Start                        0x080029ad   Thumb Code    60  stm32f1xx_hal_tim.o(i.HAL_TIM_PWM_Start)
    HAL_TIM_PeriodElapsedCallback            0x080029ed   Thumb Code     2  stm32f1xx_hal_tim.o(i.HAL_TIM_PeriodElapsedCallback)
    HAL_TIM_TriggerCallback                  0x080029ef   Thumb Code     2  stm32f1xx_hal_tim.o(i.HAL_TIM_TriggerCallback)
    QMTT_Get                                 0x08002c59   Thumb Code    40  main.o(i.QMTT_Get)
    QMTT_SendInTopic                         0x08002c81   Thumb Code    60  nrf24.o(i.QMTT_SendInTopic)
    QMTT_SendOutTopic                        0x08002cbd   Thumb Code    60  nrf24.o(i.QMTT_SendOutTopic)
    QMTT_SendTextMessage                     0x08002cf9   Thumb Code   104  nrf24.o(i.QMTT_SendTextMessage)
    RCC_IRQHandler                           0x08002d61   Thumb Code     2  stm32f1xx_it.o(i.RCC_IRQHandler)
    SysTick_Handler                          0x0800302d   Thumb Code    12  stm32f1xx_it.o(i.SysTick_Handler)
    SystemClock_Config                       0x08003039   Thumb Code    82  main.o(i.SystemClock_Config)
    SystemInit                               0x0800308d   Thumb Code    70  system_stm32f1xx.o(i.SystemInit)
    TIM3_IRQHandler                          0x080030e5   Thumb Code    10  stm32f1xx_it.o(i.TIM3_IRQHandler)
    TIM_Base_SetConfig                       0x080030f5   Thumb Code    94  stm32f1xx_hal_tim.o(i.TIM_Base_SetConfig)
    TIM_CCxChannelCmd                        0x08003161   Thumb Code    28  stm32f1xx_hal_tim.o(i.TIM_CCxChannelCmd)
    TIM_OC2_SetConfig                        0x0800320d   Thumb Code   106  stm32f1xx_hal_tim.o(i.TIM_OC2_SetConfig)
    __0sprintf$3                             0x08003391   Thumb Code    34  printf3.o(i.__0sprintf$3)
    __1sprintf$3                             0x08003391   Thumb Code     0  printf3.o(i.__0sprintf$3)
    __2sprintf                               0x08003391   Thumb Code     0  printf3.o(i.__0sprintf$3)
    __aeabi_errno_addr                       0x080033b9   Thumb Code     4  errno.o(i.__aeabi_errno_addr)
    __rt_errno_addr                          0x080033b9   Thumb Code     0  errno.o(i.__aeabi_errno_addr)
    __scatterload_copy                       0x080033c1   Thumb Code    14  handlers.o(i.__scatterload_copy)
    __scatterload_null                       0x080033cf   Thumb Code     2  handlers.o(i.__scatterload_null)
    __scatterload_zeroinit                   0x080033d1   Thumb Code    14  handlers.o(i.__scatterload_zeroinit)
    aes128_dec                               0x080035a3   Thumb Code    18  aes128_dec.o(i.aes128_dec)
    aes128_enc                               0x080035b5   Thumb Code    18  aes128_enc.o(i.aes128_enc)
    aes128_init                              0x080035c7   Thumb Code    18  aes_keyschedule.o(i.aes128_init)
    aes_decrypt_core                         0x08003785   Thumb Code    70  aes_dec.o(i.aes_decrypt_core)
    aes_encrypt_core                         0x08003951   Thumb Code    70  aes_enc.o(i.aes_encrypt_core)
    aes_init                                 0x08003999   Thumb Code   234  aes_keyschedule.o(i.aes_init)
    aes_invshiftcol                          0x08003a8d   Thumb Code    82  aes_dec.o(i.aes_invshiftcol)
    aes_shiftcol                             0x08003af1   Thumb Code    74  aes_enc.o(i.aes_shiftcol)
    getXPow                                  0x08003b3b   Thumb Code    84  main.o(i.getXPow)
    gf256mul                                 0x08003b8f   Thumb Code    42  gf256mul.o(i.gf256mul)
    interpretateQMTTMessage                  0x08003bb9   Thumb Code   220  main.o(i.interpretateQMTTMessage)
    main                                     0x08003ccd   Thumb Code   352  main.o(i.main)
    nrf24_config                             0x08003e69   Thumb Code   124  nrf24.o(i.nrf24_config)
    nrf24_configRegister                     0x08003ee9   Thumb Code    48  nrf24.o(i.nrf24_configRegister)
    nrf24_dataReady                          0x08003f1d   Thumb Code    32  nrf24.o(i.nrf24_dataReady)
    nrf24_dataReadyPipeNo                    0x08003f3d   Thumb Code    12  nrf24.o(i.nrf24_dataReadyPipeNo)
    nrf24_getData                            0x08003f49   Thumb Code    54  nrf24.o(i.nrf24_getData)
    nrf24_getStatus                          0x08003f89   Thumb Code    36  nrf24.o(i.nrf24_getStatus)
    nrf24_init                               0x08003fb1   Thumb Code    32  nrf24.o(i.nrf24_init)
    nrf24_isSending                          0x08003fd9   Thumb Code    22  nrf24.o(i.nrf24_isSending)
    nrf24_powerUpRx                          0x08003ff1   Thumb Code    70  nrf24.o(i.nrf24_powerUpRx)
    nrf24_powerUpTx                          0x0800403d   Thumb Code    20  nrf24.o(i.nrf24_powerUpTx)
    nrf24_readRegister                       0x08004051   Thumb Code    50  nrf24.o(i.nrf24_readRegister)
    nrf24_rxFifoEmpty                        0x08004089   Thumb Code    22  nrf24.o(i.nrf24_rxFifoEmpty)
    nrf24_rx_address                         0x080040a1   Thumb Code    54  nrf24.o(i.nrf24_rx_address)
    nrf24_send                               0x080040dd   Thumb Code    16  nrf24.o(i.nrf24_send)
    nrf24_sendDL                             0x080040f1   Thumb Code    98  nrf24.o(i.nrf24_sendDL)
    nrf24_transferSync                       0x08004159   Thumb Code    34  nrf24.o(i.nrf24_transferSync)
    nrf24_transmitSync                       0x0800417d   Thumb Code    22  nrf24.o(i.nrf24_transmitSync)
    nrf24_tx_address                         0x08004199   Thumb Code    26  nrf24.o(i.nrf24_tx_address)
    nrf24_writeRegister                      0x080041b5   Thumb Code    52  nrf24.o(i.nrf24_writeRegister)
    refreshHardwareState                     0x080041ed   Thumb Code    74  main.o(i.refreshHardwareState)
    sendDimerStateToQMTTServer               0x08004251   Thumb Code    50  main.o(i.sendDimerStateToQMTTServer)
    sendFullStatesToQMTTServer               0x08004299   Thumb Code   112  main.o(i.sendFullStatesToQMTTServer)
    sendNRF                                  0x08004339   Thumb Code    26  nrf24.o(i.sendNRF)
    sendSwitchStateToQMTTServer              0x08004355   Thumb Code    60  main.o(i.sendSwitchStateToQMTTServer)
    spi_transfer                             0x080043a9   Thumb Code    28  nrf24.o(i.spi_transfer)
    aAPBAHBPrescTable                        0x080043c8   Data          16  stm32f1xx_hal_rcc.o(.constdata)
    aes_invsbox                              0x080043d8   Data         256  aes_invsbox.o(.constdata)
    rc_tab                                   0x080044d8   Data          10  aes_keyschedule.o(.constdata)
    aes_sbox                                 0x080044e2   Data         256  aes_sbox.o(.constdata)
    __ctype_table                            0x080045e2   Data         129  ctype_o.o(.constdata)
    Region$$Table$$Base                      0x08004668   Number         0  anon$$obj.o(Region$$Table)
    Region$$Table$$Limit                     0x08004688   Number         0  anon$$obj.o(Region$$Table)
    SystemCoreClock                          0x20000000   Data           4  system_stm32f1xx.o(.data)
    AHBPrescTable                            0x20000004   Data          16  system_stm32f1xx.o(.data)
    uCRCErrorWorkaroundCheck                 0x20000014   Data           1  stm32f1xx_hal_spi_ex.o(.data)
    zond_address                             0x2000001c   Data           5  main.o(.data)
    openhab_gate_address_pipe0               0x20000021   Data           5  main.o(.data)
    openhab_gate_address_pipe1               0x20000026   Data           5  main.o(.data)
    master_controller_address_pipe0          0x2000002b   Data           5  main.o(.data)
    master_controller_address_pipe1          0x20000030   Data           5  main.o(.data)
    master_controller_address_pipe2          0x20000035   Data           5  main.o(.data)
    master_controller_address_pipe3          0x2000003a   Data           5  main.o(.data)
    master_controller_address_pipe4          0x2000003f   Data           5  main.o(.data)
    master_controller_address_pipe5          0x20000044   Data           5  main.o(.data)
    AES_key                                  0x20000049   Data          16  main.o(.data)
    nrf24_payload_len                        0x2000018c   Data           1  nrf24.o(.data)
    hrtc                                     0x20000194   Data          20  main.o(.bss)
    hspi2                                    0x200001a8   Data          88  main.o(.bss)
    htim3                                    0x20000200   Data          60  main.o(.bss)
    AES_ctx                                  0x2000023c   Data         176  main.o(.bss)
    phrase                                   0x200002ec   Data          16  main.o(.bss)
    __initial_sp                             0x20000700   Data           0  startup_stm32f103xb.o(STACK)



==============================================================================

Memory Map of the image

  Image Entry point : 0x080000ed

  Load Region LR_IROM1 (Base: 0x08000000, Size: 0x0000481c, Max: 0x00020000, ABSOLUTE, COMPRESSED[0x000046ec])

    Execution Region ER_IROM1 (Base: 0x08000000, Size: 0x00004688, Max: 0x00020000, ABSOLUTE)

    Base Addr    Size         Type   Attr      Idx    E Section Name        Object

    0x08000000   0x000000ec   Data   RO         2796    RESET               startup_stm32f103xb.o
    0x080000ec   0x00000000   Code   RO         3220  * .ARM.Collect$$$$00000000  mc_w.l(entry.o)
    0x080000ec   0x00000004   Code   RO         3500    .ARM.Collect$$$$00000001  mc_w.l(entry2.o)
    0x080000f0   0x00000004   Code   RO         3503    .ARM.Collect$$$$00000004  mc_w.l(entry5.o)
    0x080000f4   0x00000000   Code   RO         3505    .ARM.Collect$$$$00000008  mc_w.l(entry7b.o)
    0x080000f4   0x00000000   Code   RO         3507    .ARM.Collect$$$$0000000A  mc_w.l(entry8b.o)
    0x080000f4   0x00000008   Code   RO         3508    .ARM.Collect$$$$0000000B  mc_w.l(entry9a.o)
    0x080000fc   0x00000000   Code   RO         3510    .ARM.Collect$$$$0000000D  mc_w.l(entry10a.o)
    0x080000fc   0x00000000   Code   RO         3512    .ARM.Collect$$$$0000000F  mc_w.l(entry11a.o)
    0x080000fc   0x00000004   Code   RO         3501    .ARM.Collect$$$$00002712  mc_w.l(entry2.o)
    0x08000100   0x00000024   Code   RO         2797    .text               startup_stm32f103xb.o
    0x08000124   0x00000062   Code   RO         3223    .text               mc_w.l(uldiv.o)
    0x08000186   0x00000020   Code   RO         3225    .text               mc_w.l(llushr.o)
    0x080001a6   0x00000024   Code   RO         3227    .text               mc_w.l(memcpya.o)
    0x080001ca   0x0000000e   Code   RO         3229    .text               mc_w.l(strlen.o)
    0x080001d8   0x0000001c   Code   RO         3231    .text               mc_w.l(strcmp.o)
    0x080001f4   0x00000012   Code   RO         3233    .text               mc_w.l(strcpy.o)
    0x08000206   0x0000001a   Code   RO         3498    .text               mc_w.l(atoi.o)
    0x08000220   0x0000002c   Code   RO         3517    .text               mc_w.l(uidiv.o)
    0x0800024c   0x0000001e   Code   RO         3519    .text               mc_w.l(llshl.o)
    0x0800026a   0x00000070   Code   RO         3528    .text               mc_w.l(strtol.o)
    0x080002da   0x00000002   PAD
    0x080002dc   0x00000024   Code   RO         3541    .text               mc_w.l(init.o)
    0x08000300   0x00000008   Code   RO         3546    .text               mc_w.l(ctype_o.o)
    0x08000308   0x0000009e   Code   RO         3574    .text               mc_w.l(_strtoul.o)
    0x080003a6   0x0000001c   Code   RO         3579    .text               mc_w.l(_chval.o)
    0x080003c2   0x00000056   Code   RO         3589    .text               mc_w.l(__dczerorl2.o)
    0x08000418   0x0000001a   Code   RO          962    i.HAL_Delay         stm32f1xx_hal.o
    0x08000432   0x00000002   PAD
    0x08000434   0x0000031c   Code   RO          287    i.HAL_GPIO_Init     stm32f1xx_hal_gpio.o
    0x08000750   0x00000010   Code   RO          289    i.HAL_GPIO_ReadPin  stm32f1xx_hal_gpio.o
    0x08000760   0x0000000c   Code   RO          291    i.HAL_GPIO_WritePin  stm32f1xx_hal_gpio.o
    0x0800076c   0x0000000c   Code   RO          966    i.HAL_GetTick       stm32f1xx_hal.o
    0x08000778   0x00000010   Code   RO          967    i.HAL_IncTick       stm32f1xx_hal.o
    0x08000788   0x00000028   Code   RO          968    i.HAL_Init          stm32f1xx_hal.o
    0x080007b0   0x00000024   Code   RO          969    i.HAL_InitTick      stm32f1xx_hal.o
    0x080007d4   0x00000058   Code   RO         2506    i.HAL_MspInit       stm32f1xx_hal_msp.o
    0x0800082c   0x0000001a   Code   RO          835    i.HAL_NVIC_EnableIRQ  stm32f1xx_hal_cortex.o
    0x08000846   0x0000007c   Code   RO          841    i.HAL_NVIC_SetPriority  stm32f1xx_hal_cortex.o
    0x080008c2   0x00000002   PAD
    0x080008c4   0x00000028   Code   RO          842    i.HAL_NVIC_SetPriorityGrouping  stm32f1xx_hal_cortex.o
    0x080008ec   0x00000018   Code   RO          166    i.HAL_PWR_EnableBkUpAccess  stm32f1xx_hal_pwr.o
    0x08000904   0x00000148   Code   RO         1167    i.HAL_RCCEx_GetPeriphCLKFreq  stm32f1xx_hal_rcc_ex.o
    0x08000a4c   0x00000178   Code   RO         1168    i.HAL_RCCEx_PeriphCLKConfig  stm32f1xx_hal_rcc_ex.o
    0x08000bc4   0x00000434   Code   RO         1169    i.HAL_RCC_ClockConfig  stm32f1xx_hal_rcc_ex.o
    0x08000ff8   0x00000038   Code   RO         1220    i.HAL_RCC_GetHCLKFreq  stm32f1xx_hal_rcc.o
    0x08001030   0x0000002c   Code   RO         1223    i.HAL_RCC_GetPCLK2Freq  stm32f1xx_hal_rcc.o
    0x0800105c   0x000000b4   Code   RO         1224    i.HAL_RCC_GetSysClockFreq  stm32f1xx_hal_rcc.o
    0x08001110   0x000009b0   Code   RO         1227    i.HAL_RCC_OscConfig  stm32f1xx_hal_rcc.o
    0x08001ac0   0x000000d0   Code   RO         1327    i.HAL_RTC_Init      stm32f1xx_hal_rtc.o
    0x08001b90   0x00000050   Code   RO         2508    i.HAL_RTC_MspInit   stm32f1xx_hal_msp.o
    0x08001be0   0x000000f8   Code   RO         1333    i.HAL_RTC_SetDate   stm32f1xx_hal_rtc.o
    0x08001cd8   0x000000dc   Code   RO         1334    i.HAL_RTC_SetTime   stm32f1xx_hal_rtc.o
    0x08001db4   0x00000040   Code   RO         1335    i.HAL_RTC_WaitForSynchro  stm32f1xx_hal_rtc.o
    0x08001df4   0x0000008c   Code   RO          350    i.HAL_SPI_Init      stm32f1xx_hal_spi_ex.o
    0x08001e80   0x00000064   Code   RO         2510    i.HAL_SPI_MspInit   stm32f1xx_hal_msp.o
    0x08001ee4   0x000001c0   Code   RO          511    i.HAL_SPI_Transmit  stm32f1xx_hal_spi.o
    0x080020a4   0x00000344   Code   RO          512    i.HAL_SPI_TransmitReceive  stm32f1xx_hal_spi.o
    0x080023e8   0x00000002   Code   RO          845    i.HAL_SYSTICK_Callback  stm32f1xx_hal_cortex.o
    0x080023ea   0x00000034   Code   RO          846    i.HAL_SYSTICK_Config  stm32f1xx_hal_cortex.o
    0x0800241e   0x00000008   Code   RO          847    i.HAL_SYSTICK_IRQHandler  stm32f1xx_hal_cortex.o
    0x08002426   0x00000002   Code   RO         2273    i.HAL_TIMEx_BreakCallback  stm32f1xx_hal_tim_ex.o
    0x08002428   0x00000002   Code   RO         2274    i.HAL_TIMEx_CommutationCallback  stm32f1xx_hal_tim_ex.o
    0x0800242a   0x00000062   Code   RO         2290    i.HAL_TIMEx_MasterConfigSynchronization  stm32f1xx_hal_tim_ex.o
    0x0800248c   0x00000034   Code   RO         1634    i.HAL_TIM_Base_Init  stm32f1xx_hal_tim.o
    0x080024c0   0x00000060   Code   RO         2512    i.HAL_TIM_Base_MspInit  stm32f1xx_hal_msp.o
    0x08002520   0x0000001e   Code   RO         1637    i.HAL_TIM_Base_Start  stm32f1xx_hal_tim.o
    0x0800253e   0x00000132   Code   RO         1643    i.HAL_TIM_ConfigClockSource  stm32f1xx_hal_tim.o
    0x08002670   0x00000002   Code   RO         1663    i.HAL_TIM_IC_CaptureCallback  stm32f1xx_hal_tim.o
    0x08002672   0x00000196   Code   RO         1676    i.HAL_TIM_IRQHandler  stm32f1xx_hal_tim.o
    0x08002808   0x00000002   Code   RO         1679    i.HAL_TIM_OC_DelayElapsedCallback  stm32f1xx_hal_tim.o
    0x0800280a   0x00000108   Code   RO         1700    i.HAL_TIM_PWM_ConfigChannel  stm32f1xx_hal_tim.o
    0x08002912   0x00000034   Code   RO         1703    i.HAL_TIM_PWM_Init  stm32f1xx_hal_tim.o
    0x08002946   0x00000002   PAD
    0x08002948   0x00000060   Code   RO         2514    i.HAL_TIM_PWM_MspInit  stm32f1xx_hal_msp.o
    0x080029a8   0x00000002   Code   RO         1706    i.HAL_TIM_PWM_PulseFinishedCallback  stm32f1xx_hal_tim.o
    0x080029aa   0x00000002   PAD
    0x080029ac   0x00000040   Code   RO         1707    i.HAL_TIM_PWM_Start  stm32f1xx_hal_tim.o
    0x080029ec   0x00000002   Code   RO         1713    i.HAL_TIM_PeriodElapsedCallback  stm32f1xx_hal_tim.o
    0x080029ee   0x00000002   Code   RO         1717    i.HAL_TIM_TriggerCallback  stm32f1xx_hal_tim.o
    0x080029f0   0x00000138   Code   RO         2579    i.MX_GPIO_Init      main.o
    0x08002b28   0x00000058   Code   RO         2580    i.MX_RTC_Init       main.o
    0x08002b80   0x00000038   Code   RO         2581    i.MX_SPI2_Init      main.o
    0x08002bb8   0x00000068   Code   RO         2582    i.MX_TIM3_Init      main.o
    0x08002c20   0x00000010   Code   RO          848    i.NVIC_GetPriorityGrouping  stm32f1xx_hal_cortex.o
    0x08002c30   0x00000028   Code   RO          849    i.NVIC_SetPriority  stm32f1xx_hal_cortex.o
    0x08002c58   0x00000028   Code   RO         2583    i.QMTT_Get          main.o
    0x08002c80   0x0000003c   Code   RO         3019    i.QMTT_SendInTopic  nrf24.o
    0x08002cbc   0x0000003c   Code   RO         3020    i.QMTT_SendOutTopic  nrf24.o
    0x08002cf8   0x00000068   Code   RO         3021    i.QMTT_SendTextMessage  nrf24.o
    0x08002d60   0x00000002   Code   RO         2757    i.RCC_IRQHandler    stm32f1xx_it.o
    0x08002d62   0x00000016   Code   RO         1336    i.RTC_Bcd2ToByte    stm32f1xx_hal_rtc.o
    0x08002d78   0x0000003a   Code   RO         1339    i.RTC_EnterInitMode  stm32f1xx_hal_rtc.o
    0x08002db2   0x0000003a   Code   RO         1340    i.RTC_ExitInitMode  stm32f1xx_hal_rtc.o
    0x08002dec   0x00000018   Code   RO         1342    i.RTC_ReadAlarmCounter  stm32f1xx_hal_rtc.o
    0x08002e04   0x00000034   Code   RO         1343    i.RTC_ReadTimeCounter  stm32f1xx_hal_rtc.o
    0x08002e38   0x00000084   Code   RO         1344    i.RTC_WeekDayNum    stm32f1xx_hal_rtc.o
    0x08002ebc   0x0000002e   Code   RO         1345    i.RTC_WriteAlarmCounter  stm32f1xx_hal_rtc.o
    0x08002eea   0x0000002e   Code   RO         1346    i.RTC_WriteTimeCounter  stm32f1xx_hal_rtc.o
    0x08002f18   0x00000114   Code   RO          534    i.SPI_WaitOnFlagUntilTimeout  stm32f1xx_hal_spi.o
    0x0800302c   0x0000000c   Code   RO         2758    i.SysTick_Handler   stm32f1xx_it.o
    0x08003038   0x00000052   Code   RO         2584    i.SystemClock_Config  main.o
    0x0800308a   0x00000002   PAD
    0x0800308c   0x00000058   Code   RO            5    i.SystemInit        system_stm32f1xx.o
    0x080030e4   0x00000010   Code   RO         2759    i.TIM3_IRQHandler   stm32f1xx_it.o
    0x080030f4   0x0000006c   Code   RO         1718    i.TIM_Base_SetConfig  stm32f1xx_hal_tim.o
    0x08003160   0x0000001c   Code   RO         1719    i.TIM_CCxChannelCmd  stm32f1xx_hal_tim.o
    0x0800317c   0x00000018   Code   RO         1725    i.TIM_ETR_SetConfig  stm32f1xx_hal_tim.o
    0x08003194   0x00000014   Code   RO         1726    i.TIM_ITRx_SetConfig  stm32f1xx_hal_tim.o
    0x080031a8   0x00000064   Code   RO         1727    i.TIM_OC1_SetConfig  stm32f1xx_hal_tim.o
    0x0800320c   0x00000070   Code   RO         1728    i.TIM_OC2_SetConfig  stm32f1xx_hal_tim.o
    0x0800327c   0x0000006c   Code   RO         1729    i.TIM_OC3_SetConfig  stm32f1xx_hal_tim.o
    0x080032e8   0x00000050   Code   RO         1730    i.TIM_OC4_SetConfig  stm32f1xx_hal_tim.o
    0x08003338   0x0000002a   Code   RO         1732    i.TIM_TI1_ConfigInputStage  stm32f1xx_hal_tim.o
    0x08003362   0x0000002c   Code   RO         1734    i.TIM_TI2_ConfigInputStage  stm32f1xx_hal_tim.o
    0x0800338e   0x00000002   PAD
    0x08003390   0x00000028   Code   RO         3328    i.__0sprintf$3      mc_w.l(printf3.o)
    0x080033b8   0x00000008   Code   RO         3521    i.__aeabi_errno_addr  mc_w.l(errno.o)
    0x080033c0   0x0000000e   Code   RO         3583    i.__scatterload_copy  mc_w.l(handlers.o)
    0x080033ce   0x00000002   Code   RO         3584    i.__scatterload_null  mc_w.l(handlers.o)
    0x080033d0   0x0000000e   Code   RO         3585    i.__scatterload_zeroinit  mc_w.l(handlers.o)
    0x080033de   0x00000002   PAD
    0x080033e0   0x000001b8   Code   RO         3333    i._printf_core      mc_w.l(printf3.o)
    0x08003598   0x0000000a   Code   RO         3335    i._sputc            mc_w.l(printf3.o)
    0x080035a2   0x00000012   Code   RO         2932    i.aes128_dec        aes128_dec.o
    0x080035b4   0x00000012   Code   RO         2944    i.aes128_enc        aes128_enc.o
    0x080035c6   0x00000012   Code   RO         2884    i.aes128_init       aes_keyschedule.o
    0x080035d8   0x0000004c   Code   RO         2801    i.aes_dec_firstround  aes_dec.o
    0x08003624   0x00000160   Code   RO         2802    i.aes_dec_round     aes_dec.o
    0x08003784   0x00000046   Code   RO         2803    i.aes_decrypt_core  aes_dec.o
    0x080037ca   0x00000002   PAD
    0x080037cc   0x0000004c   Code   RO         2845    i.aes_enc_lastround  aes_enc.o
    0x08003818   0x00000138   Code   RO         2846    i.aes_enc_round     aes_enc.o
    0x08003950   0x00000046   Code   RO         2847    i.aes_encrypt_core  aes_enc.o
    0x08003996   0x00000002   PAD
    0x08003998   0x000000f4   Code   RO         2887    i.aes_init          aes_keyschedule.o
    0x08003a8c   0x00000052   Code   RO         2804    i.aes_invshiftcol   aes_dec.o
    0x08003ade   0x00000012   Code   RO         2888    i.aes_rotword       aes_keyschedule.o
    0x08003af0   0x0000004a   Code   RO         2848    i.aes_shiftcol      aes_enc.o
    0x08003b3a   0x00000054   Code   RO         2587    i.getXPow           main.o
    0x08003b8e   0x0000002a   Code   RO         3004    i.gf256mul          gf256mul.o
    0x08003bb8   0x00000114   Code   RO         2588    i.interpretateQMTTMessage  main.o
    0x08003ccc   0x0000019c   Code   RO         2590    i.main              main.o
    0x08003e68   0x00000080   Code   RO         3023    i.nrf24_config      nrf24.o
    0x08003ee8   0x00000034   Code   RO         3024    i.nrf24_configRegister  nrf24.o
    0x08003f1c   0x00000020   Code   RO         3025    i.nrf24_dataReady   nrf24.o
    0x08003f3c   0x0000000c   Code   RO         3026    i.nrf24_dataReadyPipeNo  nrf24.o
    0x08003f48   0x00000040   Code   RO         3027    i.nrf24_getData     nrf24.o
    0x08003f88   0x00000028   Code   RO         3028    i.nrf24_getStatus   nrf24.o
    0x08003fb0   0x00000028   Code   RO         3029    i.nrf24_init        nrf24.o
    0x08003fd8   0x00000016   Code   RO         3030    i.nrf24_isSending   nrf24.o
    0x08003fee   0x00000002   PAD
    0x08003ff0   0x0000004c   Code   RO         3034    i.nrf24_powerUpRx   nrf24.o
    0x0800403c   0x00000014   Code   RO         3035    i.nrf24_powerUpTx   nrf24.o
    0x08004050   0x00000038   Code   RO         3036    i.nrf24_readRegister  nrf24.o
    0x08004088   0x00000016   Code   RO         3038    i.nrf24_rxFifoEmpty  nrf24.o
    0x0800409e   0x00000002   PAD
    0x080040a0   0x0000003c   Code   RO         3039    i.nrf24_rx_address  nrf24.o
    0x080040dc   0x00000014   Code   RO         3040    i.nrf24_send        nrf24.o
    0x080040f0   0x00000068   Code   RO         3041    i.nrf24_sendDL      nrf24.o
    0x08004158   0x00000022   Code   RO         3042    i.nrf24_transferSync  nrf24.o
    0x0800417a   0x00000002   PAD
    0x0800417c   0x0000001c   Code   RO         3043    i.nrf24_transmitSync  nrf24.o
    0x08004198   0x0000001a   Code   RO         3044    i.nrf24_tx_address  nrf24.o
    0x080041b2   0x00000002   PAD
    0x080041b4   0x00000038   Code   RO         3046    i.nrf24_writeRegister  nrf24.o
    0x080041ec   0x00000064   Code   RO         2591    i.refreshHardwareState  main.o
    0x08004250   0x00000048   Code   RO         2592    i.sendDimerStateToQMTTServer  main.o
    0x08004298   0x000000a0   Code   RO         2593    i.sendFullStatesToQMTTServer  main.o
    0x08004338   0x0000001a   Code   RO         3047    i.sendNRF           nrf24.o
    0x08004352   0x00000002   PAD
    0x08004354   0x00000054   Code   RO         2594    i.sendSwitchStateToQMTTServer  main.o
    0x080043a8   0x00000020   Code   RO         3048    i.spi_transfer      nrf24.o
    0x080043c8   0x00000010   Data   RO         1228    .constdata          stm32f1xx_hal_rcc.o
    0x080043d8   0x00000100   Data   RO         2877    .constdata          aes_invsbox.o
    0x080044d8   0x0000000a   Data   RO         2889    .constdata          aes_keyschedule.o
    0x080044e2   0x00000100   Data   RO         2925    .constdata          aes_sbox.o
    0x080045e2   0x00000081   Data   RO         3547    .constdata          mc_w.l(ctype_o.o)
    0x08004663   0x00000001   PAD
    0x08004664   0x00000004   Data   RO         3548    .constdata          mc_w.l(ctype_o.o)
    0x08004668   0x00000020   Data   RO         3581    Region$$Table       anon$$obj.o


    Execution Region RW_IRAM1 (Base: 0x20000000, Size: 0x00000700, Max: 0x00005000, ABSOLUTE, COMPRESSED[0x00000064])

    Base Addr    Size         Type   Attr      Idx    E Section Name        Object

    0x20000000   0x00000014   Data   RW            6    .data               system_stm32f1xx.o
    0x20000014   0x00000001   Data   RW          352    .data               stm32f1xx_hal_spi_ex.o
    0x20000015   0x00000003   PAD
    0x20000018   0x00000004   Data   RW          974    .data               stm32f1xx_hal.o
    0x2000001c   0x0000016c   Data   RW         2598    .data               main.o
    0x20000188   0x00000005   Data   RW         3049    .data               nrf24.o
    0x2000018d   0x00000003   PAD
    0x20000190   0x00000004   Data   RW         3524    .data               mc_w.l(errno.o)
    0x20000194   0x00000168   Zero   RW         2597    .bss                main.o
    0x200002fc   0x00000004   PAD
    0x20000300   0x00000400   Zero   RW         2794    STACK               startup_stm32f103xb.o


==============================================================================

Image component sizes


      Code (inc. data)   RO Data    RW Data    ZI Data      Debug   Object Name

        18          0          0          0          0        865   aes128_dec.o
        18          0          0          0          0        881   aes128_enc.o
       580         10          0          0          0       3557   aes_dec.o
       532         10          0          0          0       2954   aes_enc.o
         0          0        256          0          0        446   aes_invsbox.o
       280         10         10          0          0       2506   aes_keyschedule.o
         0          0        256          0          0        431   aes_sbox.o
        42          0          0          0          0        663   gf256mul.o
      1870        282          0        364        360      12175   main.o
      1174         72          0          5          0      14375   nrf24.o
        36          8        236          0       1024        888   startup_stm32f103xb.o
       130         16          0          4          0       3582   stm32f1xx_hal.o
       308         22          0          0          0      27055   stm32f1xx_hal_cortex.o
       824         32          0          0          0       3443   stm32f1xx_hal_gpio.o
       460         62          0          0          0       3271   stm32f1xx_hal_msp.o
        24          4          0          0          0        511   stm32f1xx_hal_pwr.o
      2760         88         16          0          0       4391   stm32f1xx_hal_rcc.o
      1780         60          0          0          0       3719   stm32f1xx_hal_rcc_ex.o
      1178         18          0          0          0       8840   stm32f1xx_hal_rtc.o
      1560          0          0          0          0       3725   stm32f1xx_hal_spi.o
       140          6          0          1          0       1330   stm32f1xx_hal_spi_ex.o
      1850         38          0          0          0      14987   stm32f1xx_hal_tim.o
       102          0          0          0          0       2234   stm32f1xx_hal_tim_ex.o
        30          6          0          0          0       1313   stm32f1xx_it.o
        88         18          0         20          0     252801   system_stm32f1xx.o

    ----------------------------------------------------------------------
     15810        762        806        400       1388     370943   Object Totals
         0          0         32          0          0          0   (incl. Generated)
        26          0          0          6          4          0   (incl. Padding)

    ----------------------------------------------------------------------

      Code (inc. data)   RO Data    RW Data    ZI Data      Debug   Library Member Name

        86          0          0          0          0          0   __dczerorl2.o
        28          0          0          0          0         68   _chval.o
       158          0          0          0          0         92   _strtoul.o
        26          0          0          0          0         80   atoi.o
         8          4        133          0          0         68   ctype_o.o
         0          0          0          0          0          0   entry.o
         0          0          0          0          0          0   entry10a.o
         0          0          0          0          0          0   entry11a.o
         8          4          0          0          0          0   entry2.o
         4          0          0          0          0          0   entry5.o
         0          0          0          0          0          0   entry7b.o
         0          0          0          0          0          0   entry8b.o
         8          4          0          0          0          0   entry9a.o
         8          4          0          4          0         68   errno.o
        30          0          0          0          0          0   handlers.o
        36          8          0          0          0         68   init.o
        30          0          0          0          0         68   llshl.o
        32          0          0          0          0         68   llushr.o
        36          0          0          0          0         68   memcpya.o
       490         10          0          0          0        252   printf3.o
        28          0          0          0          0         76   strcmp.o
        18          0          0          0          0         68   strcpy.o
        14          0          0          0          0         68   strlen.o
       112          0          0          0          0         88   strtol.o
        44          0          0          0          0         80   uidiv.o
        98          0          0          0          0         92   uldiv.o

    ----------------------------------------------------------------------
      1306         34        134          4          0       1372   Library Totals
         4          0          1          0          0          0   (incl. Padding)

    ----------------------------------------------------------------------

      Code (inc. data)   RO Data    RW Data    ZI Data      Debug   Library Name

      1302         34        133          4          0       1372   mc_w.l

    ----------------------------------------------------------------------
      1306         34        134          4          0       1372   Library Totals

    ----------------------------------------------------------------------

==============================================================================


      Code (inc. data)   RO Data    RW Data    ZI Data      Debug   

     17116        796        940        404       1388     365527   Grand Totals
     17116        796        940        100       1388     365527   ELF Image Totals (compressed)
     17116        796        940        100          0          0   ROM Totals

==============================================================================

    Total RO  Size (Code + RO Data)                18056 (  17.63kB)
    Total RW  Size (RW Data + ZI Data)              1792 (   1.75kB)
    Total ROM Size (Code + RO Data + RW Data)      18156 (  17.73kB)

==============================================================================

