<html>
<body>
<pre>
<h1>µVision Build Log</h1>
<h2>Tool Versions:</h2>
IDE-Version: µVision V5.14.0.0
Copyright (C) 2015 ARM Ltd and ARM Germany GmbH. All rights reserved.
License Information: an an, na, LIC=IC9SB-2ATEI-225L4-F676R-J1CVZ-WVPW2
 
Tool Versions:
Toolchain:       MDK-ARM Professional  Version: 5.14.0.0
Toolchain Path:  C:\Keil_v5\ARM\ARMCC\Bin
C Compiler:      Armcc.exe V5.05 update 1 (build 106)
Assembler:       Armasm.exe V5.05 update 1 (build 106)
Linker/Locator:  ArmLink.exe V5.05 update 1 (build 106)
Library Manager: ArmAr.exe V5.05 update 1 (build 106)
Hex Converter:   FromElf.exe V5.05 update 1 (build 106)
CPU DLL:         SARMCM3.DLL V5.14.0.0
Dialog DLL:      DCM.DLL V1.13.1.0
Target DLL:      STLink\ST-LINKIII-KEIL_SWO.dll V2.0.14.0_KEIL
Dialog DLL:      TCM.DLL V1.14.4.0
 
<h2>Project:</h2>
C:\Users\Andrey\Documents\GitHub\water-control-system\master-controller\MDK-ARM\water-control.uvprojx
Project File Date:  08/03/2015

<h2>Output:</h2>
Rebuild Project 'water-control' - Target 'water-control Configuration'
assembling startup_stm32f103xb.s...
compiling LCD.c...
compiling main.c...
compiling stm32f1xx_hal_msp.c...
compiling stm32f1xx_it.c...
compiling freertos.c...
compiling bf.c...
compiling menu.c...
compiling encoder.c...
compiling AT24C.c...
compiling system_stm32f1xx.c...
compiling stm32f1xx_hal_cortex.c...
compiling stm32f1xx_hal_rcc.c...
compiling stm32f1xx_hal_dma.c...
compiling stm32f1xx_hal_rcc_ex.c...
compiling stm32f1xx_hal_gpio_ex.c...
compiling stm32f1xx_hal_gpio.c...
compiling stm32f1xx_hal_flash_ex.c...
compiling stm32f1xx_hal.c...
compiling stm32f1xx_hal_flash.c...
compiling stm32f1xx_hal_pwr.c...
compiling stm32f1xx_hal_spi.c...
compiling stm32f1xx_hal_spi_ex.c...
compiling stm32f1xx_hal_adc.c...
compiling stm32f1xx_hal_adc_ex.c...
compiling stm32f1xx_hal_i2c.c...
compiling stm32f1xx_hal_tim.c...
compiling stm32f1xx_hal_tim_ex.c...
compiling tasks.c...
compiling cmsis_os.c...
compiling event_groups.c...
compiling croutine.c...
compiling timers.c...
compiling heap_4.c...
compiling list.c...
compiling queue.c...
compiling port.c...
compiling aes_dec.c...
compiling aes_enc.c...
compiling aes_invsbox.c...
compiling aes_keyschedule.c...
compiling aes_sbox.c...
compiling aes128_dec.c...
compiling aes128_enc.c...
compiling aes192_dec.c...
compiling aes192_enc.c...
compiling aes256_dec.c...
compiling aes256_enc.c...
compiling gf256mul.c...
compiling nrf24.c...
compiling encrypted_block.c...
linking...
Program Size: Code=30616 RO-data=10804 RW-data=2992 ZI-data=12048  
"water-control Configuration\water-control Configuration.axf" - 0 Error(s), 0 Warning(s).

<h2>Collection of Component include folders:</h2>
  C:\Users\Andrey\Documents\GitHub\water-control-system\master-controller\MDK-ARM\RTE
  C:\Keil_v5\ARM\PACK\Keil\STM32F1xx_DFP\1.1.0\Device\Include

<h2>Collection of Component Files used:</h2>
</pre>
</body>
</html>
