Component: ARM Compiler 5.05 update 1 (build 106) Tool: armlink [4d0efa]

==============================================================================

Section Cross References

    system_stm32f1xx.o(i.SystemCoreClockUpdate) refers to system_stm32f1xx.o(.data) for SystemCoreClock
    stm32f1xx_hal_pwr.o(i.HAL_PWR_EnterSTOPMode) refers to stm32f1xx_hal_pwr.o(i.PWR_OverloadWfe) for PWR_OverloadWfe
    stm32f1xx_hal_pwr.o(i.HAL_PWR_PVD_IRQHandler) refers to stm32f1xx_hal_pwr.o(i.HAL_PWR_PVDCallback) for HAL_PWR_PVDCallback
    stm32f1xx_hal_gpio.o(i.HAL_GPIO_EXTI_IRQHandler) refers to stm32f1xx_hal_gpio.o(i.HAL_GPIO_EXTI_Callback) for HAL_GPIO_EXTI_Callback
    stm32f1xx_hal_spi_ex.o(i.HAL_SPI_Init) refers to stm32f1xx_hal_msp.o(i.HAL_SPI_MspInit) for HAL_SPI_MspInit
    stm32f1xx_hal_spi_ex.o(i.HAL_SPI_Init) refers to stm32f1xx_hal_spi_ex.o(.data) for uCRCErrorWorkaroundCheck
    stm32f1xx_hal_flash_ex.o(i.FLASH_MassErase) refers to stm32f1xx_hal_flash.o(.bss) for pFlash
    stm32f1xx_hal_flash_ex.o(i.FLASH_OB_DisableWRP) refers to stm32f1xx_hal_flash.o(i.FLASH_WaitForLastOperation) for FLASH_WaitForLastOperation
    stm32f1xx_hal_flash_ex.o(i.FLASH_OB_DisableWRP) refers to stm32f1xx_hal_flash.o(.bss) for pFlash
    stm32f1xx_hal_flash_ex.o(i.FLASH_OB_EnableWRP) refers to stm32f1xx_hal_flash.o(i.FLASH_WaitForLastOperation) for FLASH_WaitForLastOperation
    stm32f1xx_hal_flash_ex.o(i.FLASH_OB_EnableWRP) refers to stm32f1xx_hal_flash.o(.bss) for pFlash
    stm32f1xx_hal_flash_ex.o(i.FLASH_OB_ProgramData) refers to stm32f1xx_hal_flash.o(i.FLASH_WaitForLastOperation) for FLASH_WaitForLastOperation
    stm32f1xx_hal_flash_ex.o(i.FLASH_OB_ProgramData) refers to stm32f1xx_hal_flash.o(.bss) for pFlash
    stm32f1xx_hal_flash_ex.o(i.FLASH_OB_RDP_LevelConfig) refers to stm32f1xx_hal_flash.o(i.FLASH_WaitForLastOperation) for FLASH_WaitForLastOperation
    stm32f1xx_hal_flash_ex.o(i.FLASH_OB_RDP_LevelConfig) refers to stm32f1xx_hal_flash.o(.bss) for pFlash
    stm32f1xx_hal_flash_ex.o(i.FLASH_OB_UserConfig) refers to stm32f1xx_hal_flash.o(i.FLASH_WaitForLastOperation) for FLASH_WaitForLastOperation
    stm32f1xx_hal_flash_ex.o(i.FLASH_OB_UserConfig) refers to stm32f1xx_hal_flash.o(.bss) for pFlash
    stm32f1xx_hal_flash_ex.o(i.FLASH_PageErase) refers to stm32f1xx_hal_flash.o(.bss) for pFlash
    stm32f1xx_hal_flash_ex.o(i.FLASH_Program_HalfWord) refers to stm32f1xx_hal_flash.o(.bss) for pFlash
    stm32f1xx_hal_flash_ex.o(i.FLASH_SetErrorCode) refers to stm32f1xx_hal_flash.o(.bss) for pFlash
    stm32f1xx_hal_flash_ex.o(i.HAL_FLASHEx_Erase) refers to stm32f1xx_hal_flash.o(i.FLASH_WaitForLastOperation) for FLASH_WaitForLastOperation
    stm32f1xx_hal_flash_ex.o(i.HAL_FLASHEx_Erase) refers to stm32f1xx_hal_flash_ex.o(i.FLASH_MassErase) for FLASH_MassErase
    stm32f1xx_hal_flash_ex.o(i.HAL_FLASHEx_Erase) refers to stm32f1xx_hal_flash_ex.o(i.FLASH_PageErase) for FLASH_PageErase
    stm32f1xx_hal_flash_ex.o(i.HAL_FLASHEx_Erase) refers to stm32f1xx_hal_flash.o(.bss) for pFlash
    stm32f1xx_hal_flash_ex.o(i.HAL_FLASHEx_Erase_IT) refers to stm32f1xx_hal_flash_ex.o(i.FLASH_MassErase) for FLASH_MassErase
    stm32f1xx_hal_flash_ex.o(i.HAL_FLASHEx_Erase_IT) refers to stm32f1xx_hal_flash_ex.o(i.FLASH_PageErase) for FLASH_PageErase
    stm32f1xx_hal_flash_ex.o(i.HAL_FLASHEx_Erase_IT) refers to stm32f1xx_hal_flash.o(.bss) for pFlash
    stm32f1xx_hal_flash_ex.o(i.HAL_FLASHEx_OBErase) refers to stm32f1xx_hal_flash_ex.o(i.FLASH_OB_GetRDP) for FLASH_OB_GetRDP
    stm32f1xx_hal_flash_ex.o(i.HAL_FLASHEx_OBErase) refers to stm32f1xx_hal_flash.o(i.FLASH_WaitForLastOperation) for FLASH_WaitForLastOperation
    stm32f1xx_hal_flash_ex.o(i.HAL_FLASHEx_OBErase) refers to stm32f1xx_hal_flash_ex.o(i.FLASH_OB_RDP_LevelConfig) for FLASH_OB_RDP_LevelConfig
    stm32f1xx_hal_flash_ex.o(i.HAL_FLASHEx_OBErase) refers to stm32f1xx_hal_flash.o(.bss) for pFlash
    stm32f1xx_hal_flash_ex.o(i.HAL_FLASHEx_OBGetConfig) refers to stm32f1xx_hal_flash_ex.o(i.FLASH_OB_GetWRP) for FLASH_OB_GetWRP
    stm32f1xx_hal_flash_ex.o(i.HAL_FLASHEx_OBGetConfig) refers to stm32f1xx_hal_flash_ex.o(i.FLASH_OB_GetRDP) for FLASH_OB_GetRDP
    stm32f1xx_hal_flash_ex.o(i.HAL_FLASHEx_OBGetConfig) refers to stm32f1xx_hal_flash_ex.o(i.FLASH_OB_GetUser) for FLASH_OB_GetUser
    stm32f1xx_hal_flash_ex.o(i.HAL_FLASHEx_OBProgram) refers to stm32f1xx_hal_flash_ex.o(i.FLASH_OB_EnableWRP) for FLASH_OB_EnableWRP
    stm32f1xx_hal_flash_ex.o(i.HAL_FLASHEx_OBProgram) refers to stm32f1xx_hal_flash_ex.o(i.FLASH_OB_DisableWRP) for FLASH_OB_DisableWRP
    stm32f1xx_hal_flash_ex.o(i.HAL_FLASHEx_OBProgram) refers to stm32f1xx_hal_flash_ex.o(i.FLASH_OB_RDP_LevelConfig) for FLASH_OB_RDP_LevelConfig
    stm32f1xx_hal_flash_ex.o(i.HAL_FLASHEx_OBProgram) refers to stm32f1xx_hal_flash_ex.o(i.FLASH_OB_UserConfig) for FLASH_OB_UserConfig
    stm32f1xx_hal_flash_ex.o(i.HAL_FLASHEx_OBProgram) refers to stm32f1xx_hal_flash_ex.o(i.FLASH_OB_ProgramData) for FLASH_OB_ProgramData
[...]
    stm32f1xx_hal_rtc.o(i.HAL_RTC_GetTime) refers to stm32f1xx_hal_rtc.o(i.RTC_WriteAlarmCounter) for RTC_WriteAlarmCounter
    stm32f1xx_hal_rtc.o(i.HAL_RTC_GetTime) refers to stm32f1xx_hal_rtc.o(i.RTC_DateUpdate) for RTC_DateUpdate
    stm32f1xx_hal_rtc.o(i.HAL_RTC_GetTime) refers to stm32f1xx_hal_rtc.o(i.RTC_ByteToBcd2) for RTC_ByteToBcd2
    stm32f1xx_hal_rtc.o(i.HAL_RTC_Init) refers to stm32f1xx_hal_msp.o(i.HAL_RTC_MspInit) for HAL_RTC_MspInit
    stm32f1xx_hal_rtc.o(i.HAL_RTC_Init) refers to stm32f1xx_hal_rtc.o(i.HAL_RTC_WaitForSynchro) for HAL_RTC_WaitForSynchro
    stm32f1xx_hal_rtc.o(i.HAL_RTC_Init) refers to stm32f1xx_hal_rtc.o(i.RTC_EnterInitMode) for RTC_EnterInitMode
    stm32f1xx_hal_rtc.o(i.HAL_RTC_Init) refers to stm32f1xx_hal_rcc_ex.o(i.HAL_RCCEx_GetPeriphCLKFreq) for HAL_RCCEx_GetPeriphCLKFreq
    stm32f1xx_hal_rtc.o(i.HAL_RTC_Init) refers to stm32f1xx_hal_rtc.o(i.RTC_ExitInitMode) for RTC_ExitInitMode
    stm32f1xx_hal_rtc.o(i.HAL_RTC_PollForAlarmAEvent) refers to stm32f1xx_hal.o(i.HAL_GetTick) for HAL_GetTick
    stm32f1xx_hal_rtc.o(i.HAL_RTC_SetAlarm) refers to stm32f1xx_hal_rtc.o(i.HAL_RTC_GetTime) for HAL_RTC_GetTime
    stm32f1xx_hal_rtc.o(i.HAL_RTC_SetAlarm) refers to stm32f1xx_hal_rtc.o(i.RTC_Bcd2ToByte) for RTC_Bcd2ToByte
    stm32f1xx_hal_rtc.o(i.HAL_RTC_SetAlarm) refers to stm32f1xx_hal_rtc.o(i.RTC_WriteAlarmCounter) for RTC_WriteAlarmCounter
    stm32f1xx_hal_rtc.o(i.HAL_RTC_SetAlarm_IT) refers to stm32f1xx_hal_rtc.o(i.HAL_RTC_GetTime) for HAL_RTC_GetTime
    stm32f1xx_hal_rtc.o(i.HAL_RTC_SetAlarm_IT) refers to stm32f1xx_hal_rtc.o(i.RTC_Bcd2ToByte) for RTC_Bcd2ToByte
    stm32f1xx_hal_rtc.o(i.HAL_RTC_SetAlarm_IT) refers to stm32f1xx_hal_rtc.o(i.RTC_WriteAlarmCounter) for RTC_WriteAlarmCounter
    stm32f1xx_hal_rtc.o(i.HAL_RTC_SetDate) refers to stm32f1xx_hal_rtc.o(i.RTC_Bcd2ToByte) for RTC_Bcd2ToByte
    stm32f1xx_hal_rtc.o(i.HAL_RTC_SetDate) refers to stm32f1xx_hal_rtc.o(i.RTC_WeekDayNum) for RTC_WeekDayNum
    stm32f1xx_hal_rtc.o(i.HAL_RTC_SetDate) refers to stm32f1xx_hal_rtc.o(i.RTC_ReadTimeCounter) for RTC_ReadTimeCounter
    stm32f1xx_hal_rtc.o(i.HAL_RTC_SetDate) refers to stm32f1xx_hal_rtc.o(i.RTC_WriteTimeCounter) for RTC_WriteTimeCounter
    stm32f1xx_hal_rtc.o(i.HAL_RTC_SetDate) refers to stm32f1xx_hal_rtc.o(i.RTC_ReadAlarmCounter) for RTC_ReadAlarmCounter
    stm32f1xx_hal_rtc.o(i.HAL_RTC_SetDate) refers to stm32f1xx_hal_rtc.o(i.RTC_WriteAlarmCounter) for RTC_WriteAlarmCounter
    stm32f1xx_hal_rtc.o(i.HAL_RTC_SetTime) refers to stm32f1xx_hal_rtc.o(i.RTC_Bcd2ToByte) for RTC_Bcd2ToByte
    stm32f1xx_hal_rtc.o(i.HAL_RTC_SetTime) refers to stm32f1xx_hal_rtc.o(i.RTC_WriteTimeCounter) for RTC_WriteTimeCounter
    stm32f1xx_hal_rtc.o(i.HAL_RTC_SetTime) refers to stm32f1xx_hal_rtc.o(i.RTC_ReadAlarmCounter) for RTC_ReadAlarmCounter
    stm32f1xx_hal_rtc.o(i.HAL_RTC_SetTime) refers to stm32f1xx_hal_rtc.o(i.RTC_WriteAlarmCounter) for RTC_WriteAlarmCounter
    stm32f1xx_hal_rtc.o(i.HAL_RTC_WaitForSynchro) refers to stm32f1xx_hal.o(i.HAL_GetTick) for HAL_GetTick
    stm32f1xx_hal_rtc.o(i.RTC_DateUpdate) refers to stm32f1xx_hal_rtc.o(i.RTC_IsLeapYear) for RTC_IsLeapYear
    stm32f1xx_hal_rtc.o(i.RTC_DateUpdate) refers to stm32f1xx_hal_rtc.o(i.RTC_WeekDayNum) for RTC_WeekDayNum
    stm32f1xx_hal_rtc.o(i.RTC_EnterInitMode) refers to stm32f1xx_hal.o(i.HAL_GetTick) for HAL_GetTick
    stm32f1xx_hal_rtc.o(i.RTC_ExitInitMode) refers to stm32f1xx_hal.o(i.HAL_GetTick) for HAL_GetTick
    stm32f1xx_hal_rtc.o(i.RTC_WriteAlarmCounter) refers to stm32f1xx_hal_rtc.o(i.RTC_EnterInitMode) for RTC_EnterInitMode
    stm32f1xx_hal_rtc.o(i.RTC_WriteAlarmCounter) refers to stm32f1xx_hal_rtc.o(i.RTC_ExitInitMode) for RTC_ExitInitMode
    stm32f1xx_hal_rtc.o(i.RTC_WriteTimeCounter) refers to stm32f1xx_hal_rtc.o(i.RTC_EnterInitMode) for RTC_EnterInitMode
    stm32f1xx_hal_rtc.o(i.RTC_WriteTimeCounter) refers to stm32f1xx_hal_rtc.o(i.RTC_ExitInitMode) for RTC_ExitInitMode
    stm32f1xx_hal_rtc_ex.o(i.HAL_RTCEx_PollForTamper1Event) refers to stm32f1xx_hal.o(i.HAL_GetTick) for HAL_GetTick
    stm32f1xx_hal_rtc_ex.o(i.HAL_RTCEx_RTCIRQHandler) refers to stm32f1xx_hal_rtc_ex.o(i.HAL_RTCEx_RTCEventErrorCallback) for HAL_RTCEx_RTCEventErrorCallback
    stm32f1xx_hal_rtc_ex.o(i.HAL_RTCEx_RTCIRQHandler) refers to stm32f1xx_hal_rtc_ex.o(i.HAL_RTCEx_RTCEventCallback) for HAL_RTCEx_RTCEventCallback
    stm32f1xx_hal_rtc_ex.o(i.HAL_RTCEx_TamperIRQHandler) refers to stm32f1xx_hal_rtc_ex.o(i.HAL_RTCEx_Tamper1EventCallback) for HAL_RTCEx_Tamper1EventCallback
    stm32f1xx_hal_msp.o(i.HAL_MspInit) refers to stm32f1xx_hal_cortex.o(i.HAL_NVIC_SetPriorityGrouping) for HAL_NVIC_SetPriorityGrouping
    stm32f1xx_hal_msp.o(i.HAL_MspInit) refers to stm32f1xx_hal_cortex.o(i.HAL_NVIC_SetPriority) for HAL_NVIC_SetPriority
    stm32f1xx_hal_msp.o(i.HAL_RTC_MspInit) refers to stm32f1xx_hal_pwr.o(i.HAL_PWR_EnableBkUpAccess) for HAL_PWR_EnableBkUpAccess
    stm32f1xx_hal_msp.o(i.HAL_SPI_MspDeInit) refers to stm32f1xx_hal_gpio.o(i.HAL_GPIO_DeInit) for HAL_GPIO_DeInit
    stm32f1xx_hal_msp.o(i.HAL_SPI_MspInit) refers to stm32f1xx_hal_gpio.o(i.HAL_GPIO_Init) for HAL_GPIO_Init
    main.o(i.MX_GPIO_Init) refers to stm32f1xx_hal_gpio.o(i.HAL_GPIO_Init) for HAL_GPIO_Init
    main.o(i.MX_RTC_Init) refers to stm32f1xx_hal_rtc.o(i.HAL_RTC_Init) for HAL_RTC_Init
    main.o(i.MX_RTC_Init) refers to stm32f1xx_hal_rtc.o(i.HAL_RTC_SetTime) for HAL_RTC_SetTime
    main.o(i.MX_RTC_Init) refers to stm32f1xx_hal_rtc.o(i.HAL_RTC_SetDate) for HAL_RTC_SetDate
    main.o(i.MX_RTC_Init) refers to main.o(.bss) for hrtc
    main.o(i.MX_SPI2_Init) refers to stm32f1xx_hal_spi_ex.o(i.HAL_SPI_Init) for HAL_SPI_Init
    main.o(i.MX_SPI2_Init) refers to main.o(.bss) for hspi2
    main.o(i.SystemClock_Config) refers to stm32f1xx_hal_rcc.o(i.HAL_RCC_OscConfig) for HAL_RCC_OscConfig
    main.o(i.SystemClock_Config) refers to stm32f1xx_hal_rcc_ex.o(i.HAL_RCC_ClockConfig) for HAL_RCC_ClockConfig
    main.o(i.SystemClock_Config) refers to stm32f1xx_hal_rcc_ex.o(i.HAL_RCCEx_PeriphCLKConfig) for HAL_RCCEx_PeriphCLKConfig
    main.o(i.deinit) refers to stm32f1xx_hal_gpio.o(i.HAL_GPIO_Init) for HAL_GPIO_Init
    main.o(i.main) refers to stm32f1xx_hal.o(i.HAL_Init) for HAL_Init
    main.o(i.main) refers to main.o(i.SystemClock_Config) for SystemClock_Config
    main.o(i.main) refers to main.o(i.MX_GPIO_Init) for MX_GPIO_Init
    main.o(i.main) refers to main.o(i.MX_RTC_Init) for MX_RTC_Init
    main.o(i.main) refers to main.o(i.MX_SPI2_Init) for MX_SPI2_Init
    main.o(i.main) refers to nrf24.o(i.nrf24_init) for nrf24_init
    main.o(i.main) refers to nrf24.o(i.nrf24_config) for nrf24_config
    main.o(i.main) refers to nrf24.o(i.nrf24_tx_address) for nrf24_tx_address
    main.o(i.main) refers to nrf24.o(i.nrf24_rx_address) for nrf24_rx_address
    main.o(i.main) refers to main.o(i.onAir) for onAir
    main.o(i.main) refers to stm32f1xx_hal_rtc.o(i.HAL_RTC_SetAlarm) for HAL_RTC_SetAlarm
    main.o(i.main) refers to stm32f1xx_hal_pwr.o(i.HAL_PWR_EnableWakeUpPin) for HAL_PWR_EnableWakeUpPin
    main.o(i.main) refers to stm32f1xx_hal_pwr.o(i.HAL_PWR_EnterSTANDBYMode) for HAL_PWR_EnterSTANDBYMode
    main.o(i.main) refers to main.o(.bss) for hspi2
    main.o(i.main) refers to main.o(.data) for master_controller_address
    main.o(i.onAir) refers to stm32f1xx_hal_gpio.o(i.HAL_GPIO_WritePin) for HAL_GPIO_WritePin
    main.o(i.onAir) refers to aes_keyschedule.o(i.aes128_init) for aes128_init
    main.o(i.onAir) refers to main.o(i.getPostKey) for getPostKey
    main.o(i.onAir) refers to main.o(i.setPostKey) for setPostKey
    main.o(i.onAir) refers to main.o(i.readSensorResistanceValue) for readSensorResistanceValue
    main.o(i.onAir) refers to rand.o(.text) for srand
    main.o(i.onAir) refers to aes128_enc.o(i.aes128_enc) for aes128_enc
    main.o(i.onAir) refers to nrf24.o(i.nrf24_send) for nrf24_send
    main.o(i.onAir) refers to nrf24.o(i.nrf24_isSending) for nrf24_isSending
    main.o(i.onAir) refers to nrf24.o(i.nrf24_powerUpRx) for nrf24_powerUpRx
    main.o(i.onAir) refers to stm32f1xx_hal.o(i.HAL_GetTick) for HAL_GetTick
    main.o(i.onAir) refers to nrf24.o(i.nrf24_dataReady) for nrf24_dataReady
    main.o(i.onAir) refers to nrf24.o(i.nrf24_getData) for nrf24_getData
    main.o(i.onAir) refers to aes128_dec.o(i.aes128_dec) for aes128_dec
    main.o(i.onAir) refers to stm32f1xx_hal_gpio.o(i.HAL_GPIO_ReadPin) for HAL_GPIO_ReadPin
    main.o(i.onAir) refers to nrf24.o(i.nrf24_powerDown) for nrf24_powerDown
    main.o(i.onAir) refers to main.o(.bss) for AES_ctx
    main.o(i.onAir) refers to main.o(.data) for AES_key
    main.o(i.readSensorResistanceValue) refers to stm32f1xx_hal_gpio.o(i.HAL_GPIO_ReadPin) for HAL_GPIO_ReadPin
    stm32f1xx_it.o(i.SysTick_Handler) refers to stm32f1xx_hal.o(i.HAL_IncTick) for HAL_IncTick
    stm32f1xx_it.o(i.SysTick_Handler) refers to stm32f1xx_hal_cortex.o(i.HAL_SYSTICK_IRQHandler) for HAL_SYSTICK_IRQHandler
    startup_stm32f103xb.o(RESET) refers to startup_stm32f103xb.o(STACK) for __initial_sp
    startup_stm32f103xb.o(RESET) refers to startup_stm32f103xb.o(.text) for Reset_Handler
    startup_stm32f103xb.o(RESET) refers to stm32f1xx_it.o(i.SysTick_Handler) for SysTick_Handler
    startup_stm32f103xb.o(.text) refers to system_stm32f1xx.o(i.SystemInit) for SystemInit
    startup_stm32f103xb.o(.text) refers to entry.o(.ARM.Collect$$$$00000000) for __main
    aes_dec.o(i.aes_dec_firstround) refers to aes_dec.o(i.aes_invshiftcol) for aes_invshiftcol
    aes_dec.o(i.aes_dec_firstround) refers to aes_invsbox.o(.constdata) for aes_invsbox
    aes_dec.o(i.aes_dec_round) refers to gf256mul.o(i.gf256mul) for gf256mul
    aes_dec.o(i.aes_dec_round) refers to aes_dec.o(i.aes_invshiftcol) for aes_invshiftcol
    aes_dec.o(i.aes_dec_round) refers to aes_invsbox.o(.constdata) for aes_invsbox
    aes_dec.o(i.aes_decrypt_core) refers to aes_dec.o(i.aes_dec_firstround) for aes_dec_firstround
    aes_dec.o(i.aes_decrypt_core) refers to aes_dec.o(i.aes_dec_round) for aes_dec_round
    aes_enc.o(i.aes_enc_lastround) refers to aes_enc.o(i.aes_shiftcol) for aes_shiftcol
    aes_enc.o(i.aes_enc_lastround) refers to aes_sbox.o(.constdata) for aes_sbox
    aes_enc.o(i.aes_enc_round) refers to aes_enc.o(i.aes_shiftcol) for aes_shiftcol
    aes_enc.o(i.aes_enc_round) refers to gf256mul.o(i.gf256mul) for gf256mul
    aes_enc.o(i.aes_enc_round) refers to aes_sbox.o(.constdata) for aes_sbox
    aes_enc.o(i.aes_encrypt_core) refers to aes_enc.o(i.aes_enc_round) for aes_enc_round
    aes_enc.o(i.aes_encrypt_core) refers to aes_enc.o(i.aes_enc_lastround) for aes_enc_lastround
    aes_keyschedule.o(i.aes128_init) refers to aes_keyschedule.o(i.aes_init) for aes_init
    aes_keyschedule.o(i.aes192_init) refers to aes_keyschedule.o(i.aes_init) for aes_init
    aes_keyschedule.o(i.aes256_init) refers to aes_keyschedule.o(i.aes_init) for aes_init
    aes_keyschedule.o(i.aes_init) refers to memcpya.o(.text) for __aeabi_memcpy
    aes_keyschedule.o(i.aes_init) refers to aes_keyschedule.o(i.aes_rotword) for aes_rotword
    aes_keyschedule.o(i.aes_init) refers to aes_sbox.o(.constdata) for aes_sbox
    aes_keyschedule.o(i.aes_init) refers to aes_keyschedule.o(.constdata) for rc_tab
    aes128_dec.o(i.aes128_dec) refers to aes_dec.o(i.aes_decrypt_core) for aes_decrypt_core
    aes128_enc.o(i.aes128_enc) refers to aes_enc.o(i.aes_encrypt_core) for aes_encrypt_core
    aes192_dec.o(i.aes192_dec) refers to aes_dec.o(i.aes_decrypt_core) for aes_decrypt_core
    aes192_enc.o(i.aes192_enc) refers to aes_enc.o(i.aes_encrypt_core) for aes_encrypt_core
    aes256_dec.o(i.aes256_dec) refers to aes_dec.o(i.aes_decrypt_core) for aes_decrypt_core
    aes256_enc.o(i.aes256_enc) refers to aes_enc.o(i.aes_encrypt_core) for aes_encrypt_core
    nrf24.o(i.nrf24_config) refers to nrf24.o(i.nrf24_configRegister) for nrf24_configRegister
    nrf24.o(i.nrf24_config) refers to nrf24.o(.data) for nrf24_payload_len
    nrf24.o(i.nrf24_configRegister) refers to stm32f1xx_hal_gpio.o(i.HAL_GPIO_WritePin) for HAL_GPIO_WritePin
    nrf24.o(i.nrf24_configRegister) refers to nrf24.o(i.spi_transfer) for spi_transfer
    nrf24.o(i.nrf24_dataReady) refers to nrf24.o(i.nrf24_getStatus) for nrf24_getStatus
    nrf24.o(i.nrf24_dataReady) refers to nrf24.o(i.nrf24_rxFifoEmpty) for nrf24_rxFifoEmpty
    nrf24.o(i.nrf24_getData) refers to stm32f1xx_hal_gpio.o(i.HAL_GPIO_WritePin) for HAL_GPIO_WritePin
    nrf24.o(i.nrf24_getData) refers to nrf24.o(i.spi_transfer) for spi_transfer
    nrf24.o(i.nrf24_getData) refers to nrf24.o(i.nrf24_transferSync) for nrf24_transferSync
    nrf24.o(i.nrf24_getData) refers to nrf24.o(i.nrf24_configRegister) for nrf24_configRegister
    nrf24.o(i.nrf24_getData) refers to nrf24.o(.data) for nrf24_payload_len
    nrf24.o(i.nrf24_getStatus) refers to stm32f1xx_hal_gpio.o(i.HAL_GPIO_WritePin) for HAL_GPIO_WritePin
    nrf24.o(i.nrf24_getStatus) refers to nrf24.o(i.spi_transfer) for spi_transfer
    nrf24.o(i.nrf24_init) refers to stm32f1xx_hal_gpio.o(i.HAL_GPIO_WritePin) for HAL_GPIO_WritePin
    nrf24.o(i.nrf24_init) refers to nrf24.o(.data) for nrf24_hspi
    nrf24.o(i.nrf24_isSending) refers to nrf24.o(i.nrf24_getStatus) for nrf24_getStatus
    nrf24.o(i.nrf24_lastMessageStatus) refers to nrf24.o(i.nrf24_getStatus) for nrf24_getStatus
    nrf24.o(i.nrf24_payload_length) refers to nrf24.o(.data) for nrf24_payload_len
    nrf24.o(i.nrf24_powerDown) refers to stm32f1xx_hal_gpio.o(i.HAL_GPIO_WritePin) for HAL_GPIO_WritePin
    nrf24.o(i.nrf24_powerDown) refers to nrf24.o(i.nrf24_configRegister) for nrf24_configRegister
    nrf24.o(i.nrf24_powerUpRx) refers to stm32f1xx_hal_gpio.o(i.HAL_GPIO_WritePin) for HAL_GPIO_WritePin
    nrf24.o(i.nrf24_powerUpRx) refers to nrf24.o(i.spi_transfer) for spi_transfer
    nrf24.o(i.nrf24_powerUpRx) refers to nrf24.o(i.nrf24_configRegister) for nrf24_configRegister
    nrf24.o(i.nrf24_powerUpTx) refers to nrf24.o(i.nrf24_configRegister) for nrf24_configRegister
    nrf24.o(i.nrf24_readRegister) refers to stm32f1xx_hal_gpio.o(i.HAL_GPIO_WritePin) for HAL_GPIO_WritePin
    nrf24.o(i.nrf24_readRegister) refers to nrf24.o(i.spi_transfer) for spi_transfer
    nrf24.o(i.nrf24_readRegister) refers to nrf24.o(i.nrf24_transferSync) for nrf24_transferSync
    nrf24.o(i.nrf24_retransmissionCount) refers to nrf24.o(i.nrf24_readRegister) for nrf24_readRegister
    nrf24.o(i.nrf24_rxFifoEmpty) refers to nrf24.o(i.nrf24_readRegister) for nrf24_readRegister
    nrf24.o(i.nrf24_rx_address) refers to stm32f1xx_hal_gpio.o(i.HAL_GPIO_WritePin) for HAL_GPIO_WritePin
    nrf24.o(i.nrf24_rx_address) refers to nrf24.o(i.nrf24_writeRegister) for nrf24_writeRegister
    nrf24.o(i.nrf24_send) refers to stm32f1xx_hal_gpio.o(i.HAL_GPIO_WritePin) for HAL_GPIO_WritePin
    nrf24.o(i.nrf24_send) refers to nrf24.o(i.nrf24_powerUpTx) for nrf24_powerUpTx
    nrf24.o(i.nrf24_send) refers to nrf24.o(i.spi_transfer) for spi_transfer
    nrf24.o(i.nrf24_send) refers to nrf24.o(i.nrf24_transmitSync) for nrf24_transmitSync
    nrf24.o(i.nrf24_send) refers to nrf24.o(.data) for nrf24_payload_len
    nrf24.o(i.nrf24_transferSync) refers to nrf24.o(i.spi_transfer) for spi_transfer
    nrf24.o(i.nrf24_transmitSync) refers to stm32f1xx_hal_spi.o(i.HAL_SPI_Transmit) for HAL_SPI_Transmit
    nrf24.o(i.nrf24_transmitSync) refers to nrf24.o(.data) for nrf24_hspi
    nrf24.o(i.nrf24_tx_address) refers to nrf24.o(i.nrf24_writeRegister) for nrf24_writeRegister
    nrf24.o(i.nrf24_writeRegister) refers to stm32f1xx_hal_gpio.o(i.HAL_GPIO_WritePin) for HAL_GPIO_WritePin
    nrf24.o(i.nrf24_writeRegister) refers to nrf24.o(i.spi_transfer) for spi_transfer
    nrf24.o(i.nrf24_writeRegister) refers to nrf24.o(i.nrf24_transmitSync) for nrf24_transmitSync
    nrf24.o(i.spi_transfer) refers to stm32f1xx_hal_spi.o(i.HAL_SPI_TransmitReceive) for HAL_SPI_TransmitReceive
    nrf24.o(i.spi_transfer) refers to nrf24.o(.data) for nrf24_hspi
    entry.o(.ARM.Collect$$$$00000000) refers (Special) to entry10a.o(.ARM.Collect$$$$0000000D) for __rt_final_cpp
    entry.o(.ARM.Collect$$$$00000000) refers (Special) to entry11a.o(.ARM.Collect$$$$0000000F) for __rt_final_exit
    entry.o(.ARM.Collect$$$$00000000) refers (Special) to entry7b.o(.ARM.Collect$$$$00000008) for _main_clock
    entry.o(.ARM.Collect$$$$00000000) refers (Special) to entry8b.o(.ARM.Collect$$$$0000000A) for _main_cpp_init
    entry.o(.ARM.Collect$$$$00000000) refers (Special) to entry9a.o(.ARM.Collect$$$$0000000B) for _main_init
    entry.o(.ARM.Collect$$$$00000000) refers (Special) to entry5.o(.ARM.Collect$$$$00000004) for _main_scatterload
    entry.o(.ARM.Collect$$$$00000000) refers (Special) to entry2.o(.ARM.Collect$$$$00000001) for _main_stk
    rand.o(.text) refers to rand.o(.data) for .data
    entry2.o(.ARM.Collect$$$$00000001) refers to entry2.o(.ARM.Collect$$$$00002712) for __lit__00000000
    entry2.o(.ARM.Collect$$$$00002712) refers to startup_stm32f103xb.o(STACK) for __initial_sp
    entry2.o(__vectab_stack_and_reset_area) refers to startup_stm32f103xb.o(STACK) for __initial_sp
    entry2.o(__vectab_stack_and_reset_area) refers to entry.o(.ARM.Collect$$$$00000000) for __main
    entry5.o(.ARM.Collect$$$$00000004) refers to init.o(.text) for __scatterload
    entry9a.o(.ARM.Collect$$$$0000000B) refers to main.o(i.main) for main
    entry9b.o(.ARM.Collect$$$$0000000C) refers to main.o(i.main) for main
    init.o(.text) refers to entry5.o(.ARM.Collect$$$$00000004) for __main_after_scatterload


==============================================================================

Removing Unused input sections from the image.

    Removing system_stm32f1xx.o(.rev16_text), (4 bytes).
    Removing system_stm32f1xx.o(.revsh_text), (4 bytes).
    Removing system_stm32f1xx.o(.rrx_text), (6 bytes).
    Removing system_stm32f1xx.o(i.SystemCoreClockUpdate), (164 bytes).
    Removing stm32f1xx_hal_gpio_ex.o(.rev16_text), (4 bytes).
    Removing stm32f1xx_hal_gpio_ex.o(.revsh_text), (4 bytes).
    Removing stm32f1xx_hal_gpio_ex.o(.rrx_text), (6 bytes).
    Removing stm32f1xx_hal_gpio_ex.o(i.HAL_GPIOEx_ConfigEventout), (24 bytes).
    Removing stm32f1xx_hal_gpio_ex.o(i.HAL_GPIOEx_DisableEventout), (20 bytes).
    Removing stm32f1xx_hal_gpio_ex.o(i.HAL_GPIOEx_EnableEventout), (20 bytes).
    Removing stm32f1xx_hal_pwr.o(.rev16_text), (4 bytes).
    Removing stm32f1xx_hal_pwr.o(.revsh_text), (4 bytes).
    Removing stm32f1xx_hal_pwr.o(.rrx_text), (6 bytes).
    Removing stm32f1xx_hal_pwr.o(i.HAL_PWR_ConfigPVD), (180 bytes).
    Removing stm32f1xx_hal_pwr.o(i.HAL_PWR_DeInit), (28 bytes).
    Removing stm32f1xx_hal_pwr.o(i.HAL_PWR_DisableBkUpAccess), (28 bytes).
    Removing stm32f1xx_hal_pwr.o(i.HAL_PWR_DisablePVD), (24 bytes).
    Removing stm32f1xx_hal_pwr.o(i.HAL_PWR_DisableSEVOnPend), (20 bytes).
    Removing stm32f1xx_hal_pwr.o(i.HAL_PWR_DisableSleepOnExit), (20 bytes).
    Removing stm32f1xx_hal_pwr.o(i.HAL_PWR_DisableWakeUpPin), (28 bytes).
    Removing stm32f1xx_hal_pwr.o(i.HAL_PWR_EnablePVD), (24 bytes).
    Removing stm32f1xx_hal_pwr.o(i.HAL_PWR_EnableSEVOnPend), (20 bytes).
    Removing stm32f1xx_hal_pwr.o(i.HAL_PWR_EnableSleepOnExit), (20 bytes).
    Removing stm32f1xx_hal_pwr.o(i.HAL_PWR_EnterSLEEPMode), (32 bytes).
    Removing stm32f1xx_hal_pwr.o(i.HAL_PWR_EnterSTOPMode), (84 bytes).
    Removing stm32f1xx_hal_pwr.o(i.HAL_PWR_PVDCallback), (2 bytes).
    Removing stm32f1xx_hal_pwr.o(i.HAL_PWR_PVD_IRQHandler), (32 bytes).
    Removing stm32f1xx_hal_pwr.o(i.PWR_OverloadWfe), (6 bytes).
    Removing stm32f1xx_hal_gpio.o(.rev16_text), (4 bytes).
    Removing stm32f1xx_hal_gpio.o(.revsh_text), (4 bytes).
    Removing stm32f1xx_hal_gpio.o(.rrx_text), (6 bytes).
    Removing stm32f1xx_hal_gpio.o(i.HAL_GPIO_DeInit), (312 bytes).
    Removing stm32f1xx_hal_gpio.o(i.HAL_GPIO_EXTI_Callback), (2 bytes).
    Removing stm32f1xx_hal_gpio.o(i.HAL_GPIO_EXTI_IRQHandler), (28 bytes).
    Removing stm32f1xx_hal_gpio.o(i.HAL_GPIO_LockPin), (46 bytes).
    Removing stm32f1xx_hal_gpio.o(i.HAL_GPIO_TogglePin), (8 bytes).
    Removing stm32f1xx_hal_spi_ex.o(.rev16_text), (4 bytes).
    Removing stm32f1xx_hal_spi_ex.o(.revsh_text), (4 bytes).
    Removing stm32f1xx_hal_spi_ex.o(.rrx_text), (6 bytes).
    Removing stm32f1xx_hal_spi_ex.o(i.SPI_ISCRCErrorValid), (6 bytes).
    Removing stm32f1xx_hal_flash_ex.o(.rev16_text), (4 bytes).
    Removing stm32f1xx_hal_flash_ex.o(.revsh_text), (4 bytes).
    Removing stm32f1xx_hal_flash_ex.o(.rrx_text), (6 bytes).
    Removing stm32f1xx_hal_flash_ex.o(i.FLASH_MassErase), (40 bytes).
    Removing stm32f1xx_hal_flash_ex.o(i.FLASH_OB_DisableWRP), (216 bytes).
    Removing stm32f1xx_hal_flash_ex.o(i.FLASH_OB_EnableWRP), (216 bytes).
    Removing stm32f1xx_hal_flash_ex.o(i.FLASH_OB_GetRDP), (24 bytes).
    Removing stm32f1xx_hal_flash_ex.o(i.FLASH_OB_GetUser), (16 bytes).
    Removing stm32f1xx_hal_flash_ex.o(i.FLASH_OB_GetWRP), (12 bytes).
    Removing stm32f1xx_hal_flash_ex.o(i.FLASH_OB_ProgramData), (76 bytes).
    Removing stm32f1xx_hal_flash_ex.o(i.FLASH_OB_RDP_LevelConfig), (80 bytes).
    Removing stm32f1xx_hal_flash_ex.o(i.FLASH_OB_UserConfig), (84 bytes).
    Removing stm32f1xx_hal_flash_ex.o(i.FLASH_PageErase), (40 bytes).
    Removing stm32f1xx_hal_flash_ex.o(i.FLASH_Program_HalfWord), (32 bytes).
    Removing stm32f1xx_hal_flash_ex.o(i.FLASH_SetErrorCode), (104 bytes).
    Removing stm32f1xx_hal_flash_ex.o(i.HAL_FLASHEx_Erase), (216 bytes).
    Removing stm32f1xx_hal_flash_ex.o(i.HAL_FLASHEx_Erase_IT), (100 bytes).
    Removing stm32f1xx_hal_flash_ex.o(i.HAL_FLASHEx_OBErase), (100 bytes).
    Removing stm32f1xx_hal_flash_ex.o(i.HAL_FLASHEx_OBGetConfig), (28 bytes).
    Removing stm32f1xx_hal_flash_ex.o(i.HAL_FLASHEx_OBProgram), (98 bytes).
    Removing stm32f1xx_hal_spi.o(.rev16_text), (4 bytes).
    Removing stm32f1xx_hal_spi.o(.revsh_text), (4 bytes).
    Removing stm32f1xx_hal_spi.o(.rrx_text), (6 bytes).
    Removing stm32f1xx_hal_spi.o(i.HAL_SPI_DMAPause), (62 bytes).
    Removing stm32f1xx_hal_spi.o(i.HAL_SPI_DMAResume), (62 bytes).
    Removing stm32f1xx_hal_spi.o(i.HAL_SPI_DMAStop), (58 bytes).
    Removing stm32f1xx_hal_spi.o(i.HAL_SPI_DeInit), (54 bytes).
    Removing stm32f1xx_hal_spi.o(i.HAL_SPI_ErrorCallback), (2 bytes).
    Removing stm32f1xx_hal_spi.o(i.HAL_SPI_GetError), (6 bytes).
    Removing stm32f1xx_hal_spi.o(i.HAL_SPI_GetState), (8 bytes).
    Removing stm32f1xx_hal_spi.o(i.HAL_SPI_IRQHandler), (228 bytes).
    Removing stm32f1xx_hal_spi.o(i.HAL_SPI_Init), (124 bytes).
    Removing stm32f1xx_hal_spi.o(i.HAL_SPI_MspDeInit), (2 bytes).
    Removing stm32f1xx_hal_spi.o(i.HAL_SPI_MspInit), (2 bytes).
    Removing stm32f1xx_hal_spi.o(i.HAL_SPI_Receive), (588 bytes).
    Removing stm32f1xx_hal_spi.o(i.HAL_SPI_Receive_DMA), (288 bytes).
    Removing stm32f1xx_hal_spi.o(i.HAL_SPI_Receive_IT), (228 bytes).
    Removing stm32f1xx_hal_spi.o(i.HAL_SPI_RxCpltCallback), (2 bytes).
    Removing stm32f1xx_hal_spi.o(i.HAL_SPI_RxHalfCpltCallback), (2 bytes).
    Removing stm32f1xx_hal_spi.o(i.HAL_SPI_TransmitReceive_DMA), (332 bytes).
    Removing stm32f1xx_hal_spi.o(i.HAL_SPI_TransmitReceive_IT), (204 bytes).
    Removing stm32f1xx_hal_spi.o(i.HAL_SPI_Transmit_DMA), (248 bytes).
    Removing stm32f1xx_hal_spi.o(i.HAL_SPI_Transmit_IT), (204 bytes).
    Removing stm32f1xx_hal_spi.o(i.HAL_SPI_TxCpltCallback), (2 bytes).
    Removing stm32f1xx_hal_spi.o(i.HAL_SPI_TxHalfCpltCallback), (2 bytes).
    Removing stm32f1xx_hal_spi.o(i.HAL_SPI_TxRxCpltCallback), (2 bytes).
    Removing stm32f1xx_hal_spi.o(i.HAL_SPI_TxRxHalfCpltCallback), (2 bytes).
    Removing stm32f1xx_hal_spi.o(i.SPI_2LinesRxISR), (56 bytes).
    Removing stm32f1xx_hal_spi.o(i.SPI_DMAError), (34 bytes).
    Removing stm32f1xx_hal_spi.o(i.SPI_DMAHalfReceiveCplt), (14 bytes).
    Removing stm32f1xx_hal_spi.o(i.SPI_DMAHalfTransmitCplt), (14 bytes).
    Removing stm32f1xx_hal_spi.o(i.SPI_DMAHalfTransmitReceiveCplt), (14 bytes).
    Removing stm32f1xx_hal_spi.o(i.SPI_DMAReceiveCplt), (248 bytes).
    Removing stm32f1xx_hal_spi.o(i.SPI_DMATransmitCplt), (124 bytes).
    Removing stm32f1xx_hal_spi.o(i.SPI_DMATransmitReceiveCplt), (212 bytes).
    Removing stm32f1xx_hal_spi.o(i.SPI_ISCRCErrorValid), (6 bytes).
    Removing stm32f1xx_hal_spi.o(i.SPI_RxCloseIRQHandler), (268 bytes).
    Removing stm32f1xx_hal_spi.o(i.SPI_RxISR), (82 bytes).
    Removing stm32f1xx_hal_spi.o(i.SPI_TxCloseIRQHandler), (158 bytes).
    Removing stm32f1xx_hal_spi.o(i.SPI_TxISR), (74 bytes).
    Removing stm32f1xx_hal_flash.o(.rev16_text), (4 bytes).
    Removing stm32f1xx_hal_flash.o(.revsh_text), (4 bytes).
    Removing stm32f1xx_hal_flash.o(.rrx_text), (6 bytes).
    Removing stm32f1xx_hal_flash.o(i.FLASH_WaitForLastOperation), (112 bytes).
    Removing stm32f1xx_hal_flash.o(i.HAL_FLASH_EndOfOperationCallback), (2 bytes).
    Removing stm32f1xx_hal_flash.o(i.HAL_FLASH_GetError), (12 bytes).
    Removing stm32f1xx_hal_flash.o(i.HAL_FLASH_IRQHandler), (372 bytes).
    Removing stm32f1xx_hal_flash.o(i.HAL_FLASH_Lock), (20 bytes).
    Removing stm32f1xx_hal_flash.o(i.HAL_FLASH_OB_Launch), (10 bytes).
    Removing stm32f1xx_hal_flash.o(i.HAL_FLASH_OB_Lock), (20 bytes).
    Removing stm32f1xx_hal_flash.o(i.HAL_FLASH_OB_Unlock), (44 bytes).
    Removing stm32f1xx_hal_flash.o(i.HAL_FLASH_OperationErrorCallback), (2 bytes).
    Removing stm32f1xx_hal_flash.o(i.HAL_FLASH_Program), (176 bytes).
    Removing stm32f1xx_hal_flash.o(i.HAL_FLASH_Program_IT), (124 bytes).
    Removing stm32f1xx_hal_flash.o(i.HAL_FLASH_Unlock), (44 bytes).
    Removing stm32f1xx_hal_flash.o(.bss), (32 bytes).
    Removing stm32f1xx_hal_cortex.o(.rev16_text), (4 bytes).
    Removing stm32f1xx_hal_cortex.o(.revsh_text), (4 bytes).
    Removing stm32f1xx_hal_cortex.o(.rrx_text), (6 bytes).
    Removing stm32f1xx_hal_cortex.o(i.HAL_NVIC_ClearPendingIRQ), (28 bytes).
    Removing stm32f1xx_hal_cortex.o(i.HAL_NVIC_DisableIRQ), (28 bytes).
    Removing stm32f1xx_hal_cortex.o(i.HAL_NVIC_EnableIRQ), (26 bytes).
    Removing stm32f1xx_hal_cortex.o(i.HAL_NVIC_GetActive), (40 bytes).
    Removing stm32f1xx_hal_cortex.o(i.HAL_NVIC_GetPendingIRQ), (40 bytes).
    Removing stm32f1xx_hal_cortex.o(i.HAL_NVIC_GetPriority), (148 bytes).
    Removing stm32f1xx_hal_cortex.o(i.HAL_NVIC_GetPriorityGrouping), (8 bytes).
    Removing stm32f1xx_hal_cortex.o(i.HAL_NVIC_SetPendingIRQ), (28 bytes).
    Removing stm32f1xx_hal_cortex.o(i.HAL_NVIC_SystemReset), (44 bytes).
    Removing stm32f1xx_hal_cortex.o(i.HAL_SYSTICK_CLKSourceConfig), (40 bytes).
    Removing stm32f1xx_hal.o(.rev16_text), (4 bytes).
    Removing stm32f1xx_hal.o(.revsh_text), (4 bytes).
    Removing stm32f1xx_hal.o(.rrx_text), (6 bytes).
    Removing stm32f1xx_hal.o(i.HAL_DBGMCU_DisableDBGSleepMode), (20 bytes).
    Removing stm32f1xx_hal.o(i.HAL_DBGMCU_DisableDBGStandbyMode), (20 bytes).
    Removing stm32f1xx_hal.o(i.HAL_DBGMCU_DisableDBGStopMode), (20 bytes).
    Removing stm32f1xx_hal.o(i.HAL_DBGMCU_EnableDBGSleepMode), (20 bytes).
    Removing stm32f1xx_hal.o(i.HAL_DBGMCU_EnableDBGStandbyMode), (20 bytes).
    Removing stm32f1xx_hal.o(i.HAL_DBGMCU_EnableDBGStopMode), (20 bytes).
    Removing stm32f1xx_hal.o(i.HAL_DeInit), (36 bytes).
    Removing stm32f1xx_hal.o(i.HAL_GetDEVID), (16 bytes).
    Removing stm32f1xx_hal.o(i.HAL_GetHalVersion), (6 bytes).
    Removing stm32f1xx_hal.o(i.HAL_GetREVID), (28 bytes).
    Removing stm32f1xx_hal.o(i.HAL_MspDeInit), (2 bytes).
    Removing stm32f1xx_hal.o(i.HAL_MspInit), (2 bytes).
    Removing stm32f1xx_hal.o(i.HAL_ResumeTick), (18 bytes).
    Removing stm32f1xx_hal.o(i.HAL_SuspendTick), (18 bytes).
    Removing stm32f1xx_hal_dma.o(.rev16_text), (4 bytes).
    Removing stm32f1xx_hal_dma.o(.revsh_text), (4 bytes).
    Removing stm32f1xx_hal_dma.o(.rrx_text), (6 bytes).
    Removing stm32f1xx_hal_dma.o(i.DMA_SetConfig), (32 bytes).
    Removing stm32f1xx_hal_dma.o(i.HAL_DMA_Abort), (98 bytes).
    Removing stm32f1xx_hal_dma.o(i.HAL_DMA_DeInit), (368 bytes).
    Removing stm32f1xx_hal_dma.o(i.HAL_DMA_GetError), (6 bytes).
    Removing stm32f1xx_hal_dma.o(i.HAL_DMA_GetState), (8 bytes).
    Removing stm32f1xx_hal_dma.o(i.HAL_DMA_IRQHandler), (784 bytes).
    Removing stm32f1xx_hal_dma.o(i.HAL_DMA_Init), (84 bytes).
    Removing stm32f1xx_hal_dma.o(i.HAL_DMA_PollForTransfer), (744 bytes).
    Removing stm32f1xx_hal_dma.o(i.HAL_DMA_Start), (82 bytes).
    Removing stm32f1xx_hal_dma.o(i.HAL_DMA_Start_IT), (118 bytes).
    Removing stm32f1xx_hal_rcc_ex.o(.rev16_text), (4 bytes).
    Removing stm32f1xx_hal_rcc_ex.o(.revsh_text), (4 bytes).
    Removing stm32f1xx_hal_rcc_ex.o(.rrx_text), (6 bytes).
    Removing stm32f1xx_hal_rcc_ex.o(i.HAL_RCCEx_GetPeriphCLKConfig), (60 bytes).
    Removing stm32f1xx_hal_rcc_ex.o(i.HAL_RCC_GetClockConfig), (68 bytes).
    Removing stm32f1xx_hal_rcc.o(.rev16_text), (4 bytes).
    Removing stm32f1xx_hal_rcc.o(.revsh_text), (4 bytes).
    Removing stm32f1xx_hal_rcc.o(.rrx_text), (6 bytes).
    Removing stm32f1xx_hal_rcc.o(i.HAL_RCC_CSSCallback), (2 bytes).
    Removing stm32f1xx_hal_rcc.o(i.HAL_RCC_ClockConfig), (536 bytes).
    Removing stm32f1xx_hal_rcc.o(i.HAL_RCC_DeInit), (80 bytes).
    Removing stm32f1xx_hal_rcc.o(i.HAL_RCC_DisableCSS), (28 bytes).
    Removing stm32f1xx_hal_rcc.o(i.HAL_RCC_EnableCSS), (24 bytes).
    Removing stm32f1xx_hal_rcc.o(i.HAL_RCC_GetClockConfig), (56 bytes).
    Removing stm32f1xx_hal_rcc.o(i.HAL_RCC_GetOscConfig), (208 bytes).
    Removing stm32f1xx_hal_rcc.o(i.HAL_RCC_GetPCLK1Freq), (44 bytes).
    Removing stm32f1xx_hal_rcc.o(i.HAL_RCC_MCOConfig), (88 bytes).
    Removing stm32f1xx_hal_rcc.o(i.HAL_RCC_NMI_IRQHandler), (32 bytes).
    Removing stm32f1xx_hal_rtc.o(.rev16_text), (4 bytes).
    Removing stm32f1xx_hal_rtc.o(.revsh_text), (4 bytes).
    Removing stm32f1xx_hal_rtc.o(.rrx_text), (6 bytes).
    Removing stm32f1xx_hal_rtc.o(i.HAL_RTC_AlarmAEventCallback), (2 bytes).
    Removing stm32f1xx_hal_rtc.o(i.HAL_RTC_AlarmIRQHandler), (56 bytes).
    Removing stm32f1xx_hal_rtc.o(i.HAL_RTC_DeInit), (132 bytes).
    Removing stm32f1xx_hal_rtc.o(i.HAL_RTC_DeactivateAlarm), (144 bytes).
    Removing stm32f1xx_hal_rtc.o(i.HAL_RTC_GetAlarm), (126 bytes).
    Removing stm32f1xx_hal_rtc.o(i.HAL_RTC_GetDate), (82 bytes).
    Removing stm32f1xx_hal_rtc.o(i.HAL_RTC_GetState), (6 bytes).
    Removing stm32f1xx_hal_rtc.o(i.HAL_RTC_MspDeInit), (2 bytes).
    Removing stm32f1xx_hal_rtc.o(i.HAL_RTC_MspInit), (2 bytes).
    Removing stm32f1xx_hal_rtc.o(i.HAL_RTC_PollForAlarmAEvent), (70 bytes).
    Removing stm32f1xx_hal_rtc.o(i.HAL_RTC_SetAlarm_IT), (264 bytes).
    Removing stm32f1xx_hal_rtc_ex.o(.rev16_text), (4 bytes).
    Removing stm32f1xx_hal_rtc_ex.o(.revsh_text), (4 bytes).
    Removing stm32f1xx_hal_rtc_ex.o(.rrx_text), (6 bytes).
    Removing stm32f1xx_hal_rtc_ex.o(i.HAL_RTCEx_BKUPRead), (24 bytes).
    Removing stm32f1xx_hal_rtc_ex.o(i.HAL_RTCEx_BKUPWrite), (24 bytes).
    Removing stm32f1xx_hal_rtc_ex.o(i.HAL_RTCEx_DeactivateSecond), (58 bytes).
    Removing stm32f1xx_hal_rtc_ex.o(i.HAL_RTCEx_DeactivateTamper), (96 bytes).
    Removing stm32f1xx_hal_rtc_ex.o(i.HAL_RTCEx_PollForTamper1Event), (80 bytes).
    Removing stm32f1xx_hal_rtc_ex.o(i.HAL_RTCEx_RTCEventCallback), (2 bytes).
    Removing stm32f1xx_hal_rtc_ex.o(i.HAL_RTCEx_RTCEventErrorCallback), (2 bytes).
    Removing stm32f1xx_hal_rtc_ex.o(i.HAL_RTCEx_RTCIRQHandler), (74 bytes).
    Removing stm32f1xx_hal_rtc_ex.o(i.HAL_RTCEx_SetSecond_IT), (58 bytes).
    Removing stm32f1xx_hal_rtc_ex.o(i.HAL_RTCEx_SetSmoothCalib), (68 bytes).
    Removing stm32f1xx_hal_rtc_ex.o(i.HAL_RTCEx_SetTamper), (104 bytes).
    Removing stm32f1xx_hal_rtc_ex.o(i.HAL_RTCEx_SetTamper_IT), (116 bytes).
    Removing stm32f1xx_hal_rtc_ex.o(i.HAL_RTCEx_Tamper1EventCallback), (2 bytes).
    Removing stm32f1xx_hal_rtc_ex.o(i.HAL_RTCEx_TamperIRQHandler), (52 bytes).
    Removing stm32f1xx_hal_adc.o(.rev16_text), (4 bytes).
    Removing stm32f1xx_hal_adc.o(.revsh_text), (4 bytes).
    Removing stm32f1xx_hal_adc.o(.rrx_text), (6 bytes).
    Removing stm32f1xx_hal_adc_ex.o(.rev16_text), (4 bytes).
    Removing stm32f1xx_hal_adc_ex.o(.revsh_text), (4 bytes).
    Removing stm32f1xx_hal_adc_ex.o(.rrx_text), (6 bytes).
    Removing stm32f1xx_hal_crc.o(.rev16_text), (4 bytes).
    Removing stm32f1xx_hal_crc.o(.revsh_text), (4 bytes).
    Removing stm32f1xx_hal_crc.o(.rrx_text), (6 bytes).
    Removing stm32f1xx_hal_iwdg.o(.rev16_text), (4 bytes).
    Removing stm32f1xx_hal_iwdg.o(.revsh_text), (4 bytes).
    Removing stm32f1xx_hal_iwdg.o(.rrx_text), (6 bytes).
    Removing stm32f1xx_hal_msp.o(.rev16_text), (4 bytes).
    Removing stm32f1xx_hal_msp.o(.revsh_text), (4 bytes).
    Removing stm32f1xx_hal_msp.o(.rrx_text), (6 bytes).
    Removing stm32f1xx_hal_msp.o(i.HAL_RTC_MspDeInit), (40 bytes).
    Removing stm32f1xx_hal_msp.o(i.HAL_SPI_MspDeInit), (48 bytes).
    Removing main.o(.rev16_text), (4 bytes).
    Removing main.o(.revsh_text), (4 bytes).
    Removing main.o(.rrx_text), (6 bytes).
    Removing main.o(i.deinit), (52 bytes).
    Removing stm32f1xx_it.o(.rev16_text), (4 bytes).
    Removing stm32f1xx_it.o(.revsh_text), (4 bytes).
    Removing stm32f1xx_it.o(.rrx_text), (6 bytes).
    Removing startup_stm32f103xb.o(HEAP), (512 bytes).
    Removing aes_dec.o(i.aes_invshiftrow), (62 bytes).
    Removing aes_keyschedule.o(i.aes192_init), (18 bytes).
    Removing aes_keyschedule.o(i.aes256_init), (20 bytes).
    Removing aes192_dec.o(i.aes192_dec), (18 bytes).
    Removing aes192_enc.o(i.aes192_enc), (18 bytes).
    Removing aes256_dec.o(i.aes256_dec), (18 bytes).
    Removing aes256_enc.o(i.aes256_enc), (18 bytes).
    Removing nrf24.o(.rev16_text), (4 bytes).
    Removing nrf24.o(.revsh_text), (4 bytes).
    Removing nrf24.o(.rrx_text), (6 bytes).
    Removing nrf24.o(i.nrf24_lastMessageStatus), (32 bytes).
    Removing nrf24.o(i.nrf24_payload_length), (12 bytes).
    Removing nrf24.o(i.nrf24_retransmissionCount), (28 bytes).

246 unused section(s) (total 14736 bytes) removed from the image.

==============================================================================

Image Symbol Table

    Local Symbols

    Symbol Name                              Value     Ov Type        Size  Object(Section)

    ../clib/microlib/init/entry.s            0x00000000   Number         0  entry7b.o ABSOLUTE
    ../clib/microlib/init/entry.s            0x00000000   Number         0  entry8a.o ABSOLUTE
    ../clib/microlib/init/entry.s            0x00000000   Number         0  entry8b.o ABSOLUTE
    ../clib/microlib/init/entry.s            0x00000000   Number         0  entry9a.o ABSOLUTE
    ../clib/microlib/init/entry.s            0x00000000   Number         0  entry7a.o ABSOLUTE
    ../clib/microlib/init/entry.s            0x00000000   Number         0  entry9b.o ABSOLUTE
    ../clib/microlib/init/entry.s            0x00000000   Number         0  entry10a.o ABSOLUTE
    ../clib/microlib/init/entry.s            0x00000000   Number         0  entry10b.o ABSOLUTE
    ../clib/microlib/init/entry.s            0x00000000   Number         0  entry.o ABSOLUTE
    ../clib/microlib/init/entry.s            0x00000000   Number         0  entry5.o ABSOLUTE
    ../clib/microlib/init/entry.s            0x00000000   Number         0  entry11a.o ABSOLUTE
    ../clib/microlib/init/entry.s            0x00000000   Number         0  entry11b.o ABSOLUTE
    ../clib/microlib/init/entry.s            0x00000000   Number         0  entry2.o ABSOLUTE
    ../clib/microlib/longlong.c              0x00000000   Number         0  llushr.o ABSOLUTE
    ../clib/microlib/stdlib/rand.c           0x00000000   Number         0  rand.o ABSOLUTE
    ../clib/microlib/string/memcpy.c         0x00000000   Number         0  memcpya.o ABSOLUTE
    ../clib/microlib/string/memcpy.c         0x00000000   Number         0  memcpyb.o ABSOLUTE
    ..\..\shared-libs\aes\aes128_dec.c       0x00000000   Number         0  aes128_dec.o ABSOLUTE
    ..\..\shared-libs\aes\aes128_enc.c       0x00000000   Number         0  aes128_enc.o ABSOLUTE
    ..\..\shared-libs\aes\aes192_dec.c       0x00000000   Number         0  aes192_dec.o ABSOLUTE
    ..\..\shared-libs\aes\aes192_enc.c       0x00000000   Number         0  aes192_enc.o ABSOLUTE
    ..\..\shared-libs\aes\aes256_dec.c       0x00000000   Number         0  aes256_dec.o ABSOLUTE
    ..\..\shared-libs\aes\aes256_enc.c       0x00000000   Number         0  aes256_enc.o ABSOLUTE
    ..\..\shared-libs\aes\aes_dec.c          0x00000000   Number         0  aes_dec.o ABSOLUTE
    ..\..\shared-libs\aes\aes_enc.c          0x00000000   Number         0  aes_enc.o ABSOLUTE
    ..\..\shared-libs\aes\aes_invsbox.c      0x00000000   Number         0  aes_invsbox.o ABSOLUTE
    ..\..\shared-libs\aes\aes_keyschedule.c  0x00000000   Number         0  aes_keyschedule.o ABSOLUTE
    ..\..\shared-libs\aes\aes_sbox.c         0x00000000   Number         0  aes_sbox.o ABSOLUTE
    ..\..\shared-libs\aes\gf256mul.c         0x00000000   Number         0  gf256mul.o ABSOLUTE
    ..\..\shared-libs\nrf24\nrf24.c          0x00000000   Number         0  nrf24.o ABSOLUTE
    ..\Drivers\CMSIS\Device\ST\STM32F1xx\Source\Templates\arm\startup_stm32f103xb.s 0x00000000   Number         0  startup_stm32f103xb.o ABSOLUTE
    ..\Drivers\CMSIS\Device\ST\STM32F1xx\Source\Templates\system_stm32f1xx.c 0x00000000   Number         0  system_stm32f1xx.o ABSOLUTE
    ..\Drivers\STM32F1xx_HAL_Driver\Src\stm32f1xx_hal.c 0x00000000   Number         0  stm32f1xx_hal.o ABSOLUTE
    ..\Drivers\STM32F1xx_HAL_Driver\Src\stm32f1xx_hal_adc.c 0x00000000   Number         0  stm32f1xx_hal_adc.o ABSOLUTE
    ..\Drivers\STM32F1xx_HAL_Driver\Src\stm32f1xx_hal_adc_ex.c 0x00000000   Number         0  stm32f1xx_hal_adc_ex.o ABSOLUTE
    ..\Drivers\STM32F1xx_HAL_Driver\Src\stm32f1xx_hal_cortex.c 0x00000000   Number         0  stm32f1xx_hal_cortex.o ABSOLUTE
    ..\Drivers\STM32F1xx_HAL_Driver\Src\stm32f1xx_hal_crc.c 0x00000000   Number         0  stm32f1xx_hal_crc.o ABSOLUTE
    ..\Drivers\STM32F1xx_HAL_Driver\Src\stm32f1xx_hal_dma.c 0x00000000   Number         0  stm32f1xx_hal_dma.o ABSOLUTE
    ..\Drivers\STM32F1xx_HAL_Driver\Src\stm32f1xx_hal_flash.c 0x00000000   Number         0  stm32f1xx_hal_flash.o ABSOLUTE
    ..\Drivers\STM32F1xx_HAL_Driver\Src\stm32f1xx_hal_flash_ex.c 0x00000000   Number         0  stm32f1xx_hal_flash_ex.o ABSOLUTE
    ..\Drivers\STM32F1xx_HAL_Driver\Src\stm32f1xx_hal_gpio.c 0x00000000   Number         0  stm32f1xx_hal_gpio.o ABSOLUTE
    ..\Drivers\STM32F1xx_HAL_Driver\Src\stm32f1xx_hal_gpio_ex.c 0x00000000   Number         0  stm32f1xx_hal_gpio_ex.o ABSOLUTE
    ..\Drivers\STM32F1xx_HAL_Driver\Src\stm32f1xx_hal_iwdg.c 0x00000000   Number         0  stm32f1xx_hal_iwdg.o ABSOLUTE
    ..\Drivers\STM32F1xx_HAL_Driver\Src\stm32f1xx_hal_pwr.c 0x00000000   Number         0  stm32f1xx_hal_pwr.o ABSOLUTE
    ..\Drivers\STM32F1xx_HAL_Driver\Src\stm32f1xx_hal_rcc.c 0x00000000   Number         0  stm32f1xx_hal_rcc.o ABSOLUTE
    ..\Drivers\STM32F1xx_HAL_Driver\Src\stm32f1xx_hal_rcc_ex.c 0x00000000   Number         0  stm32f1xx_hal_rcc_ex.o ABSOLUTE
    ..\Drivers\STM32F1xx_HAL_Driver\Src\stm32f1xx_hal_rtc.c 0x00000000   Number         0  stm32f1xx_hal_rtc.o ABSOLUTE
    ..\Drivers\STM32F1xx_HAL_Driver\Src\stm32f1xx_hal_rtc_ex.c 0x00000000   Number         0  stm32f1xx_hal_rtc_ex.o ABSOLUTE
    ..\Drivers\STM32F1xx_HAL_Driver\Src\stm32f1xx_hal_spi.c 0x00000000   Number         0  stm32f1xx_hal_spi.o ABSOLUTE
    ..\Drivers\STM32F1xx_HAL_Driver\Src\stm32f1xx_hal_spi_ex.c 0x00000000   Number         0  stm32f1xx_hal_spi_ex.o ABSOLUTE
    ..\Src\main.c                            0x00000000   Number         0  main.o ABSOLUTE
    ..\Src\stm32f1xx_hal_msp.c               0x00000000   Number         0  stm32f1xx_hal_msp.o ABSOLUTE
    ..\Src\stm32f1xx_it.c                    0x00000000   Number         0  stm32f1xx_it.o ABSOLUTE
    ..\\..\\shared-libs\\nrf24\\nrf24.c      0x00000000   Number         0  nrf24.o ABSOLUTE
    ..\\Drivers\\CMSIS\\Device\\ST\\STM32F1xx\\Source\\Templates\\system_stm32f1xx.c 0x00000000   Number         0  system_stm32f1xx.o ABSOLUTE
    ..\\Drivers\\STM32F1xx_HAL_Driver\\Src\\stm32f1xx_hal.c 0x00000000   Number         0  stm32f1xx_hal.o ABSOLUTE
    ..\\Drivers\\STM32F1xx_HAL_Driver\\Src\\stm32f1xx_hal_adc.c 0x00000000   Number         0  stm32f1xx_hal_adc.o ABSOLUTE
    ..\\Drivers\\STM32F1xx_HAL_Driver\\Src\\stm32f1xx_hal_adc_ex.c 0x00000000   Number         0  stm32f1xx_hal_adc_ex.o ABSOLUTE
    ..\\Drivers\\STM32F1xx_HAL_Driver\\Src\\stm32f1xx_hal_cortex.c 0x00000000   Number         0  stm32f1xx_hal_cortex.o ABSOLUTE
    ..\\Drivers\\STM32F1xx_HAL_Driver\\Src\\stm32f1xx_hal_crc.c 0x00000000   Number         0  stm32f1xx_hal_crc.o ABSOLUTE
    ..\\Drivers\\STM32F1xx_HAL_Driver\\Src\\stm32f1xx_hal_dma.c 0x00000000   Number         0  stm32f1xx_hal_dma.o ABSOLUTE
    ..\\Drivers\\STM32F1xx_HAL_Driver\\Src\\stm32f1xx_hal_flash.c 0x00000000   Number         0  stm32f1xx_hal_flash.o ABSOLUTE
    ..\\Drivers\\STM32F1xx_HAL_Driver\\Src\\stm32f1xx_hal_flash_ex.c 0x00000000   Number         0  stm32f1xx_hal_flash_ex.o ABSOLUTE
    ..\\Drivers\\STM32F1xx_HAL_Driver\\Src\\stm32f1xx_hal_gpio.c 0x00000000   Number         0  stm32f1xx_hal_gpio.o ABSOLUTE
    ..\\Drivers\\STM32F1xx_HAL_Driver\\Src\\stm32f1xx_hal_gpio_ex.c 0x00000000   Number         0  stm32f1xx_hal_gpio_ex.o ABSOLUTE
    ..\\Drivers\\STM32F1xx_HAL_Driver\\Src\\stm32f1xx_hal_iwdg.c 0x00000000   Number         0  stm32f1xx_hal_iwdg.o ABSOLUTE
    ..\\Drivers\\STM32F1xx_HAL_Driver\\Src\\stm32f1xx_hal_pwr.c 0x00000000   Number         0  stm32f1xx_hal_pwr.o ABSOLUTE
    ..\\Drivers\\STM32F1xx_HAL_Driver\\Src\\stm32f1xx_hal_rcc.c 0x00000000   Number         0  stm32f1xx_hal_rcc.o ABSOLUTE
    ..\\Drivers\\STM32F1xx_HAL_Driver\\Src\\stm32f1xx_hal_rcc_ex.c 0x00000000   Number         0  stm32f1xx_hal_rcc_ex.o ABSOLUTE
    ..\\Drivers\\STM32F1xx_HAL_Driver\\Src\\stm32f1xx_hal_rtc.c 0x00000000   Number         0  stm32f1xx_hal_rtc.o ABSOLUTE
    ..\\Drivers\\STM32F1xx_HAL_Driver\\Src\\stm32f1xx_hal_rtc_ex.c 0x00000000   Number         0  stm32f1xx_hal_rtc_ex.o ABSOLUTE
    ..\\Drivers\\STM32F1xx_HAL_Driver\\Src\\stm32f1xx_hal_spi.c 0x00000000   Number         0  stm32f1xx_hal_spi.o ABSOLUTE
    ..\\Drivers\\STM32F1xx_HAL_Driver\\Src\\stm32f1xx_hal_spi_ex.c 0x00000000   Number         0  stm32f1xx_hal_spi_ex.o ABSOLUTE
    ..\\Src\\main.c                          0x00000000   Number         0  main.o ABSOLUTE
    ..\\Src\\stm32f1xx_hal_msp.c             0x00000000   Number         0  stm32f1xx_hal_msp.o ABSOLUTE
    ..\\Src\\stm32f1xx_it.c                  0x00000000   Number         0  stm32f1xx_it.o ABSOLUTE
    dc.s                                     0x00000000   Number         0  dc.o ABSOLUTE
    handlers.s                               0x00000000   Number         0  handlers.o ABSOLUTE
    init.s                                   0x00000000   Number         0  init.o ABSOLUTE
    RESET                                    0x08000000   Section      236  startup_stm32f103xb.o(RESET)
    .ARM.Collect$$$$00000000                 0x080000ec   Section        0  entry.o(.ARM.Collect$$$$00000000)
    .ARM.Collect$$$$00000001                 0x080000ec   Section        4  entry2.o(.ARM.Collect$$$$00000001)
    .ARM.Collect$$$$00000004                 0x080000f0   Section        4  entry5.o(.ARM.Collect$$$$00000004)
    .ARM.Collect$$$$00000008                 0x080000f4   Section        0  entry7b.o(.ARM.Collect$$$$00000008)
    .ARM.Collect$$$$0000000A                 0x080000f4   Section        0  entry8b.o(.ARM.Collect$$$$0000000A)
    .ARM.Collect$$$$0000000B                 0x080000f4   Section        8  entry9a.o(.ARM.Collect$$$$0000000B)
    .ARM.Collect$$$$0000000D                 0x080000fc   Section        0  entry10a.o(.ARM.Collect$$$$0000000D)
    .ARM.Collect$$$$0000000F                 0x080000fc   Section        0  entry11a.o(.ARM.Collect$$$$0000000F)
    .ARM.Collect$$$$00002712                 0x080000fc   Section        4  entry2.o(.ARM.Collect$$$$00002712)
    __lit__00000000                          0x080000fc   Data           4  entry2.o(.ARM.Collect$$$$00002712)
    .text                                    0x08000100   Section       36  startup_stm32f103xb.o(.text)
    .text                                    0x08000124   Section        0  rand.o(.text)
    .text                                    0x08000148   Section        0  memcpya.o(.text)
    .text                                    0x0800016c   Section       36  init.o(.text)
    i.HAL_Delay                              0x08000190   Section        0  stm32f1xx_hal.o(i.HAL_Delay)
    i.HAL_GPIO_Init                          0x080001ac   Section        0  stm32f1xx_hal_gpio.o(i.HAL_GPIO_Init)
    i.HAL_GPIO_ReadPin                       0x080004c8   Section        0  stm32f1xx_hal_gpio.o(i.HAL_GPIO_ReadPin)
    i.HAL_GPIO_WritePin                      0x080004d8   Section        0  stm32f1xx_hal_gpio.o(i.HAL_GPIO_WritePin)
    i.HAL_GetTick                            0x080004e4   Section        0  stm32f1xx_hal.o(i.HAL_GetTick)
    i.HAL_IncTick                            0x080004f0   Section        0  stm32f1xx_hal.o(i.HAL_IncTick)
    i.HAL_Init                               0x08000500   Section        0  stm32f1xx_hal.o(i.HAL_Init)
    i.HAL_InitTick                           0x08000528   Section        0  stm32f1xx_hal.o(i.HAL_InitTick)
    i.HAL_MspInit                            0x0800054c   Section        0  stm32f1xx_hal_msp.o(i.HAL_MspInit)
    i.HAL_NVIC_SetPriority                   0x08000594   Section        0  stm32f1xx_hal_cortex.o(i.HAL_NVIC_SetPriority)
    i.HAL_NVIC_SetPriorityGrouping           0x08000610   Section        0  stm32f1xx_hal_cortex.o(i.HAL_NVIC_SetPriorityGrouping)
    i.HAL_PWR_EnableBkUpAccess               0x08000638   Section        0  stm32f1xx_hal_pwr.o(i.HAL_PWR_EnableBkUpAccess)
    i.HAL_PWR_EnableWakeUpPin                0x08000650   Section        0  stm32f1xx_hal_pwr.o(i.HAL_PWR_EnableWakeUpPin)
    i.HAL_PWR_EnterSTANDBYMode               0x0800066c   Section        0  stm32f1xx_hal_pwr.o(i.HAL_PWR_EnterSTANDBYMode)
    i.HAL_RCCEx_GetPeriphCLKFreq             0x08000694   Section        0  stm32f1xx_hal_rcc_ex.o(i.HAL_RCCEx_GetPeriphCLKFreq)
    i.HAL_RCCEx_PeriphCLKConfig              0x080007dc   Section        0  stm32f1xx_hal_rcc_ex.o(i.HAL_RCCEx_PeriphCLKConfig)
    i.HAL_RCC_ClockConfig                    0x08000954   Section        0  stm32f1xx_hal_rcc_ex.o(i.HAL_RCC_ClockConfig)
    i.HAL_RCC_GetHCLKFreq                    0x08000d88   Section        0  stm32f1xx_hal_rcc.o(i.HAL_RCC_GetHCLKFreq)
    i.HAL_RCC_GetPCLK2Freq                   0x08000dc0   Section        0  stm32f1xx_hal_rcc.o(i.HAL_RCC_GetPCLK2Freq)
    i.HAL_RCC_GetSysClockFreq                0x08000dec   Section        0  stm32f1xx_hal_rcc.o(i.HAL_RCC_GetSysClockFreq)
    i.HAL_RCC_OscConfig                      0x08000ea0   Section        0  stm32f1xx_hal_rcc.o(i.HAL_RCC_OscConfig)
    i.HAL_RTC_GetTime                        0x08001850   Section        0  stm32f1xx_hal_rtc.o(i.HAL_RTC_GetTime)
    i.HAL_RTC_Init                           0x08001954   Section        0  stm32f1xx_hal_rtc.o(i.HAL_RTC_Init)
    i.HAL_RTC_MspInit                        0x08001a24   Section        0  stm32f1xx_hal_msp.o(i.HAL_RTC_MspInit)
    i.HAL_RTC_SetAlarm                       0x08001a74   Section        0  stm32f1xx_hal_rtc.o(i.HAL_RTC_SetAlarm)
    i.HAL_RTC_SetDate                        0x08001b48   Section        0  stm32f1xx_hal_rtc.o(i.HAL_RTC_SetDate)
    i.HAL_RTC_SetTime                        0x08001c40   Section        0  stm32f1xx_hal_rtc.o(i.HAL_RTC_SetTime)
    i.HAL_RTC_WaitForSynchro                 0x08001d1c   Section        0  stm32f1xx_hal_rtc.o(i.HAL_RTC_WaitForSynchro)
    i.HAL_SPI_Init                           0x08001d5c   Section        0  stm32f1xx_hal_spi_ex.o(i.HAL_SPI_Init)
    i.HAL_SPI_MspInit                        0x08001de8   Section        0  stm32f1xx_hal_msp.o(i.HAL_SPI_MspInit)
    i.HAL_SPI_Transmit                       0x08001e4c   Section        0  stm32f1xx_hal_spi.o(i.HAL_SPI_Transmit)
    i.HAL_SPI_TransmitReceive                0x0800200c   Section        0  stm32f1xx_hal_spi.o(i.HAL_SPI_TransmitReceive)
    i.HAL_SYSTICK_Callback                   0x08002350   Section        0  stm32f1xx_hal_cortex.o(i.HAL_SYSTICK_Callback)
    i.HAL_SYSTICK_Config                     0x08002352   Section        0  stm32f1xx_hal_cortex.o(i.HAL_SYSTICK_Config)
    i.HAL_SYSTICK_IRQHandler                 0x08002386   Section        0  stm32f1xx_hal_cortex.o(i.HAL_SYSTICK_IRQHandler)
    i.MX_GPIO_Init                           0x08002390   Section        0  main.o(i.MX_GPIO_Init)
    MX_GPIO_Init                             0x08002391   Thumb Code   292  main.o(i.MX_GPIO_Init)
    i.MX_RTC_Init                            0x080024c4   Section        0  main.o(i.MX_RTC_Init)
    MX_RTC_Init                              0x080024c5   Thumb Code    78  main.o(i.MX_RTC_Init)
    i.MX_SPI2_Init                           0x0800251c   Section        0  main.o(i.MX_SPI2_Init)
    MX_SPI2_Init                             0x0800251d   Thumb Code    48  main.o(i.MX_SPI2_Init)
    i.NVIC_GetPriorityGrouping               0x08002554   Section        0  stm32f1xx_hal_cortex.o(i.NVIC_GetPriorityGrouping)
    NVIC_GetPriorityGrouping                 0x08002555   Thumb Code    10  stm32f1xx_hal_cortex.o(i.NVIC_GetPriorityGrouping)
    i.NVIC_SetPriority                       0x08002564   Section        0  stm32f1xx_hal_cortex.o(i.NVIC_SetPriority)
    NVIC_SetPriority                         0x08002565   Thumb Code    32  stm32f1xx_hal_cortex.o(i.NVIC_SetPriority)
    i.RTC_Bcd2ToByte                         0x0800258c   Section        0  stm32f1xx_hal_rtc.o(i.RTC_Bcd2ToByte)
    RTC_Bcd2ToByte                           0x0800258d   Thumb Code    22  stm32f1xx_hal_rtc.o(i.RTC_Bcd2ToByte)
    i.RTC_ByteToBcd2                         0x080025a2   Section        0  stm32f1xx_hal_rtc.o(i.RTC_ByteToBcd2)
    RTC_ByteToBcd2                           0x080025a3   Thumb Code    26  stm32f1xx_hal_rtc.o(i.RTC_ByteToBcd2)
    i.RTC_DateUpdate                         0x080025bc   Section        0  stm32f1xx_hal_rtc.o(i.RTC_DateUpdate)
    RTC_DateUpdate                           0x080025bd   Thumb Code   182  stm32f1xx_hal_rtc.o(i.RTC_DateUpdate)
    i.RTC_EnterInitMode                      0x08002672   Section        0  stm32f1xx_hal_rtc.o(i.RTC_EnterInitMode)
    RTC_EnterInitMode                        0x08002673   Thumb Code    58  stm32f1xx_hal_rtc.o(i.RTC_EnterInitMode)
    i.RTC_ExitInitMode                       0x080026ac   Section        0  stm32f1xx_hal_rtc.o(i.RTC_ExitInitMode)
    RTC_ExitInitMode                         0x080026ad   Thumb Code    58  stm32f1xx_hal_rtc.o(i.RTC_ExitInitMode)
    i.RTC_IsLeapYear                         0x080026e6   Section        0  stm32f1xx_hal_rtc.o(i.RTC_IsLeapYear)
    RTC_IsLeapYear                           0x080026e7   Thumb Code    58  stm32f1xx_hal_rtc.o(i.RTC_IsLeapYear)
    i.RTC_ReadAlarmCounter                   0x08002720   Section        0  stm32f1xx_hal_rtc.o(i.RTC_ReadAlarmCounter)
    RTC_ReadAlarmCounter                     0x08002721   Thumb Code    24  stm32f1xx_hal_rtc.o(i.RTC_ReadAlarmCounter)
    i.RTC_ReadTimeCounter                    0x08002738   Section        0  stm32f1xx_hal_rtc.o(i.RTC_ReadTimeCounter)
    RTC_ReadTimeCounter                      0x08002739   Thumb Code    52  stm32f1xx_hal_rtc.o(i.RTC_ReadTimeCounter)
    i.RTC_WeekDayNum                         0x0800276c   Section        0  stm32f1xx_hal_rtc.o(i.RTC_WeekDayNum)
    RTC_WeekDayNum                           0x0800276d   Thumb Code   132  stm32f1xx_hal_rtc.o(i.RTC_WeekDayNum)
    i.RTC_WriteAlarmCounter                  0x080027f0   Section        0  stm32f1xx_hal_rtc.o(i.RTC_WriteAlarmCounter)
    RTC_WriteAlarmCounter                    0x080027f1   Thumb Code    46  stm32f1xx_hal_rtc.o(i.RTC_WriteAlarmCounter)
    i.RTC_WriteTimeCounter                   0x0800281e   Section        0  stm32f1xx_hal_rtc.o(i.RTC_WriteTimeCounter)
    RTC_WriteTimeCounter                     0x0800281f   Thumb Code    46  stm32f1xx_hal_rtc.o(i.RTC_WriteTimeCounter)
    i.SPI_WaitOnFlagUntilTimeout             0x0800284c   Section        0  stm32f1xx_hal_spi.o(i.SPI_WaitOnFlagUntilTimeout)
    SPI_WaitOnFlagUntilTimeout               0x0800284d   Thumb Code   276  stm32f1xx_hal_spi.o(i.SPI_WaitOnFlagUntilTimeout)
    i.SysTick_Handler                        0x08002960   Section        0  stm32f1xx_it.o(i.SysTick_Handler)
    i.SystemClock_Config                     0x0800296c   Section        0  main.o(i.SystemClock_Config)
    i.SystemInit                             0x080029c4   Section        0  system_stm32f1xx.o(i.SystemInit)
    i.__scatterload_copy                     0x08002a1c   Section       14  handlers.o(i.__scatterload_copy)
    i.__scatterload_null                     0x08002a2a   Section        2  handlers.o(i.__scatterload_null)
    i.__scatterload_zeroinit                 0x08002a2c   Section       14  handlers.o(i.__scatterload_zeroinit)
    i.aes128_dec                             0x08002a3a   Section        0  aes128_dec.o(i.aes128_dec)
    i.aes128_enc                             0x08002a4c   Section        0  aes128_enc.o(i.aes128_enc)
    i.aes128_init                            0x08002a5e   Section        0  aes_keyschedule.o(i.aes128_init)
    i.aes_dec_firstround                     0x08002a70   Section        0  aes_dec.o(i.aes_dec_firstround)
    aes_dec_firstround                       0x08002a71   Thumb Code    72  aes_dec.o(i.aes_dec_firstround)
    i.aes_dec_round                          0x08002abc   Section        0  aes_dec.o(i.aes_dec_round)
    aes_dec_round                            0x08002abd   Thumb Code   346  aes_dec.o(i.aes_dec_round)
    i.aes_decrypt_core                       0x08002c1c   Section        0  aes_dec.o(i.aes_decrypt_core)
    i.aes_enc_lastround                      0x08002c64   Section        0  aes_enc.o(i.aes_enc_lastround)
    aes_enc_lastround                        0x08002c65   Thumb Code    72  aes_enc.o(i.aes_enc_lastround)
    i.aes_enc_round                          0x08002cb0   Section        0  aes_enc.o(i.aes_enc_round)
    aes_enc_round                            0x08002cb1   Thumb Code   306  aes_enc.o(i.aes_enc_round)
    i.aes_encrypt_core                       0x08002de8   Section        0  aes_enc.o(i.aes_encrypt_core)
    i.aes_init                               0x08002e30   Section        0  aes_keyschedule.o(i.aes_init)
    i.aes_invshiftcol                        0x08002f24   Section        0  aes_dec.o(i.aes_invshiftcol)
    i.aes_rotword                            0x08002f76   Section        0  aes_keyschedule.o(i.aes_rotword)
    aes_rotword                              0x08002f77   Thumb Code    18  aes_keyschedule.o(i.aes_rotword)
    i.aes_shiftcol                           0x08002f88   Section        0  aes_enc.o(i.aes_shiftcol)
    i.getPostKey                             0x08002fd4   Section        0  main.o(i.getPostKey)
    i.gf256mul                               0x08002fe8   Section        0  gf256mul.o(i.gf256mul)
    i.main                                   0x08003014   Section        0  main.o(i.main)
    i.nrf24_config                           0x080030b4   Section        0  nrf24.o(i.nrf24_config)
    i.nrf24_configRegister                   0x08003130   Section        0  nrf24.o(i.nrf24_configRegister)
    i.nrf24_dataReady                        0x08003164   Section        0  nrf24.o(i.nrf24_dataReady)
    i.nrf24_getData                          0x08003184   Section        0  nrf24.o(i.nrf24_getData)
    i.nrf24_getStatus                        0x080031c4   Section        0  nrf24.o(i.nrf24_getStatus)
    i.nrf24_init                             0x080031ec   Section        0  nrf24.o(i.nrf24_init)
    i.nrf24_isSending                        0x08003214   Section        0  nrf24.o(i.nrf24_isSending)
    i.nrf24_powerDown                        0x0800322c   Section        0  nrf24.o(i.nrf24_powerDown)
    i.nrf24_powerUpRx                        0x08003248   Section        0  nrf24.o(i.nrf24_powerUpRx)
    i.nrf24_powerUpTx                        0x08003294   Section        0  nrf24.o(i.nrf24_powerUpTx)
    i.nrf24_readRegister                     0x080032a8   Section        0  nrf24.o(i.nrf24_readRegister)
    i.nrf24_rxFifoEmpty                      0x080032e0   Section        0  nrf24.o(i.nrf24_rxFifoEmpty)
    i.nrf24_rx_address                       0x080032f8   Section        0  nrf24.o(i.nrf24_rx_address)
    i.nrf24_send                             0x08003324   Section        0  nrf24.o(i.nrf24_send)
    i.nrf24_transferSync                     0x08003390   Section        0  nrf24.o(i.nrf24_transferSync)
    i.nrf24_transmitSync                     0x080033b4   Section        0  nrf24.o(i.nrf24_transmitSync)
    i.nrf24_tx_address                       0x080033d0   Section        0  nrf24.o(i.nrf24_tx_address)
    i.nrf24_writeRegister                    0x080033ec   Section        0  nrf24.o(i.nrf24_writeRegister)
    i.onAir                                  0x08003424   Section        0  main.o(i.onAir)
    i.readSensorResistanceValue              0x08003510   Section        0  main.o(i.readSensorResistanceValue)
    i.setPostKey                             0x08003530   Section        0  main.o(i.setPostKey)
    i.spi_transfer                           0x08003544   Section        0  nrf24.o(i.spi_transfer)
    .constdata                               0x08003564   Section       16  stm32f1xx_hal_rcc.o(.constdata)
    .constdata                               0x08003574   Section      256  aes_invsbox.o(.constdata)
    .constdata                               0x08003674   Section       10  aes_keyschedule.o(.constdata)
    .constdata                               0x0800367e   Section      256  aes_sbox.o(.constdata)
    .data                                    0x20000000   Section       20  system_stm32f1xx.o(.data)
    .data                                    0x20000014   Section        1  stm32f1xx_hal_spi_ex.o(.data)
    .data                                    0x20000018   Section        4  stm32f1xx_hal.o(.data)
    uwTick                                   0x20000018   Data           4  stm32f1xx_hal.o(.data)
    .data                                    0x2000001c   Section       31  main.o(.data)
    .data                                    0x2000003c   Section        5  nrf24.o(.data)
    nrf24_hspi                               0x2000003c   Data           4  nrf24.o(.data)
    .data                                    0x20000044   Section        4  rand.o(.data)
    _rand_state                              0x20000044   Data           4  rand.o(.data)
    .bss                                     0x20000048   Section      300  main.o(.bss)
    STACK                                    0x20000178   Section     1024  startup_stm32f103xb.o(STACK)

    Global Symbols

    Symbol Name                              Value     Ov Type        Size  Object(Section)

    BuildAttributes$$THM_ISAv4$P$D$K$B$S$PE$A:L22UL41UL21$X:L11$S22US41US21$IEEE1$IW$USESV6$~STKCKD$USESV7$~SHL$OSPACE$EBA8$MICROLIB$REQ8$PRES8$EABIv2 0x00000000   Number         0  anon$$obj.o ABSOLUTE
    __ARM_use_no_argv                        0x00000000   Number         0  main.o ABSOLUTE
    __cpp_initialize__aeabi_                  - Undefined Weak Reference
    __cxa_finalize                            - Undefined Weak Reference
    __decompress                              - Undefined Weak Reference
    _clock_init                               - Undefined Weak Reference
    _microlib_exit                            - Undefined Weak Reference
    __Vectors_Size                           0x000000ec   Number         0  startup_stm32f103xb.o ABSOLUTE
    __Vectors                                0x08000000   Data           4  startup_stm32f103xb.o(RESET)
    __Vectors_End                            0x080000ec   Data           0  startup_stm32f103xb.o(RESET)
    __main                                   0x080000ed   Thumb Code     0  entry.o(.ARM.Collect$$$$00000000)
    _main_stk                                0x080000ed   Thumb Code     0  entry2.o(.ARM.Collect$$$$00000001)
    _main_scatterload                        0x080000f1   Thumb Code     0  entry5.o(.ARM.Collect$$$$00000004)
    __main_after_scatterload                 0x080000f5   Thumb Code     0  entry5.o(.ARM.Collect$$$$00000004)
    _main_clock                              0x080000f5   Thumb Code     0  entry7b.o(.ARM.Collect$$$$00000008)
    _main_cpp_init                           0x080000f5   Thumb Code     0  entry8b.o(.ARM.Collect$$$$0000000A)
    _main_init                               0x080000f5   Thumb Code     0  entry9a.o(.ARM.Collect$$$$0000000B)
    __rt_final_cpp                           0x080000fd   Thumb Code     0  entry10a.o(.ARM.Collect$$$$0000000D)
    __rt_final_exit                          0x080000fd   Thumb Code     0  entry11a.o(.ARM.Collect$$$$0000000F)
    Reset_Handler                            0x08000101   Thumb Code     8  startup_stm32f103xb.o(.text)
    NMI_Handler                              0x08000109   Thumb Code     2  startup_stm32f103xb.o(.text)
    HardFault_Handler                        0x0800010b   Thumb Code     2  startup_stm32f103xb.o(.text)
    MemManage_Handler                        0x0800010d   Thumb Code     2  startup_stm32f103xb.o(.text)
    BusFault_Handler                         0x0800010f   Thumb Code     2  startup_stm32f103xb.o(.text)
    UsageFault_Handler                       0x08000111   Thumb Code     2  startup_stm32f103xb.o(.text)
    SVC_Handler                              0x08000113   Thumb Code     2  startup_stm32f103xb.o(.text)
    DebugMon_Handler                         0x08000115   Thumb Code     2  startup_stm32f103xb.o(.text)
    PendSV_Handler                           0x08000117   Thumb Code     2  startup_stm32f103xb.o(.text)
    ADC1_2_IRQHandler                        0x0800011b   Thumb Code     0  startup_stm32f103xb.o(.text)
    CAN1_RX1_IRQHandler                      0x0800011b   Thumb Code     0  startup_stm32f103xb.o(.text)
    CAN1_SCE_IRQHandler                      0x0800011b   Thumb Code     0  startup_stm32f103xb.o(.text)
    DMA1_Channel1_IRQHandler                 0x0800011b   Thumb Code     0  startup_stm32f103xb.o(.text)
    DMA1_Channel2_IRQHandler                 0x0800011b   Thumb Code     0  startup_stm32f103xb.o(.text)
    DMA1_Channel3_IRQHandler                 0x0800011b   Thumb Code     0  startup_stm32f103xb.o(.text)
    DMA1_Channel4_IRQHandler                 0x0800011b   Thumb Code     0  startup_stm32f103xb.o(.text)
    DMA1_Channel5_IRQHandler                 0x0800011b   Thumb Code     0  startup_stm32f103xb.o(.text)
    DMA1_Channel6_IRQHandler                 0x0800011b   Thumb Code     0  startup_stm32f103xb.o(.text)
    DMA1_Channel7_IRQHandler                 0x0800011b   Thumb Code     0  startup_stm32f103xb.o(.text)
    EXTI0_IRQHandler                         0x0800011b   Thumb Code     0  startup_stm32f103xb.o(.text)
    EXTI15_10_IRQHandler                     0x0800011b   Thumb Code     0  startup_stm32f103xb.o(.text)
    EXTI1_IRQHandler                         0x0800011b   Thumb Code     0  startup_stm32f103xb.o(.text)
    EXTI2_IRQHandler                         0x0800011b   Thumb Code     0  startup_stm32f103xb.o(.text)
    EXTI3_IRQHandler                         0x0800011b   Thumb Code     0  startup_stm32f103xb.o(.text)
    EXTI4_IRQHandler                         0x0800011b   Thumb Code     0  startup_stm32f103xb.o(.text)
    EXTI9_5_IRQHandler                       0x0800011b   Thumb Code     0  startup_stm32f103xb.o(.text)
    FLASH_IRQHandler                         0x0800011b   Thumb Code     0  startup_stm32f103xb.o(.text)
    I2C1_ER_IRQHandler                       0x0800011b   Thumb Code     0  startup_stm32f103xb.o(.text)
    I2C1_EV_IRQHandler                       0x0800011b   Thumb Code     0  startup_stm32f103xb.o(.text)
    I2C2_ER_IRQHandler                       0x0800011b   Thumb Code     0  startup_stm32f103xb.o(.text)
    I2C2_EV_IRQHandler                       0x0800011b   Thumb Code     0  startup_stm32f103xb.o(.text)
    PVD_IRQHandler                           0x0800011b   Thumb Code     0  startup_stm32f103xb.o(.text)
    RCC_IRQHandler                           0x0800011b   Thumb Code     0  startup_stm32f103xb.o(.text)
    RTC_Alarm_IRQHandler                     0x0800011b   Thumb Code     0  startup_stm32f103xb.o(.text)
    RTC_IRQHandler                           0x0800011b   Thumb Code     0  startup_stm32f103xb.o(.text)
    SPI1_IRQHandler                          0x0800011b   Thumb Code     0  startup_stm32f103xb.o(.text)
    SPI2_IRQHandler                          0x0800011b   Thumb Code     0  startup_stm32f103xb.o(.text)
    TAMPER_IRQHandler                        0x0800011b   Thumb Code     0  startup_stm32f103xb.o(.text)
    TIM1_BRK_IRQHandler                      0x0800011b   Thumb Code     0  startup_stm32f103xb.o(.text)
    TIM1_CC_IRQHandler                       0x0800011b   Thumb Code     0  startup_stm32f103xb.o(.text)
    TIM1_TRG_COM_IRQHandler                  0x0800011b   Thumb Code     0  startup_stm32f103xb.o(.text)
    TIM1_UP_IRQHandler                       0x0800011b   Thumb Code     0  startup_stm32f103xb.o(.text)
    TIM2_IRQHandler                          0x0800011b   Thumb Code     0  startup_stm32f103xb.o(.text)
    TIM3_IRQHandler                          0x0800011b   Thumb Code     0  startup_stm32f103xb.o(.text)
    TIM4_IRQHandler                          0x0800011b   Thumb Code     0  startup_stm32f103xb.o(.text)
    USART1_IRQHandler                        0x0800011b   Thumb Code     0  startup_stm32f103xb.o(.text)
    USART2_IRQHandler                        0x0800011b   Thumb Code     0  startup_stm32f103xb.o(.text)
    USART3_IRQHandler                        0x0800011b   Thumb Code     0  startup_stm32f103xb.o(.text)
    USBWakeUp_IRQHandler                     0x0800011b   Thumb Code     0  startup_stm32f103xb.o(.text)
    USB_HP_CAN1_TX_IRQHandler                0x0800011b   Thumb Code     0  startup_stm32f103xb.o(.text)
    USB_LP_CAN1_RX0_IRQHandler               0x0800011b   Thumb Code     0  startup_stm32f103xb.o(.text)
    WWDG_IRQHandler                          0x0800011b   Thumb Code     0  startup_stm32f103xb.o(.text)
    rand                                     0x08000125   Thumb Code    20  rand.o(.text)
    srand                                    0x08000139   Thumb Code     6  rand.o(.text)
    __aeabi_memcpy                           0x08000149   Thumb Code    36  memcpya.o(.text)
    __aeabi_memcpy4                          0x08000149   Thumb Code     0  memcpya.o(.text)
    __aeabi_memcpy8                          0x08000149   Thumb Code     0  memcpya.o(.text)
    __scatterload                            0x0800016d   Thumb Code    28  init.o(.text)
    __scatterload_rt2                        0x0800016d   Thumb Code     0  init.o(.text)
    HAL_Delay                                0x08000191   Thumb Code    26  stm32f1xx_hal.o(i.HAL_Delay)
    HAL_GPIO_Init                            0x080001ad   Thumb Code   764  stm32f1xx_hal_gpio.o(i.HAL_GPIO_Init)
    HAL_GPIO_ReadPin                         0x080004c9   Thumb Code    16  stm32f1xx_hal_gpio.o(i.HAL_GPIO_ReadPin)
    HAL_GPIO_WritePin                        0x080004d9   Thumb Code    12  stm32f1xx_hal_gpio.o(i.HAL_GPIO_WritePin)
    HAL_GetTick                              0x080004e5   Thumb Code     6  stm32f1xx_hal.o(i.HAL_GetTick)
    HAL_IncTick                              0x080004f1   Thumb Code    12  stm32f1xx_hal.o(i.HAL_IncTick)
    HAL_Init                                 0x08000501   Thumb Code    34  stm32f1xx_hal.o(i.HAL_Init)
    HAL_InitTick                             0x08000529   Thumb Code    36  stm32f1xx_hal.o(i.HAL_InitTick)
    HAL_MspInit                              0x0800054d   Thumb Code    64  stm32f1xx_hal_msp.o(i.HAL_MspInit)
    HAL_NVIC_SetPriority                     0x08000595   Thumb Code   124  stm32f1xx_hal_cortex.o(i.HAL_NVIC_SetPriority)
    HAL_NVIC_SetPriorityGrouping             0x08000611   Thumb Code    32  stm32f1xx_hal_cortex.o(i.HAL_NVIC_SetPriorityGrouping)
    HAL_PWR_EnableBkUpAccess                 0x08000639   Thumb Code    20  stm32f1xx_hal_pwr.o(i.HAL_PWR_EnableBkUpAccess)
    HAL_PWR_EnableWakeUpPin                  0x08000651   Thumb Code    22  stm32f1xx_hal_pwr.o(i.HAL_PWR_EnableWakeUpPin)
    HAL_PWR_EnterSTANDBYMode                 0x0800066d   Thumb Code    32  stm32f1xx_hal_pwr.o(i.HAL_PWR_EnterSTANDBYMode)
    HAL_RCCEx_GetPeriphCLKFreq               0x08000695   Thumb Code   296  stm32f1xx_hal_rcc_ex.o(i.HAL_RCCEx_GetPeriphCLKFreq)
    HAL_RCCEx_PeriphCLKConfig                0x080007dd   Thumb Code   362  stm32f1xx_hal_rcc_ex.o(i.HAL_RCCEx_PeriphCLKConfig)
    HAL_RCC_ClockConfig                      0x08000955   Thumb Code  1072  stm32f1xx_hal_rcc_ex.o(i.HAL_RCC_ClockConfig)
    HAL_RCC_GetHCLKFreq                      0x08000d89   Thumb Code    42  stm32f1xx_hal_rcc.o(i.HAL_RCC_GetHCLKFreq)
    HAL_RCC_GetPCLK2Freq                     0x08000dc1   Thumb Code    36  stm32f1xx_hal_rcc.o(i.HAL_RCC_GetPCLK2Freq)
    HAL_RCC_GetSysClockFreq                  0x08000ded   Thumb Code   146  stm32f1xx_hal_rcc.o(i.HAL_RCC_GetSysClockFreq)
    HAL_RCC_OscConfig                        0x08000ea1   Thumb Code  2470  stm32f1xx_hal_rcc.o(i.HAL_RCC_OscConfig)
    HAL_RTC_GetTime                          0x08001851   Thumb Code   260  stm32f1xx_hal_rtc.o(i.HAL_RTC_GetTime)
    HAL_RTC_Init                             0x08001955   Thumb Code   202  stm32f1xx_hal_rtc.o(i.HAL_RTC_Init)
    HAL_RTC_MspInit                          0x08001a25   Thumb Code    68  stm32f1xx_hal_msp.o(i.HAL_RTC_MspInit)
    HAL_RTC_SetAlarm                         0x08001a75   Thumb Code   208  stm32f1xx_hal_rtc.o(i.HAL_RTC_SetAlarm)
    HAL_RTC_SetDate                          0x08001b49   Thumb Code   242  stm32f1xx_hal_rtc.o(i.HAL_RTC_SetDate)
    HAL_RTC_SetTime                          0x08001c41   Thumb Code   214  stm32f1xx_hal_rtc.o(i.HAL_RTC_SetTime)
    HAL_RTC_WaitForSynchro                   0x08001d1d   Thumb Code    64  stm32f1xx_hal_rtc.o(i.HAL_RTC_WaitForSynchro)
    HAL_SPI_Init                             0x08001d5d   Thumb Code   134  stm32f1xx_hal_spi_ex.o(i.HAL_SPI_Init)
    HAL_SPI_MspInit                          0x08001de9   Thumb Code    86  stm32f1xx_hal_msp.o(i.HAL_SPI_MspInit)
    HAL_SPI_Transmit                         0x08001e4d   Thumb Code   448  stm32f1xx_hal_spi.o(i.HAL_SPI_Transmit)
    HAL_SPI_TransmitReceive                  0x0800200d   Thumb Code   836  stm32f1xx_hal_spi.o(i.HAL_SPI_TransmitReceive)
    HAL_SYSTICK_Callback                     0x08002351   Thumb Code     2  stm32f1xx_hal_cortex.o(i.HAL_SYSTICK_Callback)
    HAL_SYSTICK_Config                       0x08002353   Thumb Code    52  stm32f1xx_hal_cortex.o(i.HAL_SYSTICK_Config)
    HAL_SYSTICK_IRQHandler                   0x08002387   Thumb Code     8  stm32f1xx_hal_cortex.o(i.HAL_SYSTICK_IRQHandler)
    SysTick_Handler                          0x08002961   Thumb Code    12  stm32f1xx_it.o(i.SysTick_Handler)
    SystemClock_Config                       0x0800296d   Thumb Code    88  main.o(i.SystemClock_Config)
    SystemInit                               0x080029c5   Thumb Code    70  system_stm32f1xx.o(i.SystemInit)
    __scatterload_copy                       0x08002a1d   Thumb Code    14  handlers.o(i.__scatterload_copy)
    __scatterload_null                       0x08002a2b   Thumb Code     2  handlers.o(i.__scatterload_null)
    __scatterload_zeroinit                   0x08002a2d   Thumb Code    14  handlers.o(i.__scatterload_zeroinit)
    aes128_dec                               0x08002a3b   Thumb Code    18  aes128_dec.o(i.aes128_dec)
    aes128_enc                               0x08002a4d   Thumb Code    18  aes128_enc.o(i.aes128_enc)
    aes128_init                              0x08002a5f   Thumb Code    18  aes_keyschedule.o(i.aes128_init)
    aes_decrypt_core                         0x08002c1d   Thumb Code    70  aes_dec.o(i.aes_decrypt_core)
    aes_encrypt_core                         0x08002de9   Thumb Code    70  aes_enc.o(i.aes_encrypt_core)
    aes_init                                 0x08002e31   Thumb Code   234  aes_keyschedule.o(i.aes_init)
    aes_invshiftcol                          0x08002f25   Thumb Code    82  aes_dec.o(i.aes_invshiftcol)
    aes_shiftcol                             0x08002f89   Thumb Code    74  aes_enc.o(i.aes_shiftcol)
    getPostKey                               0x08002fd5   Thumb Code    16  main.o(i.getPostKey)
    gf256mul                                 0x08002fe9   Thumb Code    42  gf256mul.o(i.gf256mul)
    main                                     0x08003015   Thumb Code   136  main.o(i.main)
    nrf24_config                             0x080030b5   Thumb Code   118  nrf24.o(i.nrf24_config)
    nrf24_configRegister                     0x08003131   Thumb Code    48  nrf24.o(i.nrf24_configRegister)
    nrf24_dataReady                          0x08003165   Thumb Code    32  nrf24.o(i.nrf24_dataReady)
    nrf24_getData                            0x08003185   Thumb Code    54  nrf24.o(i.nrf24_getData)
    nrf24_getStatus                          0x080031c5   Thumb Code    36  nrf24.o(i.nrf24_getStatus)
    nrf24_init                               0x080031ed   Thumb Code    32  nrf24.o(i.nrf24_init)
    nrf24_isSending                          0x08003215   Thumb Code    22  nrf24.o(i.nrf24_isSending)
    nrf24_powerDown                          0x0800322d   Thumb Code    24  nrf24.o(i.nrf24_powerDown)
    nrf24_powerUpRx                          0x08003249   Thumb Code    70  nrf24.o(i.nrf24_powerUpRx)
    nrf24_powerUpTx                          0x08003295   Thumb Code    20  nrf24.o(i.nrf24_powerUpTx)
    nrf24_readRegister                       0x080032a9   Thumb Code    50  nrf24.o(i.nrf24_readRegister)
    nrf24_rxFifoEmpty                        0x080032e1   Thumb Code    22  nrf24.o(i.nrf24_rxFifoEmpty)
    nrf24_rx_address                         0x080032f9   Thumb Code    38  nrf24.o(i.nrf24_rx_address)
    nrf24_send                               0x08003325   Thumb Code    98  nrf24.o(i.nrf24_send)
    nrf24_transferSync                       0x08003391   Thumb Code    34  nrf24.o(i.nrf24_transferSync)
    nrf24_transmitSync                       0x080033b5   Thumb Code    22  nrf24.o(i.nrf24_transmitSync)
    nrf24_tx_address                         0x080033d1   Thumb Code    26  nrf24.o(i.nrf24_tx_address)
    nrf24_writeRegister                      0x080033ed   Thumb Code    52  nrf24.o(i.nrf24_writeRegister)
    onAir                                    0x08003425   Thumb Code   216  main.o(i.onAir)
    readSensorResistanceValue                0x08003511   Thumb Code    26  main.o(i.readSensorResistanceValue)
    setPostKey                               0x08003531   Thumb Code    14  main.o(i.setPostKey)
    spi_transfer                             0x08003545   Thumb Code    28  nrf24.o(i.spi_transfer)
    aAPBAHBPrescTable                        0x08003564   Data          16  stm32f1xx_hal_rcc.o(.constdata)
    aes_invsbox                              0x08003574   Data         256  aes_invsbox.o(.constdata)
    rc_tab                                   0x08003674   Data          10  aes_keyschedule.o(.constdata)
    aes_sbox                                 0x0800367e   Data         256  aes_sbox.o(.constdata)
    Region$$Table$$Base                      0x08003780   Number         0  anon$$obj.o(Region$$Table)
    Region$$Table$$Limit                     0x080037a0   Number         0  anon$$obj.o(Region$$Table)
    SystemCoreClock                          0x20000000   Data           4  system_stm32f1xx.o(.data)
    AHBPrescTable                            0x20000004   Data          16  system_stm32f1xx.o(.data)
    uCRCErrorWorkaroundCheck                 0x20000014   Data           1  stm32f1xx_hal_spi_ex.o(.data)
    zond_address                             0x2000001c   Data           5  main.o(.data)
    master_controller_address                0x20000021   Data           5  main.o(.data)
    openhab_gate_address                     0x20000026   Data           5  main.o(.data)
    AES_key                                  0x2000002b   Data          16  main.o(.data)
    nrf24_payload_len                        0x20000040   Data           1  nrf24.o(.data)
    hrtc                                     0x20000048   Data          20  main.o(.bss)
    hspi2                                    0x2000005c   Data          88  main.o(.bss)
    AES_ctx                                  0x200000b4   Data         176  main.o(.bss)
    phrase                                   0x20000164   Data          16  main.o(.bss)
    __initial_sp                             0x20000578   Data           0  startup_stm32f103xb.o(STACK)



==============================================================================

Memory Map of the image

  Image Entry point : 0x080000ed

  Load Region LR_IROM1 (Base: 0x08000000, Size: 0x000037e8, Max: 0x00020000, ABSOLUTE)

    Execution Region ER_IROM1 (Base: 0x08000000, Size: 0x000037a0, Max: 0x00020000, ABSOLUTE)

    Base Addr    Size         Type   Attr      Idx    E Section Name        Object

    0x08000000   0x000000ec   Data   RO         1861    RESET               startup_stm32f103xb.o
    0x080000ec   0x00000000   Code   RO         2234  * .ARM.Collect$$$$00000000  mc_w.l(entry.o)
    0x080000ec   0x00000004   Code   RO         2246    .ARM.Collect$$$$00000001  mc_w.l(entry2.o)
    0x080000f0   0x00000004   Code   RO         2249    .ARM.Collect$$$$00000004  mc_w.l(entry5.o)
    0x080000f4   0x00000000   Code   RO         2251    .ARM.Collect$$$$00000008  mc_w.l(entry7b.o)
    0x080000f4   0x00000000   Code   RO         2253    .ARM.Collect$$$$0000000A  mc_w.l(entry8b.o)
    0x080000f4   0x00000008   Code   RO         2254    .ARM.Collect$$$$0000000B  mc_w.l(entry9a.o)
    0x080000fc   0x00000000   Code   RO         2256    .ARM.Collect$$$$0000000D  mc_w.l(entry10a.o)
    0x080000fc   0x00000000   Code   RO         2258    .ARM.Collect$$$$0000000F  mc_w.l(entry11a.o)
    0x080000fc   0x00000004   Code   RO         2247    .ARM.Collect$$$$00002712  mc_w.l(entry2.o)
    0x08000100   0x00000024   Code   RO         1862    .text               startup_stm32f103xb.o
    0x08000124   0x00000024   Code   RO         2239    .text               mc_w.l(rand.o)
    0x08000148   0x00000024   Code   RO         2242    .text               mc_w.l(memcpya.o)
    0x0800016c   0x00000024   Code   RO         2260    .text               mc_w.l(init.o)
    0x08000190   0x0000001a   Code   RO          956    i.HAL_Delay         stm32f1xx_hal.o
    0x080001aa   0x00000002   PAD
    0x080001ac   0x0000031c   Code   RO          281    i.HAL_GPIO_Init     stm32f1xx_hal_gpio.o
    0x080004c8   0x00000010   Code   RO          283    i.HAL_GPIO_ReadPin  stm32f1xx_hal_gpio.o
    0x080004d8   0x0000000c   Code   RO          285    i.HAL_GPIO_WritePin  stm32f1xx_hal_gpio.o
    0x080004e4   0x0000000c   Code   RO          960    i.HAL_GetTick       stm32f1xx_hal.o
    0x080004f0   0x00000010   Code   RO          961    i.HAL_IncTick       stm32f1xx_hal.o
    0x08000500   0x00000028   Code   RO          962    i.HAL_Init          stm32f1xx_hal.o
    0x08000528   0x00000024   Code   RO          963    i.HAL_InitTick      stm32f1xx_hal.o
    0x0800054c   0x00000048   Code   RO         1662    i.HAL_MspInit       stm32f1xx_hal_msp.o
    0x08000594   0x0000007c   Code   RO          835    i.HAL_NVIC_SetPriority  stm32f1xx_hal_cortex.o
    0x08000610   0x00000028   Code   RO          836    i.HAL_NVIC_SetPriorityGrouping  stm32f1xx_hal_cortex.o
    0x08000638   0x00000018   Code   RO          160    i.HAL_PWR_EnableBkUpAccess  stm32f1xx_hal_pwr.o
    0x08000650   0x0000001c   Code   RO          164    i.HAL_PWR_EnableWakeUpPin  stm32f1xx_hal_pwr.o
    0x0800066c   0x00000028   Code   RO          166    i.HAL_PWR_EnterSTANDBYMode  stm32f1xx_hal_pwr.o
    0x08000694   0x00000148   Code   RO         1161    i.HAL_RCCEx_GetPeriphCLKFreq  stm32f1xx_hal_rcc_ex.o
    0x080007dc   0x00000178   Code   RO         1162    i.HAL_RCCEx_PeriphCLKConfig  stm32f1xx_hal_rcc_ex.o
    0x08000954   0x00000434   Code   RO         1163    i.HAL_RCC_ClockConfig  stm32f1xx_hal_rcc_ex.o
    0x08000d88   0x00000038   Code   RO         1214    i.HAL_RCC_GetHCLKFreq  stm32f1xx_hal_rcc.o
    0x08000dc0   0x0000002c   Code   RO         1217    i.HAL_RCC_GetPCLK2Freq  stm32f1xx_hal_rcc.o
    0x08000dec   0x000000b4   Code   RO         1218    i.HAL_RCC_GetSysClockFreq  stm32f1xx_hal_rcc.o
    0x08000ea0   0x000009b0   Code   RO         1221    i.HAL_RCC_OscConfig  stm32f1xx_hal_rcc.o
    0x08001850   0x00000104   Code   RO         1320    i.HAL_RTC_GetTime   stm32f1xx_hal_rtc.o
    0x08001954   0x000000d0   Code   RO         1321    i.HAL_RTC_Init      stm32f1xx_hal_rtc.o
    0x08001a24   0x00000050   Code   RO         1664    i.HAL_RTC_MspInit   stm32f1xx_hal_msp.o
    0x08001a74   0x000000d4   Code   RO         1325    i.HAL_RTC_SetAlarm  stm32f1xx_hal_rtc.o
    0x08001b48   0x000000f8   Code   RO         1327    i.HAL_RTC_SetDate   stm32f1xx_hal_rtc.o
    0x08001c40   0x000000dc   Code   RO         1328    i.HAL_RTC_SetTime   stm32f1xx_hal_rtc.o
    0x08001d1c   0x00000040   Code   RO         1329    i.HAL_RTC_WaitForSynchro  stm32f1xx_hal_rtc.o
    0x08001d5c   0x0000008c   Code   RO          344    i.HAL_SPI_Init      stm32f1xx_hal_spi_ex.o
    0x08001de8   0x00000064   Code   RO         1666    i.HAL_SPI_MspInit   stm32f1xx_hal_msp.o
    0x08001e4c   0x000001c0   Code   RO          505    i.HAL_SPI_Transmit  stm32f1xx_hal_spi.o
    0x0800200c   0x00000344   Code   RO          506    i.HAL_SPI_TransmitReceive  stm32f1xx_hal_spi.o
    0x08002350   0x00000002   Code   RO          839    i.HAL_SYSTICK_Callback  stm32f1xx_hal_cortex.o
    0x08002352   0x00000034   Code   RO          840    i.HAL_SYSTICK_Config  stm32f1xx_hal_cortex.o
    0x08002386   0x00000008   Code   RO          841    i.HAL_SYSTICK_IRQHandler  stm32f1xx_hal_cortex.o
    0x0800238e   0x00000002   PAD
    0x08002390   0x00000134   Code   RO         1710    i.MX_GPIO_Init      main.o
    0x080024c4   0x00000058   Code   RO         1711    i.MX_RTC_Init       main.o
    0x0800251c   0x00000038   Code   RO         1712    i.MX_SPI2_Init      main.o
    0x08002554   0x00000010   Code   RO          842    i.NVIC_GetPriorityGrouping  stm32f1xx_hal_cortex.o
    0x08002564   0x00000028   Code   RO          843    i.NVIC_SetPriority  stm32f1xx_hal_cortex.o
    0x0800258c   0x00000016   Code   RO         1330    i.RTC_Bcd2ToByte    stm32f1xx_hal_rtc.o
    0x080025a2   0x0000001a   Code   RO         1331    i.RTC_ByteToBcd2    stm32f1xx_hal_rtc.o
    0x080025bc   0x000000b6   Code   RO         1332    i.RTC_DateUpdate    stm32f1xx_hal_rtc.o
    0x08002672   0x0000003a   Code   RO         1333    i.RTC_EnterInitMode  stm32f1xx_hal_rtc.o
    0x080026ac   0x0000003a   Code   RO         1334    i.RTC_ExitInitMode  stm32f1xx_hal_rtc.o
    0x080026e6   0x0000003a   Code   RO         1335    i.RTC_IsLeapYear    stm32f1xx_hal_rtc.o
    0x08002720   0x00000018   Code   RO         1336    i.RTC_ReadAlarmCounter  stm32f1xx_hal_rtc.o
    0x08002738   0x00000034   Code   RO         1337    i.RTC_ReadTimeCounter  stm32f1xx_hal_rtc.o
    0x0800276c   0x00000084   Code   RO         1338    i.RTC_WeekDayNum    stm32f1xx_hal_rtc.o
    0x080027f0   0x0000002e   Code   RO         1339    i.RTC_WriteAlarmCounter  stm32f1xx_hal_rtc.o
    0x0800281e   0x0000002e   Code   RO         1340    i.RTC_WriteTimeCounter  stm32f1xx_hal_rtc.o
    0x0800284c   0x00000114   Code   RO          528    i.SPI_WaitOnFlagUntilTimeout  stm32f1xx_hal_spi.o
    0x08002960   0x0000000c   Code   RO         1835    i.SysTick_Handler   stm32f1xx_it.o
    0x0800296c   0x00000058   Code   RO         1713    i.SystemClock_Config  main.o
    0x080029c4   0x00000058   Code   RO            5    i.SystemInit        system_stm32f1xx.o
    0x08002a1c   0x0000000e   Code   RO         2264    i.__scatterload_copy  mc_w.l(handlers.o)
    0x08002a2a   0x00000002   Code   RO         2265    i.__scatterload_null  mc_w.l(handlers.o)
    0x08002a2c   0x0000000e   Code   RO         2266    i.__scatterload_zeroinit  mc_w.l(handlers.o)
    0x08002a3a   0x00000012   Code   RO         1997    i.aes128_dec        aes128_dec.o
    0x08002a4c   0x00000012   Code   RO         2009    i.aes128_enc        aes128_enc.o
    0x08002a5e   0x00000012   Code   RO         1949    i.aes128_init       aes_keyschedule.o
    0x08002a70   0x0000004c   Code   RO         1866    i.aes_dec_firstround  aes_dec.o
    0x08002abc   0x00000160   Code   RO         1867    i.aes_dec_round     aes_dec.o
    0x08002c1c   0x00000046   Code   RO         1868    i.aes_decrypt_core  aes_dec.o
    0x08002c62   0x00000002   PAD
    0x08002c64   0x0000004c   Code   RO         1910    i.aes_enc_lastround  aes_enc.o
    0x08002cb0   0x00000138   Code   RO         1911    i.aes_enc_round     aes_enc.o
    0x08002de8   0x00000046   Code   RO         1912    i.aes_encrypt_core  aes_enc.o
    0x08002e2e   0x00000002   PAD
    0x08002e30   0x000000f4   Code   RO         1952    i.aes_init          aes_keyschedule.o
    0x08002f24   0x00000052   Code   RO         1869    i.aes_invshiftcol   aes_dec.o
    0x08002f76   0x00000012   Code   RO         1953    i.aes_rotword       aes_keyschedule.o
    0x08002f88   0x0000004a   Code   RO         1913    i.aes_shiftcol      aes_enc.o
    0x08002fd2   0x00000002   PAD
    0x08002fd4   0x00000014   Code   RO         1715    i.getPostKey        main.o
    0x08002fe8   0x0000002a   Code   RO         2069    i.gf256mul          gf256mul.o
    0x08003012   0x00000002   PAD
    0x08003014   0x000000a0   Code   RO         1716    i.main              main.o
    0x080030b4   0x0000007c   Code   RO         2084    i.nrf24_config      nrf24.o
    0x08003130   0x00000034   Code   RO         2085    i.nrf24_configRegister  nrf24.o
    0x08003164   0x00000020   Code   RO         2086    i.nrf24_dataReady   nrf24.o
    0x08003184   0x00000040   Code   RO         2087    i.nrf24_getData     nrf24.o
    0x080031c4   0x00000028   Code   RO         2088    i.nrf24_getStatus   nrf24.o
    0x080031ec   0x00000028   Code   RO         2089    i.nrf24_init        nrf24.o
    0x08003214   0x00000016   Code   RO         2090    i.nrf24_isSending   nrf24.o
    0x0800322a   0x00000002   PAD
    0x0800322c   0x0000001c   Code   RO         2093    i.nrf24_powerDown   nrf24.o
    0x08003248   0x0000004c   Code   RO         2094    i.nrf24_powerUpRx   nrf24.o
    0x08003294   0x00000014   Code   RO         2095    i.nrf24_powerUpTx   nrf24.o
    0x080032a8   0x00000038   Code   RO         2096    i.nrf24_readRegister  nrf24.o
    0x080032e0   0x00000016   Code   RO         2098    i.nrf24_rxFifoEmpty  nrf24.o
    0x080032f6   0x00000002   PAD
    0x080032f8   0x0000002c   Code   RO         2099    i.nrf24_rx_address  nrf24.o
    0x08003324   0x0000006c   Code   RO         2100    i.nrf24_send        nrf24.o
    0x08003390   0x00000022   Code   RO         2101    i.nrf24_transferSync  nrf24.o
    0x080033b2   0x00000002   PAD
    0x080033b4   0x0000001c   Code   RO         2102    i.nrf24_transmitSync  nrf24.o
    0x080033d0   0x0000001a   Code   RO         2103    i.nrf24_tx_address  nrf24.o
    0x080033ea   0x00000002   PAD
    0x080033ec   0x00000038   Code   RO         2104    i.nrf24_writeRegister  nrf24.o
    0x08003424   0x000000ec   Code   RO         1717    i.onAir             main.o
    0x08003510   0x00000020   Code   RO         1718    i.readSensorResistanceValue  main.o
    0x08003530   0x00000014   Code   RO         1719    i.setPostKey        main.o
    0x08003544   0x00000020   Code   RO         2105    i.spi_transfer      nrf24.o
    0x08003564   0x00000010   Data   RO         1222    .constdata          stm32f1xx_hal_rcc.o
    0x08003574   0x00000100   Data   RO         1942    .constdata          aes_invsbox.o
    0x08003674   0x0000000a   Data   RO         1954    .constdata          aes_keyschedule.o
    0x0800367e   0x00000100   Data   RO         1990    .constdata          aes_sbox.o
    0x0800377e   0x00000002   PAD
    0x08003780   0x00000020   Data   RO         2262    Region$$Table       anon$$obj.o


    Execution Region RW_IRAM1 (Base: 0x20000000, Size: 0x00000578, Max: 0x00005000, ABSOLUTE)

    Base Addr    Size         Type   Attr      Idx    E Section Name        Object

    0x20000000   0x00000014   Data   RW            6    .data               system_stm32f1xx.o
    0x20000014   0x00000001   Data   RW          346    .data               stm32f1xx_hal_spi_ex.o
    0x20000015   0x00000003   PAD
    0x20000018   0x00000004   Data   RW          968    .data               stm32f1xx_hal.o
    0x2000001c   0x0000001f   Data   RW         1721    .data               main.o
    0x2000003b   0x00000001   PAD
    0x2000003c   0x00000005   Data   RW         2106    .data               nrf24.o
    0x20000041   0x00000003   PAD
    0x20000044   0x00000004   Data   RW         2240    .data               mc_w.l(rand.o)
    0x20000048   0x0000012c   Zero   RW         1720    .bss                main.o
    0x20000174   0x00000004   PAD
    0x20000178   0x00000400   Zero   RW         1859    STACK               startup_stm32f103xb.o


==============================================================================

Image component sizes


      Code (inc. data)   RO Data    RW Data    ZI Data      Debug   Object Name

        18          0          0          0          0        865   aes128_dec.o
        18          0          0          0          0        881   aes128_enc.o
       580         10          0          0          0       3557   aes_dec.o
       532         10          0          0          0       2954   aes_enc.o
         0          0        256          0          0        446   aes_invsbox.o
       280         10         10          0          0       2506   aes_keyschedule.o
         0          0        256          0          0        431   aes_sbox.o
        42          0          0          0          0        663   gf256mul.o
      1008         94          0         31        300       7666   main.o
       904         78          0          5          0      10910   nrf24.o
        36          8        236          0       1024        888   startup_stm32f103xb.o
       130         16          0          4          0       3582   stm32f1xx_hal.o
       282         22          0          0          0      26418   stm32f1xx_hal_cortex.o
       824         32          0          0          0       3443   stm32f1xx_hal_gpio.o
       252         34          0          0          0       1990   stm32f1xx_hal_msp.o
        92         18          0          0          0       1580   stm32f1xx_hal_pwr.o
      2760         88         16          0          0       4391   stm32f1xx_hal_rcc.o
      1780         60          0          0          0       3719   stm32f1xx_hal_rcc_ex.o
      1916         22          0          0          0      12729   stm32f1xx_hal_rtc.o
      1560          0          0          0          0       3725   stm32f1xx_hal_spi.o
       140          6          0          1          0       1330   stm32f1xx_hal_spi_ex.o
        12          0          0          0          0        450   stm32f1xx_it.o
        88         18          0         20          0     226721   system_stm32f1xx.o

    ----------------------------------------------------------------------
     13274        526        808         68       1328     321845   Object Totals
         0          0         32          0          0          0   (incl. Generated)
        20          0          2          7          4          0   (incl. Padding)

    ----------------------------------------------------------------------

      Code (inc. data)   RO Data    RW Data    ZI Data      Debug   Library Member Name

         0          0          0          0          0          0   entry.o
         0          0          0          0          0          0   entry10a.o
         0          0          0          0          0          0   entry11a.o
         8          4          0          0          0          0   entry2.o
         4          0          0          0          0          0   entry5.o
         0          0          0          0          0          0   entry7b.o
         0          0          0          0          0          0   entry8b.o
         8          4          0          0          0          0   entry9a.o
        30          0          0          0          0          0   handlers.o
        36          8          0          0          0         68   init.o
        36          0          0          0          0         68   memcpya.o
        36         10          0          4          0        136   rand.o

    ----------------------------------------------------------------------
       158         26          0          4          0        272   Library Totals
         0          0          0          0          0          0   (incl. Padding)

    ----------------------------------------------------------------------

      Code (inc. data)   RO Data    RW Data    ZI Data      Debug   Library Name

       158         26          0          4          0        272   mc_w.l

    ----------------------------------------------------------------------
       158         26          0          4          0        272   Library Totals

    ----------------------------------------------------------------------

==============================================================================


      Code (inc. data)   RO Data    RW Data    ZI Data      Debug   

     13432        552        808         72       1328     317589   Grand Totals
     13432        552        808         72       1328     317589   ELF Image Totals
     13432        552        808         72          0          0   ROM Totals

==============================================================================

    Total RO  Size (Code + RO Data)                14240 (  13.91kB)
    Total RW  Size (RW Data + ZI Data)              1400 (   1.37kB)
    Total ROM Size (Code + RO Data + RW Data)      14312 (  13.98kB)

==============================================================================

