<html>
<body>
<pre>
<h1>µVision Build Log</h1>
<h2>Tool Versions:</h2>
IDE-Version: µVision V5.14.0.0
Copyright (C) 2015 ARM Ltd and ARM Germany GmbH. All rights reserved.
License Information: Andrey na, na, LIC=TA3CX-HTYNW-D3GM3-AUAF4-CLL28-69CFJ
 
Tool Versions:
Toolchain:       MDK-ARM Professional  Version: 5.14.0.0
Toolchain Path:  C:\Keil_v5\ARM\ARMCC\Bin
C Compiler:      Armcc.exe V5.05 update 1 (build 106)
Assembler:       Armasm.exe V5.05 update 1 (build 106)
Linker/Locator:  ArmLink.exe V5.05 update 1 (build 106)
Library Manager: ArmAr.exe V5.05 update 1 (build 106)
Hex Converter:   FromElf.exe V5.05 update 1 (build 106)
CPU DLL:         SARMCM3.DLL V5.14.0.0
Dialog DLL:      DCM.DLL V1.13.1.0
Target DLL:      Segger\JL2CM3.dll V2.99.13.0
Dialog DLL:      TCM.DLL V1.14.4.0
 
<h2>Project:</h2>
D:\MyDocs\GitHub\water-control-system\radio-probe\MDK-ARM\radio-probe.uvprojx
Project File Date:  09/23/2015

<h2>Output:</h2>
Build Project 'radio-probe' - Target 'radio-probe Configuration'
compiling system_stm32f1xx.c...
compiling stm32f1xx_hal_gpio_ex.c...
compiling stm32f1xx_hal_pwr.c...
compiling stm32f1xx_hal_gpio.c...
compiling stm32f1xx_hal_spi_ex.c...
compiling stm32f1xx_hal_flash_ex.c...
compiling stm32f1xx_hal_spi.c...
compiling stm32f1xx_hal_flash.c...
compiling stm32f1xx_hal_cortex.c...
compiling stm32f1xx_hal.c...
compiling stm32f1xx_hal_dma.c...
compiling stm32f1xx_hal_rcc_ex.c...
compiling stm32f1xx_hal_rcc.c...
compiling stm32f1xx_hal_rtc.c...
compiling stm32f1xx_hal_rtc_ex.c...
compiling stm32f1xx_hal_adc.c...
compiling stm32f1xx_hal_adc_ex.c...
compiling stm32f1xx_hal_msp.c...
compiling main.c...
D:\MyDocs\GitHub\water-control-system\radio-probe\Src\main.c(330): warning:  #111-D: statement is unreachable
    HAL_Init();
..\Src\main.c: 1 warning, 0 errors
compiling stm32f1xx_it.c...
assembling startup_stm32f103xb.s...
compiling aes_dec.c...
compiling aes_enc.c...
compiling aes_invsbox.c...
compiling aes_keyschedule.c...
compiling aes_sbox.c...
compiling aes128_dec.c...
compiling aes128_enc.c...
compiling aes192_dec.c...
compiling aes192_enc.c...
compiling aes256_dec.c...
compiling aes256_enc.c...
compiling gf256mul.c...
compiling nrf24.c...
linking...
Program Size: Code=11864 RO-data=552 RW-data=92 ZI-data=1324  
"radio-probe Configuration\radio-probe Configuration.axf" - 0 Error(s), 1 Warning(s).

<h2>Collection of Component include folders:</h2>
  D:\MyDocs\GitHub\water-control-system\radio-probe\MDK-ARM\RTE
  C:\Keil_v5\ARM\PACK\Keil\STM32F1xx_DFP\1.1.0\Device\Include

<h2>Collection of Component Files used:</h2>
</pre>
</body>
</html>
